Component: ARM Compiler 5.06 update 4 (build 422) Tool: armlink [4d35d2]

==============================================================================

Section Cross References

    main.o(i.main) refers to app_timer.o(i.app_timer_init) for app_timer_init
    main.o(i.main) refers to app_error.o(i.app_error_handler_bare) for app_error_handler_bare
    main.o(i.main) refers to flutterblebsp.o(i.UARTInit) for UARTInit
    main.o(i.main) refers to flutterblebsp.o(i.initializeIO) for initializeIO
    main.o(i.main) refers to flutterbleinit.o(i.BLEInit) for BLEInit
    main.o(i.main) refers to ble_advertising.o(i.ble_advertising_start) for ble_advertising_start
    main.o(i.main) refers to flutterblecontrol.o(i.BLEControlLoop) for BLEControlLoop
    main.o(i.main) refers to main.o(i.nrf_delay_us) for nrf_delay_us
    main.o(i.main) refers to main.o(.bss) for .bss
    main.o(i.nrf_delay_us) refers to system_nrf52.o(.data) for SystemCoreClock
    flutterblecallbacks.o(i.assert_nrf_callback) refers to app_error.o(i.app_error_handler) for app_error_handler
    flutterblecallbacks.o(i.conn_params_error_handler) refers to app_error.o(i.app_error_handler_bare) for app_error_handler_bare
    flutterblecallbacks.o(i.nus_data_handler) refers to main.o(.bss) for BLEReceiveBuffer
    flutterblecallbacks.o(i.nus_data_handler) refers to main.o(.data) for headPointerReceiveBuffer
    flutterblecallbacks.o(i.on_ble_evt) refers to app_error.o(i.app_error_handler_bare) for app_error_handler_bare
    flutterblecallbacks.o(i.on_ble_evt) refers to memcpya.o(.text) for __aeabi_memcpy
    flutterblecallbacks.o(i.on_ble_evt) refers to flutterblecallbacks.o(.data) for .data
    flutterblecallbacks.o(i.on_conn_params_evt) refers to app_error.o(i.app_error_handler_bare) for app_error_handler_bare
    flutterblecallbacks.o(i.on_conn_params_evt) refers to flutterblecallbacks.o(.data) for .data
    flutterbleinit.o(i.BLEInit) refers to flutterbleinit.o(i.ble_stack_init) for ble_stack_init
    flutterbleinit.o(i.BLEInit) refers to flutterbleinit.o(i.gap_params_init) for gap_params_init
    flutterbleinit.o(i.BLEInit) refers to flutterbleinit.o(i.services_init) for services_init
    flutterbleinit.o(i.BLEInit) refers to flutterbleinit.o(i.advertising_init) for advertising_init
    flutterbleinit.o(i.BLEInit) refers to flutterbleinit.o(i.conn_params_init) for conn_params_init
    flutterbleinit.o(i.advertising_init) refers to memseta.o(.text) for __aeabi_memclr4
    flutterbleinit.o(i.advertising_init) refers to ble_advertising.o(i.ble_advertising_init) for ble_advertising_init
    flutterbleinit.o(i.advertising_init) refers to app_error.o(i.app_error_handler_bare) for app_error_handler_bare
    flutterbleinit.o(i.advertising_init) refers to flutterbleinit.o(.data) for .data
    flutterbleinit.o(i.advertising_init) refers to flutterblecallbacks.o(i.on_adv_evt) for on_adv_evt
    flutterbleinit.o(i.ble_evt_dispatch) refers to ble_conn_params.o(i.ble_conn_params_on_ble_evt) for ble_conn_params_on_ble_evt
    flutterbleinit.o(i.ble_evt_dispatch) refers to ble_nus.o(i.ble_nus_on_ble_evt) for ble_nus_on_ble_evt
    flutterbleinit.o(i.ble_evt_dispatch) refers to flutterblecallbacks.o(i.on_ble_evt) for on_ble_evt
    flutterbleinit.o(i.ble_evt_dispatch) refers to ble_advertising.o(i.ble_advertising_on_ble_evt) for ble_advertising_on_ble_evt
    flutterbleinit.o(i.ble_evt_dispatch) refers to main.o(.bss) for m_nus
    flutterbleinit.o(i.ble_stack_init) refers to softdevice_handler.o(i.softdevice_handler_init) for softdevice_handler_init
    flutterbleinit.o(i.ble_stack_init) refers to app_error.o(i.app_error_handler_bare) for app_error_handler_bare
    flutterbleinit.o(i.ble_stack_init) refers to softdevice_handler.o(i.softdevice_enable_get_default_config) for softdevice_enable_get_default_config
    flutterbleinit.o(i.ble_stack_init) refers to softdevice_handler.o(i.softdevice_enable) for softdevice_enable
    flutterbleinit.o(i.ble_stack_init) refers to softdevice_handler.o(i.softdevice_ble_evt_handler_set) for softdevice_ble_evt_handler_set
    flutterbleinit.o(i.ble_stack_init) refers to flutterbleinit.o(.constdata) for .constdata
    flutterbleinit.o(i.ble_stack_init) refers to flutterbleinit.o(.bss) for .bss
    flutterbleinit.o(i.ble_stack_init) refers to flutterbleinit.o(i.ble_evt_dispatch) for ble_evt_dispatch
    flutterbleinit.o(i.conn_params_init) refers to memseta.o(.text) for __aeabi_memclr4
    flutterbleinit.o(i.conn_params_init) refers to ble_conn_params.o(i.ble_conn_params_init) for ble_conn_params_init
    flutterbleinit.o(i.conn_params_init) refers to app_error.o(i.app_error_handler_bare) for app_error_handler_bare
    flutterbleinit.o(i.conn_params_init) refers to flutterblecallbacks.o(i.on_conn_params_evt) for on_conn_params_evt
    flutterbleinit.o(i.conn_params_init) refers to flutterblecallbacks.o(i.conn_params_error_handler) for conn_params_error_handler
[...]
    Removing app_util_platform.o(.rev16_text), (4 bytes).
    Removing app_util_platform.o(.revsh_text), (4 bytes).
    Removing app_util_platform.o(.rrx_text), (6 bytes).
    Removing app_util_platform.o(i.app_util_disable_irq), (16 bytes).
    Removing app_util_platform.o(i.app_util_enable_irq), (20 bytes).
    Removing app_util_platform.o(.data), (4 bytes).
    Removing fstorage.o(.rev16_text), (4 bytes).
    Removing fstorage.o(.revsh_text), (4 bytes).
    Removing fstorage.o(.rrx_text), (6 bytes).
    Removing fstorage.o(i.check_config), (32 bytes).
    Removing fstorage.o(i.fs_erase), (116 bytes).
    Removing fstorage.o(i.fs_fake_init), (20 bytes).
    Removing fstorage.o(i.fs_init), (176 bytes).
    Removing fstorage.o(i.fs_queue_is_empty), (20 bytes).
    Removing fstorage.o(i.fs_queue_is_full), (20 bytes).
    Removing fstorage.o(i.fs_store), (128 bytes).
    Removing fstorage.o(i.fs_sys_event_handler), (104 bytes).
    Removing fstorage.o(i.on_operation_success), (84 bytes).
    Removing fstorage.o(i.queue_advance), (44 bytes).
    Removing fstorage.o(i.queue_get_next_free), (56 bytes).
    Removing fstorage.o(i.queue_process), (112 bytes).
    Removing fstorage.o(i.queue_start), (28 bytes).
    Removing fstorage.o(i.send_event), (76 bytes).
    Removing fstorage.o(.data), (2 bytes).
    Removing hardfault_implementation.o(.rev16_text), (4 bytes).
    Removing hardfault_implementation.o(.revsh_text), (4 bytes).
    Removing hardfault_implementation.o(.rrx_text), (6 bytes).
    Removing nrf_assert.o(.rev16_text), (4 bytes).
    Removing nrf_assert.o(.revsh_text), (4 bytes).
    Removing nrf_assert.o(.rrx_text), (6 bytes).
    Removing nrf_assert.o(i.assert_nrf_callback), (22 bytes).
    Removing retarget.o(.rev16_text), (4 bytes).
    Removing retarget.o(.revsh_text), (4 bytes).
    Removing retarget.o(.rrx_text), (6 bytes).
    Removing retarget.o(i.fgetc), (18 bytes).
    Removing retarget.o(i.fputc), (14 bytes).
    Removing retarget.o(.data), (4 bytes).
    Removing retarget.o(.data), (4 bytes).
    Removing nrf_log_backend_serial.o(.rev16_text), (4 bytes).
    Removing nrf_log_backend_serial.o(.revsh_text), (4 bytes).
    Removing nrf_log_backend_serial.o(.rrx_text), (6 bytes).
    Removing nrf_log_frontend.o(.rev16_text), (4 bytes).
    Removing nrf_log_frontend.o(.revsh_text), (4 bytes).
    Removing nrf_log_frontend.o(.rrx_text), (6 bytes).
    Removing segger_rtt.o(.rev16_text), (4 bytes).
    Removing segger_rtt.o(.revsh_text), (4 bytes).
    Removing segger_rtt.o(.rrx_text), (6 bytes).
    Removing segger_rtt.o(i.SEGGER_RTT_ConfigDownBuffer), (100 bytes).
    Removing segger_rtt.o(i.SEGGER_RTT_ConfigUpBuffer), (100 bytes).
    Removing segger_rtt.o(i.SEGGER_RTT_GetKey), (28 bytes).
    Removing segger_rtt.o(i.SEGGER_RTT_HasData), (24 bytes).
    Removing segger_rtt.o(i.SEGGER_RTT_HasKey), (32 bytes).
    Removing segger_rtt.o(i.SEGGER_RTT_Init), (20 bytes).
    Removing segger_rtt.o(i.SEGGER_RTT_Read), (46 bytes).
    Removing segger_rtt.o(i.SEGGER_RTT_ReadNoLock), (124 bytes).
    Removing segger_rtt.o(i.SEGGER_RTT_SetNameDownBuffer), (68 bytes).
    Removing segger_rtt.o(i.SEGGER_RTT_SetNameUpBuffer), (68 bytes).
    Removing segger_rtt.o(i.SEGGER_RTT_SetTerminal), (140 bytes).
    Removing segger_rtt.o(i.SEGGER_RTT_TerminalOut), (180 bytes).
    Removing segger_rtt.o(i.SEGGER_RTT_WaitKey), (14 bytes).
    Removing segger_rtt.o(i.SEGGER_RTT_Write), (60 bytes).
    Removing segger_rtt.o(i.SEGGER_RTT_WriteNoLock), (92 bytes).
    Removing segger_rtt.o(i.SEGGER_RTT_WriteSkipNoLock), (116 bytes).
    Removing segger_rtt.o(i.SEGGER_RTT_WriteString), (26 bytes).
    Removing segger_rtt.o(i._DoInit), (104 bytes).
    Removing segger_rtt.o(i._GetAvailWriteSpace), (22 bytes).
    Removing segger_rtt.o(i._PostTerminalSwitch), (32 bytes).
    Removing segger_rtt.o(i._WriteBlocking), (90 bytes).
    Removing segger_rtt.o(i._WriteNoCheck), (62 bytes).
    Removing segger_rtt.o(.bss), (200 bytes).
    Removing segger_rtt.o(.data), (17 bytes).
    Removing softdevice_handler.o(.rev16_text), (4 bytes).
    Removing softdevice_handler.o(.revsh_text), (4 bytes).
    Removing softdevice_handler.o(.rrx_text), (6 bytes).
    Removing softdevice_handler.o(i.sd_check_ram_start), (16 bytes).
    Removing softdevice_handler.o(i.softdevice_handler_is_suspended), (12 bytes).
    Removing softdevice_handler.o(i.softdevice_handler_resume), (68 bytes).
    Removing softdevice_handler.o(i.softdevice_handler_sd_disable), (24 bytes).
    Removing softdevice_handler.o(i.softdevice_handler_suspend), (60 bytes).
    Removing softdevice_handler.o(i.softdevice_sys_evt_handler_set), (20 bytes).
    Removing arm_startup_nrf52.o(HEAP), (8192 bytes).
    Removing system_nrf52.o(.rev16_text), (4 bytes).
    Removing system_nrf52.o(.revsh_text), (4 bytes).
    Removing system_nrf52.o(.rrx_text), (6 bytes).
    Removing system_nrf52.o(i.SystemCoreClockUpdate), (16 bytes).

255 unused section(s) (total 16504 bytes) removed from the image.

==============================================================================

Image Symbol Table

    Local Symbols

    Symbol Name                              Value     Ov Type        Size  Object(Section)

    ../clib/microlib/init/entry.s            0x00000000   Number         0  entry5.o ABSOLUTE
    ../clib/microlib/init/entry.s            0x00000000   Number         0  entry9a.o ABSOLUTE
    ../clib/microlib/init/entry.s            0x00000000   Number         0  entry8b.o ABSOLUTE
    ../clib/microlib/init/entry.s            0x00000000   Number         0  entry8a.o ABSOLUTE
    ../clib/microlib/init/entry.s            0x00000000   Number         0  entry7b.o ABSOLUTE
    ../clib/microlib/init/entry.s            0x00000000   Number         0  entry7a.o ABSOLUTE
    ../clib/microlib/init/entry.s            0x00000000   Number         0  entry11b.o ABSOLUTE
    ../clib/microlib/init/entry.s            0x00000000   Number         0  entry11a.o ABSOLUTE
    ../clib/microlib/init/entry.s            0x00000000   Number         0  entry10b.o ABSOLUTE
    ../clib/microlib/init/entry.s            0x00000000   Number         0  entry10a.o ABSOLUTE
    ../clib/microlib/init/entry.s            0x00000000   Number         0  entry9b.o ABSOLUTE
    ../clib/microlib/init/entry.s            0x00000000   Number         0  entry2.o ABSOLUTE
    ../clib/microlib/init/entry.s            0x00000000   Number         0  entry.o ABSOLUTE
    ../clib/microlib/string/memcpy.c         0x00000000   Number         0  memcpyb.o ABSOLUTE
    ../clib/microlib/string/memcpy.c         0x00000000   Number         0  memcpya.o ABSOLUTE
    ../clib/microlib/string/memset.c         0x00000000   Number         0  memseta.o ABSOLUTE
    ../clib/microlib/string/strcpy.c         0x00000000   Number         0  strcpy.o ABSOLUTE
    ../clib/microlib/string/strlen.c         0x00000000   Number         0  strlen.o ABSOLUTE
    ..\\components\\ble\\ble_advertising\\ble_advertising.c 0x00000000   Number         0  ble_advertising.o ABSOLUTE
    ..\\components\\ble\\ble_services\\ble_nus\\ble_nus.c 0x00000000   Number         0  ble_nus.o ABSOLUTE
    ..\\components\\ble\\common\\ble_advdata.c 0x00000000   Number         0  ble_advdata.o ABSOLUTE
    ..\\components\\ble\\common\\ble_conn_params.c 0x00000000   Number         0  ble_conn_params.o ABSOLUTE
    ..\\components\\ble\\common\\ble_srv_common.c 0x00000000   Number         0  ble_srv_common.o ABSOLUTE
    ..\\components\\drivers_nrf\\clock\\nrf_drv_clock.c 0x00000000   Number         0  nrf_drv_clock.o ABSOLUTE
    ..\\components\\drivers_nrf\\common\\nrf_drv_common.c 0x00000000   Number         0  nrf_drv_common.o ABSOLUTE
    ..\\components\\drivers_nrf\\gpiote\\nrf_drv_gpiote.c 0x00000000   Number         0  nrf_drv_gpiote.o ABSOLUTE
    ..\\components\\drivers_nrf\\uart\\nrf_drv_uart.c 0x00000000   Number         0  nrf_drv_uart.o ABSOLUTE
    ..\\components\\libraries\\button\\app_button.c 0x00000000   Number         0  app_button.o ABSOLUTE
    ..\\components\\libraries\\fifo\\app_fifo.c 0x00000000   Number         0  app_fifo.o ABSOLUTE
    ..\\components\\libraries\\fstorage\\fstorage.c 0x00000000   Number         0  fstorage.o ABSOLUTE
    ..\\components\\libraries\\hardfault\\hardfault_implementation.c 0x00000000   Number         0  hardfault_implementation.o ABSOLUTE
    ..\\components\\libraries\\log\\src\\nrf_log_backend_serial.c 0x00000000   Number         0  nrf_log_backend_serial.o ABSOLUTE
    ..\\components\\libraries\\log\\src\\nrf_log_frontend.c 0x00000000   Number         0  nrf_log_frontend.o ABSOLUTE
    ..\\components\\libraries\\timer\\app_timer.c 0x00000000   Number         0  app_timer.o ABSOLUTE
    ..\\components\\libraries\\uart\\app_uart_fifo.c 0x00000000   Number         0  app_uart_fifo.o ABSOLUTE
    ..\\components\\libraries\\uart\\retarget.c 0x00000000   Number         0  retarget.o ABSOLUTE
    ..\\components\\libraries\\util\\app_error.c 0x00000000   Number         0  app_error.o ABSOLUTE
    ..\\components\\libraries\\util\\app_error_weak.c 0x00000000   Number         0  app_error_weak.o ABSOLUTE
    ..\\components\\libraries\\util\\app_util_platform.c 0x00000000   Number         0  app_util_platform.o ABSOLUTE
    ..\\components\\libraries\\util\\nrf_assert.c 0x00000000   Number         0  nrf_assert.o ABSOLUTE
    ..\\components\\softdevice\\common\\softdevice_handler\\softdevice_handler.c 0x00000000   Number         0  softdevice_handler.o ABSOLUTE
    ..\\external\\segger_rtt\\SEGGER_RTT.c   0x00000000   Number         0  segger_rtt.o ABSOLUTE
    ..\components\ble\ble_advertising\ble_advertising.c 0x00000000   Number         0  ble_advertising.o ABSOLUTE
    ..\components\ble\ble_services\ble_nus\ble_nus.c 0x00000000   Number         0  ble_nus.o ABSOLUTE
    ..\components\ble\common\ble_advdata.c   0x00000000   Number         0  ble_advdata.o ABSOLUTE
    ..\components\ble\common\ble_conn_params.c 0x00000000   Number         0  ble_conn_params.o ABSOLUTE
    ..\components\ble\common\ble_srv_common.c 0x00000000   Number         0  ble_srv_common.o ABSOLUTE
    ..\components\drivers_nrf\clock\nrf_drv_clock.c 0x00000000   Number         0  nrf_drv_clock.o ABSOLUTE
    ..\components\drivers_nrf\common\nrf_drv_common.c 0x00000000   Number         0  nrf_drv_common.o ABSOLUTE
    ..\components\drivers_nrf\gpiote\nrf_drv_gpiote.c 0x00000000   Number         0  nrf_drv_gpiote.o ABSOLUTE
    ..\components\drivers_nrf\uart\nrf_drv_uart.c 0x00000000   Number         0  nrf_drv_uart.o ABSOLUTE
    ..\components\libraries\button\app_button.c 0x00000000   Number         0  app_button.o ABSOLUTE
    ..\components\libraries\fifo\app_fifo.c  0x00000000   Number         0  app_fifo.o ABSOLUTE
    ..\components\libraries\fstorage\fstorage.c 0x00000000   Number         0  fstorage.o ABSOLUTE
    ..\components\libraries\hardfault\hardfault_implementation.c 0x00000000   Number         0  hardfault_implementation.o ABSOLUTE
    ..\components\libraries\log\src\nrf_log_backend_serial.c 0x00000000   Number         0  nrf_log_backend_serial.o ABSOLUTE
    ..\components\libraries\log\src\nrf_log_frontend.c 0x00000000   Number         0  nrf_log_frontend.o ABSOLUTE
    ..\components\libraries\timer\app_timer.c 0x00000000   Number         0  app_timer.o ABSOLUTE
    ..\components\libraries\uart\app_uart_fifo.c 0x00000000   Number         0  app_uart_fifo.o ABSOLUTE
    ..\components\libraries\uart\retarget.c  0x00000000   Number         0  retarget.o ABSOLUTE
    ..\components\libraries\util\app_error.c 0x00000000   Number         0  app_error.o ABSOLUTE
    ..\components\libraries\util\app_error_weak.c 0x00000000   Number         0  app_error_weak.o ABSOLUTE
    ..\components\libraries\util\app_util_platform.c 0x00000000   Number         0  app_util_platform.o ABSOLUTE
    ..\components\libraries\util\nrf_assert.c 0x00000000   Number         0  nrf_assert.o ABSOLUTE
    ..\components\libraries\util\sdk_errors.c 0x00000000   Number         0  sdk_errors.o ABSOLUTE
    ..\components\softdevice\common\softdevice_handler\softdevice_handler.c 0x00000000   Number         0  softdevice_handler.o ABSOLUTE
    ..\external\segger_rtt\RTT_Syscalls_KEIL.c 0x00000000   Number         0  rtt_syscalls_keil.o ABSOLUTE
    ..\external\segger_rtt\SEGGER_RTT.c      0x00000000   Number         0  segger_rtt.o ABSOLUTE
    ..\external\segger_rtt\SEGGER_RTT_printf.c 0x00000000   Number         0  segger_rtt_printf.o ABSOLUTE
    FlutterBLEControl.c                      0x00000000   Number         0  flutterblecontrol.o ABSOLUTE
    FlutterBLEControl.c                      0x00000000   Number         0  flutterblecontrol.o ABSOLUTE
    FlutterUART.c                            0x00000000   Number         0  flutteruart.o ABSOLUTE
    FlutterUART.c                            0x00000000   Number         0  flutteruart.o ABSOLUTE
    RTE\Device\nRF52832_xxAA\arm_startup_nrf52.s 0x00000000   Number         0  arm_startup_nrf52.o ABSOLUTE
    RTE\Device\nRF52832_xxAA\system_nrf52.c  0x00000000   Number         0  system_nrf52.o ABSOLUTE
    RTE\\Device\\nRF52832_xxAA\\system_nrf52.c 0x00000000   Number         0  system_nrf52.o ABSOLUTE
    Source\FlutterBLEBSP.c                   0x00000000   Number         0  flutterblebsp.o ABSOLUTE
    Source\FlutterBLECallbacks.c             0x00000000   Number         0  flutterblecallbacks.o ABSOLUTE
    Source\FlutterBLEInit.c                  0x00000000   Number         0  flutterbleinit.o ABSOLUTE
    Source\FlutterCallbacks.c                0x00000000   Number         0  fluttercallbacks.o ABSOLUTE
    Source\FlutterName.c                     0x00000000   Number         0  fluttername.o ABSOLUTE
    Source\\FlutterBLEBSP.c                  0x00000000   Number         0  flutterblebsp.o ABSOLUTE
    Source\\FlutterBLECallbacks.c            0x00000000   Number         0  flutterblecallbacks.o ABSOLUTE
    Source\\FlutterBLEInit.c                 0x00000000   Number         0  flutterbleinit.o ABSOLUTE
    Source\\FlutterCallbacks.c               0x00000000   Number         0  fluttercallbacks.o ABSOLUTE
    Source\\main.c                           0x00000000   Number         0  main.o ABSOLUTE
    Source\main.c                            0x00000000   Number         0  main.o ABSOLUTE
    dc.s                                     0x00000000   Number         0  dc.o ABSOLUTE
    handlers.s                               0x00000000   Number         0  handlers.o ABSOLUTE
    init.s                                   0x00000000   Number         0  init.o ABSOLUTE
    RESET                                    0x0001f000   Section      512  arm_startup_nrf52.o(RESET)
    .ARM.Collect$$$$00000000                 0x0001f200   Section        0  entry.o(.ARM.Collect$$$$00000000)
    .ARM.Collect$$$$00000001                 0x0001f200   Section        4  entry2.o(.ARM.Collect$$$$00000001)
    .ARM.Collect$$$$00000004                 0x0001f204   Section        4  entry5.o(.ARM.Collect$$$$00000004)
    .ARM.Collect$$$$00000008                 0x0001f208   Section        0  entry7b.o(.ARM.Collect$$$$00000008)
    .ARM.Collect$$$$0000000A                 0x0001f208   Section        0  entry8b.o(.ARM.Collect$$$$0000000A)
    .ARM.Collect$$$$0000000B                 0x0001f208   Section        8  entry9a.o(.ARM.Collect$$$$0000000B)
    .ARM.Collect$$$$0000000D                 0x0001f210   Section        0  entry10a.o(.ARM.Collect$$$$0000000D)
    .ARM.Collect$$$$0000000F                 0x0001f210   Section        0  entry11a.o(.ARM.Collect$$$$0000000F)
    .ARM.Collect$$$$00002712                 0x0001f210   Section        4  entry2.o(.ARM.Collect$$$$00002712)
    __lit__00000000                          0x0001f210   Data           4  entry2.o(.ARM.Collect$$$$00002712)
    .text                                    0x0001f214   Section       36  arm_startup_nrf52.o(.text)
    $v0                                      0x0001f214   Number         0  arm_startup_nrf52.o(.text)
    .text                                    0x0001f238   Section        0  memcpya.o(.text)
    .text                                    0x0001f25c   Section        0  memseta.o(.text)
    .text                                    0x0001f280   Section       36  init.o(.text)
    i.BLEControlLoop                         0x0001f2a4   Section        0  flutterblecontrol.o(i.BLEControlLoop)
    i.BLEInit                                0x0001f364   Section        0  flutterbleinit.o(i.BLEInit)
    i.GPIOTE_IRQHandler                      0x0001f380   Section        0  nrf_drv_gpiote.o(i.GPIOTE_IRQHandler)
    i.NVIC_ClearPendingIRQ                   0x0001f4f4   Section        0  app_timer.o(i.NVIC_ClearPendingIRQ)
    NVIC_ClearPendingIRQ                     0x0001f4f5   Thumb Code    22  app_timer.o(i.NVIC_ClearPendingIRQ)
    i.NVIC_DisableIRQ                        0x0001f50a   Section        0  softdevice_handler.o(i.NVIC_DisableIRQ)
    NVIC_DisableIRQ                          0x0001f50b   Thumb Code    22  softdevice_handler.o(i.NVIC_DisableIRQ)
    i.NVIC_EnableIRQ                         0x0001f520   Section        0  app_timer.o(i.NVIC_EnableIRQ)
    NVIC_EnableIRQ                           0x0001f521   Thumb Code    22  app_timer.o(i.NVIC_EnableIRQ)
    i.NVIC_EnableIRQ                         0x0001f536   Section        0  softdevice_handler.o(i.NVIC_EnableIRQ)
    NVIC_EnableIRQ                           0x0001f537   Thumb Code    22  softdevice_handler.o(i.NVIC_EnableIRQ)
    i.NVIC_SetPendingIRQ                     0x0001f54c   Section        0  app_timer.o(i.NVIC_SetPendingIRQ)
    NVIC_SetPendingIRQ                       0x0001f54d   Thumb Code    22  app_timer.o(i.NVIC_SetPendingIRQ)
    i.NVIC_SetPriority                       0x0001f562   Section        0  app_timer.o(i.NVIC_SetPriority)
    NVIC_SetPriority                         0x0001f563   Thumb Code    32  app_timer.o(i.NVIC_SetPriority)
    i.POWER_CLOCK_IRQHandler                 0x0001f584   Section        0  nrf_drv_clock.o(i.POWER_CLOCK_IRQHandler)
    i.RTC1_IRQHandler                        0x0001f5dc   Section        0  app_timer.o(i.RTC1_IRQHandler)
    i.ReceiveTimerInit                       0x0001f600   Section        0  flutteruart.o(i.ReceiveTimerInit)
    i.SWI0_EGU0_IRQHandler                   0x0001f624   Section        0  app_timer.o(i.SWI0_EGU0_IRQHandler)
    i.SWI2_EGU2_IRQHandler                   0x0001f628   Section        0  softdevice_handler.o(i.SWI2_EGU2_IRQHandler)
    i.SystemInit                             0x0001f64c   Section        0  system_nrf52.o(i.SystemInit)
    i.UARTE0_UART0_IRQHandler                0x0001f948   Section        0  nrf_drv_uart.o(i.UARTE0_UART0_IRQHandler)
    i.UARTInit                               0x0001f964   Section        0  flutterblebsp.o(i.UARTInit)
    i.UARTReceiveTimerHandler                0x0001f9c4   Section        0  flutteruart.o(i.UARTReceiveTimerHandler)
    i.__scatterload_copy                     0x0001f9d0   Section       14  handlers.o(i.__scatterload_copy)
    i.__scatterload_null                     0x0001f9de   Section        2  handlers.o(i.__scatterload_null)
    i.__scatterload_zeroinit                 0x0001f9e0   Section       14  handlers.o(i.__scatterload_zeroinit)
    i.__sd_nvic_app_accessible_irq           0x0001f9f0   Section        0  softdevice_handler.o(i.__sd_nvic_app_accessible_irq)
    __sd_nvic_app_accessible_irq             0x0001f9f1   Thumb Code    32  softdevice_handler.o(i.__sd_nvic_app_accessible_irq)
    i.adv_data_encode                        0x0001fa14   Section        0  ble_advdata.o(i.adv_data_encode)
    i.adv_mode_next_avail_get                0x0001fb98   Section        0  ble_advertising.o(i.adv_mode_next_avail_get)
    adv_mode_next_avail_get                  0x0001fb99   Thumb Code    80  ble_advertising.o(i.adv_mode_next_avail_get)
    i.advertising_init                       0x0001fbf0   Section        0  flutterbleinit.o(i.advertising_init)
    i.app_error_fault_handler                0x0001fc58   Section        0  app_error_weak.o(i.app_error_fault_handler)
    i.app_error_handler_bare                 0x0001fc7c   Section        0  app_error.o(i.app_error_handler_bare)
    i.app_fifo_get                           0x0001fc92   Section        0  app_fifo.o(i.app_fifo_get)
    i.app_fifo_init                          0x0001fca8   Section        0  app_fifo.o(i.app_fifo_init)
    i.app_fifo_put                           0x0001fcc8   Section        0  app_fifo.o(i.app_fifo_put)
    i.app_timer_create                       0x0001fce4   Section        0  app_timer.o(i.app_timer_create)
    i.app_timer_init                         0x0001fd08   Section        0  app_timer.o(i.app_timer_init)
    i.app_timer_start                        0x0001fd78   Section        0  app_timer.o(i.app_timer_start)
    i.app_timer_stop                         0x0001fe00   Section        0  app_timer.o(i.app_timer_stop)
    i.app_uart_get                           0x0001fe20   Section        0  app_uart_fifo.o(i.app_uart_get)
    i.app_uart_init                          0x0001fe54   Section        0  app_uart_fifo.o(i.app_uart_init)
    i.app_uart_put                           0x0001ff08   Section        0  app_uart_fifo.o(i.app_uart_put)
    i.app_util_critical_region_enter         0x0001ff44   Section        0  app_util_platform.o(i.app_util_critical_region_enter)
    i.app_util_critical_region_exit          0x0001ff8c   Section        0  app_util_platform.o(i.app_util_critical_region_exit)
    i.apply_config                           0x0001ffc0   Section        0  nrf_drv_uart.o(i.apply_config)
    apply_config                             0x0001ffc1   Thumb Code   180  nrf_drv_uart.o(i.apply_config)
    i.ble_advdata_set                        0x00020078   Section        0  ble_advdata.o(i.ble_advdata_set)
    i.ble_advertising_init                   0x000200e0   Section        0  ble_advertising.o(i.ble_advertising_init)
    i.ble_advertising_on_ble_evt             0x00020200   Section        0  ble_advertising.o(i.ble_advertising_on_ble_evt)
    i.ble_advertising_start                  0x0002025c   Section        0  ble_advertising.o(i.ble_advertising_start)
    i.ble_conn_params_init                   0x00020360   Section        0  ble_conn_params.o(i.ble_conn_params_init)
    i.ble_conn_params_on_ble_evt             0x000203b8   Section        0  ble_conn_params.o(i.ble_conn_params_on_ble_evt)
    i.ble_device_addr_encode                 0x0002043c   Section        0  ble_advdata.o(i.ble_device_addr_encode)
    ble_device_addr_encode                   0x0002043d   Thumb Code    96  ble_advdata.o(i.ble_device_addr_encode)
    i.ble_evt_dispatch                       0x0002049c   Section        0  flutterbleinit.o(i.ble_evt_dispatch)
    ble_evt_dispatch                         0x0002049d   Thumb Code    32  flutterbleinit.o(i.ble_evt_dispatch)
    i.ble_nus_init                           0x000204c0   Section        0  ble_nus.o(i.ble_nus_init)
    i.ble_nus_on_ble_evt                     0x00020524   Section        0  ble_nus.o(i.ble_nus_on_ble_evt)
    i.ble_nus_string_send                    0x00020580   Section        0  ble_nus.o(i.ble_nus_string_send)
    i.ble_srv_is_notification_enabled        0x000205ce   Section        0  ble_srv_common.o(i.ble_srv_is_notification_enabled)
    i.ble_stack_init                         0x000205d8   Section        0  flutterbleinit.o(i.ble_stack_init)
    i.channel_port_get                       0x00020634   Section        0  nrf_drv_gpiote.o(i.channel_port_get)
    channel_port_get                         0x00020635   Thumb Code    10  nrf_drv_gpiote.o(i.channel_port_get)
    i.clock_clk_started_notify               0x00020644   Section        0  nrf_drv_clock.o(i.clock_clk_started_notify)
    clock_clk_started_notify                 0x00020645   Thumb Code    34  nrf_drv_clock.o(i.clock_clk_started_notify)
    i.compare_reg_update                     0x0002066c   Section        0  app_timer.o(i.compare_reg_update)
    compare_reg_update                       0x0002066d   Thumb Code   160  app_timer.o(i.compare_reg_update)
    i.conn_int_encode                        0x00020718   Section        0  ble_advdata.o(i.conn_int_encode)
    conn_int_encode                          0x00020719   Thumb Code   136  ble_advdata.o(i.conn_int_encode)
    i.conn_params_error_handler              0x000207a0   Section        0  flutterblecallbacks.o(i.conn_params_error_handler)
    i.conn_params_init                       0x000207a4   Section        0  flutterbleinit.o(i.conn_params_init)
    i.conn_params_negotiation                0x000207f0   Section        0  ble_conn_params.o(i.conn_params_negotiation)
    conn_params_negotiation                  0x000207f1   Thumb Code    78  ble_conn_params.o(i.conn_params_negotiation)
    i.convert_ascii                          0x0002084c   Section        0  fluttername.o(i.convert_ascii)
    convert_ascii                            0x0002084d   Thumb Code    14  fluttername.o(i.convert_ascii)
    i.elapsed_ticks_acquire                  0x0002085c   Section        0  app_timer.o(i.elapsed_ticks_acquire)
    elapsed_ticks_acquire                    0x0002085d   Thumb Code    58  app_timer.o(i.elapsed_ticks_acquire)
    i.fifo_get                               0x0002089c   Section        0  app_fifo.o(i.fifo_get)
    fifo_get                                 0x0002089d   Thumb Code    20  app_fifo.o(i.fifo_get)
    i.fifo_put                               0x000208b0   Section        0  app_fifo.o(i.fifo_put)
    fifo_put                                 0x000208b1   Thumb Code    18  app_fifo.o(i.fifo_put)
    i.fs_queued_op_count_get                 0x000208c4   Section        0  fstorage.o(i.fs_queued_op_count_get)
    i.gap_params_init                        0x000208d8   Section        0  flutterbleinit.o(i.gap_params_init)
    i.getDeviceName                          0x0002092c   Section        0  fluttername.o(i.getDeviceName)
    i.initializeIO                           0x00020998   Section        0  flutterblebsp.o(i.initializeIO)
    i.intern_softdevice_events_execute       0x000209bc   Section        0  softdevice_handler.o(i.intern_softdevice_events_execute)
    i.interrupts_enable                      0x00020a34   Section        0  nrf_drv_uart.o(i.interrupts_enable)
    interrupts_enable                        0x00020a35   Thumb Code   106  nrf_drv_uart.o(i.interrupts_enable)
    i.is_conn_params_ok                      0x00020aac   Section        0  ble_conn_params.o(i.is_conn_params_ok)
    is_conn_params_ok                        0x00020aad   Thumb Code    24  ble_conn_params.o(i.is_conn_params_ok)
    i.list_deletions_handler                 0x00020ac8   Section        0  app_timer.o(i.list_deletions_handler)
    list_deletions_handler                   0x00020ac9   Thumb Code   158  app_timer.o(i.list_deletions_handler)
    i.list_insertions_handler                0x00020b70   Section        0  app_timer.o(i.list_insertions_handler)
    list_insertions_handler                  0x00020b71   Thumb Code   174  app_timer.o(i.list_insertions_handler)
    i.main                                   0x00020c28   Section        0  main.o(i.main)
    i.manuf_specific_data_encode             0x00020c68   Section        0  ble_advdata.o(i.manuf_specific_data_encode)
    manuf_specific_data_encode               0x00020c69   Thumb Code   100  ble_advdata.o(i.manuf_specific_data_encode)
    i.name_encode                            0x00020ccc   Section        0  ble_advdata.o(i.name_encode)
    name_encode                              0x00020ccd   Thumb Code   156  ble_advdata.o(i.name_encode)
    i.nrf_bitmask_bit_is_set                 0x00020d68   Section        0  nrf_drv_gpiote.o(i.nrf_bitmask_bit_is_set)
    nrf_bitmask_bit_is_set                   0x00020d69   Thumb Code    16  nrf_drv_gpiote.o(i.nrf_bitmask_bit_is_set)
    i.nrf_clock_event_check                  0x00020d78   Section        0  nrf_drv_clock.o(i.nrf_clock_event_check)
    nrf_clock_event_check                    0x00020d79   Thumb Code    14  nrf_drv_clock.o(i.nrf_clock_event_check)
    i.nrf_clock_event_clear                  0x00020d86   Section        0  nrf_drv_clock.o(i.nrf_clock_event_clear)
    nrf_clock_event_clear                    0x00020d87   Thumb Code    16  nrf_drv_clock.o(i.nrf_clock_event_clear)
    i.nrf_delay_us                           0x00020d98   Section        0  main.o(i.nrf_delay_us)
    nrf_delay_us                             0x00020d99   Thumb Code   132  main.o(i.nrf_delay_us)
    i.nrf_delay_us                           0x00020e24   Section        0  flutterblebsp.o(i.nrf_delay_us)
    nrf_delay_us                             0x00020e25   Thumb Code   132  flutterblebsp.o(i.nrf_delay_us)
    i.nrf_delay_us                           0x00020eb0   Section        0  app_timer.o(i.nrf_delay_us)
    nrf_delay_us                             0x00020eb1   Thumb Code   132  app_timer.o(i.nrf_delay_us)
    i.nrf_drv_clock_init                     0x00020f3c   Section        0  nrf_drv_clock.o(i.nrf_drv_clock_init)
    i.nrf_drv_clock_on_sd_enable             0x00020f84   Section        0  nrf_drv_clock.o(i.nrf_drv_clock_on_sd_enable)
    i.nrf_drv_clock_on_soc_event             0x00020fb4   Section        0  nrf_drv_clock.o(i.nrf_drv_clock_on_soc_event)
    i.nrf_drv_common_irq_enable              0x00020fbe   Section        0  nrf_drv_common.o(i.nrf_drv_common_irq_enable)
    i.nrf_drv_get_IRQn                       0x00020ff6   Section        0  nrf_drv_uart.o(i.nrf_drv_get_IRQn)
    nrf_drv_get_IRQn                         0x00020ff7   Thumb Code     6  nrf_drv_uart.o(i.nrf_drv_get_IRQn)
    i.nrf_drv_is_in_RAM                      0x00020ffc   Section        0  nrf_drv_uart.o(i.nrf_drv_is_in_RAM)
    nrf_drv_is_in_RAM                        0x00020ffd   Thumb Code    16  nrf_drv_uart.o(i.nrf_drv_is_in_RAM)
    i.nrf_drv_uart_init                      0x0002100c   Section        0  nrf_drv_uart.o(i.nrf_drv_uart_init)
    i.nrf_drv_uart_rx                        0x00021074   Section        0  nrf_drv_uart.o(i.nrf_drv_uart_rx)
    i.nrf_drv_uart_rx_enable                 0x00021124   Section        0  nrf_drv_uart.o(i.nrf_drv_uart_rx_enable)
    i.nrf_drv_uart_rx_for_uart               0x00021154   Section        0  nrf_drv_uart.o(i.nrf_drv_uart_rx_for_uart)
    nrf_drv_uart_rx_for_uart                 0x00021155   Thumb Code   162  nrf_drv_uart.o(i.nrf_drv_uart_rx_for_uart)
    i.nrf_drv_uart_rx_for_uarte              0x000211fc   Section        0  nrf_drv_uart.o(i.nrf_drv_uart_rx_for_uarte)
    nrf_drv_uart_rx_for_uarte                0x000211fd   Thumb Code   172  nrf_drv_uart.o(i.nrf_drv_uart_rx_for_uarte)
    i.nrf_drv_uart_tx                        0x000212ac   Section        0  nrf_drv_uart.o(i.nrf_drv_uart_tx)
    i.nrf_drv_uart_tx_in_progress            0x000213b8   Section        0  nrf_drv_uart.o(i.nrf_drv_uart_tx_in_progress)
    i.nrf_gpio_cfg                           0x000213d0   Section        0  flutterblebsp.o(i.nrf_gpio_cfg)
    nrf_gpio_cfg                             0x000213d1   Thumb Code    36  flutterblebsp.o(i.nrf_gpio_cfg)
    i.nrf_gpio_cfg                           0x000213f4   Section        0  nrf_drv_uart.o(i.nrf_gpio_cfg)
    nrf_gpio_cfg                             0x000213f5   Thumb Code    36  nrf_drv_uart.o(i.nrf_gpio_cfg)
    i.nrf_gpio_cfg_input                     0x00021418   Section        0  flutterblebsp.o(i.nrf_gpio_cfg_input)
    nrf_gpio_cfg_input                       0x00021419   Thumb Code    18  flutterblebsp.o(i.nrf_gpio_cfg_input)
    i.nrf_gpio_cfg_input                     0x0002142a   Section        0  nrf_drv_uart.o(i.nrf_gpio_cfg_input)
    nrf_gpio_cfg_input                       0x0002142b   Thumb Code    18  nrf_drv_uart.o(i.nrf_gpio_cfg_input)
    i.nrf_gpio_cfg_output                    0x0002143c   Section        0  flutterblebsp.o(i.nrf_gpio_cfg_output)
    nrf_gpio_cfg_output                      0x0002143d   Thumb Code    20  flutterblebsp.o(i.nrf_gpio_cfg_output)
    i.nrf_gpio_cfg_output                    0x00021450   Section        0  nrf_drv_uart.o(i.nrf_gpio_cfg_output)
    nrf_gpio_cfg_output                      0x00021451   Thumb Code    20  nrf_drv_uart.o(i.nrf_gpio_cfg_output)
    i.nrf_gpio_cfg_sense_set                 0x00021464   Section        0  nrf_drv_gpiote.o(i.nrf_gpio_cfg_sense_set)
    nrf_gpio_cfg_sense_set                   0x00021465   Thumb Code    34  nrf_drv_gpiote.o(i.nrf_gpio_cfg_sense_set)
    i.nrf_gpio_ports_read                    0x00021488   Section        0  nrf_drv_gpiote.o(i.nrf_gpio_ports_read)
    nrf_gpio_ports_read                      0x00021489   Thumb Code    34  nrf_drv_gpiote.o(i.nrf_gpio_ports_read)
    i.nrf_gpiote_event_clear                 0x000214b0   Section        0  nrf_drv_gpiote.o(i.nrf_gpiote_event_clear)
    nrf_gpiote_event_clear                   0x000214b1   Thumb Code    16  nrf_drv_gpiote.o(i.nrf_gpiote_event_clear)
    i.nrf_gpiote_event_is_set                0x000214c4   Section        0  nrf_drv_gpiote.o(i.nrf_gpiote_event_is_set)
    nrf_gpiote_event_is_set                  0x000214c5   Thumb Code    12  nrf_drv_gpiote.o(i.nrf_gpiote_event_is_set)
    i.nrf_uart_event_check                   0x000214d4   Section        0  nrf_drv_uart.o(i.nrf_uart_event_check)
    nrf_uart_event_check                     0x000214d5   Thumb Code    10  nrf_drv_uart.o(i.nrf_uart_event_check)
    i.nrf_uart_event_clear                   0x000214de   Section        0  nrf_drv_uart.o(i.nrf_uart_event_clear)
    nrf_uart_event_clear                     0x000214df   Thumb Code    12  nrf_drv_uart.o(i.nrf_uart_event_clear)
    i.nrf_uart_int_enable_check              0x000214ea   Section        0  nrf_drv_uart.o(i.nrf_uart_int_enable_check)
    nrf_uart_int_enable_check                0x000214eb   Thumb Code    12  nrf_drv_uart.o(i.nrf_uart_int_enable_check)
    i.nrf_uarte_event_check                  0x000214f6   Section        0  nrf_drv_uart.o(i.nrf_uarte_event_check)
    nrf_uarte_event_check                    0x000214f7   Thumb Code    10  nrf_drv_uart.o(i.nrf_uarte_event_check)
    i.nrf_uarte_event_clear                  0x00021500   Section        0  nrf_drv_uart.o(i.nrf_uarte_event_clear)
    nrf_uarte_event_clear                    0x00021501   Thumb Code    12  nrf_drv_uart.o(i.nrf_uarte_event_clear)
    i.nus_data_handler                       0x0002150c   Section        0  flutterblecallbacks.o(i.nus_data_handler)
    i.on_adv_evt                             0x0002153c   Section        0  flutterblecallbacks.o(i.on_adv_evt)
    i.on_ble_evt                             0x00021558   Section        0  flutterblecallbacks.o(i.on_ble_evt)
    i.on_conn_params_evt                     0x00021628   Section        0  flutterblecallbacks.o(i.on_conn_params_evt)
    i.readRemainingBytes                     0x00021644   Section        0  flutterblecontrol.o(i.readRemainingBytes)
    i.refreshRGBLED                          0x0002166c   Section        0  flutterblecontrol.o(i.refreshRGBLED)
    i.rtc1_stop                              0x0002167c   Section        0  app_timer.o(i.rtc1_stop)
    rtc1_stop                                0x0002167d   Thumb Code    52  app_timer.o(i.rtc1_stop)
    i.rx_byte                                0x000216b8   Section        0  nrf_drv_uart.o(i.rx_byte)
    rx_byte                                  0x000216b9   Thumb Code    50  nrf_drv_uart.o(i.rx_byte)
    i.rx_char_add                            0x000216ea   Section        0  ble_nus.o(i.rx_char_add)
    rx_char_add                              0x000216eb   Thumb Code   220  ble_nus.o(i.rx_char_add)
    i.rx_done_event                          0x000217c6   Section        0  nrf_drv_uart.o(i.rx_done_event)
    rx_done_event                            0x000217c7   Thumb Code    24  nrf_drv_uart.o(i.rx_done_event)
    i.rx_enable                              0x000217de   Section        0  nrf_drv_uart.o(i.rx_enable)
    rx_enable                                0x000217df   Thumb Code    32  nrf_drv_uart.o(i.rx_enable)
    i.sd_nvic_EnableIRQ                      0x00021800   Section        0  softdevice_handler.o(i.sd_nvic_EnableIRQ)
    sd_nvic_EnableIRQ                        0x00021801   Thumb Code   106  softdevice_handler.o(i.sd_nvic_EnableIRQ)
    i.service_data_encode                    0x00021870   Section        0  ble_advdata.o(i.service_data_encode)
    service_data_encode                      0x00021871   Thumb Code   136  ble_advdata.o(i.service_data_encode)
    i.services_init                          0x000218f8   Section        0  flutterbleinit.o(i.services_init)
    i.set_adv_mode_fast                      0x00021918   Section        0  ble_advertising.o(i.set_adv_mode_fast)
    set_adv_mode_fast                        0x00021919   Thumb Code    64  ble_advertising.o(i.set_adv_mode_fast)
    i.set_adv_mode_slow                      0x00021960   Section        0  ble_advertising.o(i.set_adv_mode_slow)
    set_adv_mode_slow                        0x00021961   Thumb Code    60  ble_advertising.o(i.set_adv_mode_slow)
    i.softdevice_ble_evt_handler_set         0x000219a4   Section        0  softdevice_handler.o(i.softdevice_ble_evt_handler_set)
    i.softdevice_enable                      0x000219b8   Section        0  softdevice_handler.o(i.softdevice_enable)
    i.softdevice_enable_get_default_config   0x000219cc   Section        0  softdevice_handler.o(i.softdevice_enable_get_default_config)
    i.softdevice_fault_handler               0x000219f2   Section        0  softdevice_handler.o(i.softdevice_fault_handler)
    i.softdevice_handler_init                0x000219f8   Section        0  softdevice_handler.o(i.softdevice_handler_init)
    i.softdevice_handler_is_enabled          0x00021a5c   Section        0  softdevice_handler.o(i.softdevice_handler_is_enabled)
    i.timer_list_handler                     0x00021a68   Section        0  app_timer.o(i.timer_list_handler)
    timer_list_handler                       0x00021a69   Thumb Code   134  app_timer.o(i.timer_list_handler)
    i.timer_list_insert                      0x00021af4   Section        0  app_timer.o(i.timer_list_insert)
    timer_list_insert                        0x00021af5   Thumb Code    56  app_timer.o(i.timer_list_insert)
    i.timer_stop_op_schedule                 0x00021b30   Section        0  app_timer.o(i.timer_stop_op_schedule)
    timer_stop_op_schedule                   0x00021b31   Thumb Code    68  app_timer.o(i.timer_stop_op_schedule)
    i.timer_timeouts_check                   0x00021b78   Section        0  app_timer.o(i.timer_timeouts_check)
    timer_timeouts_check                     0x00021b79   Thumb Code   124  app_timer.o(i.timer_timeouts_check)
    i.tx_byte                                0x00021bfc   Section        0  nrf_drv_uart.o(i.tx_byte)
    tx_byte                                  0x00021bfd   Thumb Code    32  nrf_drv_uart.o(i.tx_byte)
    i.tx_char_add                            0x00021c1c   Section        0  ble_nus.o(i.tx_char_add)
    tx_char_add                              0x00021c1d   Thumb Code   160  ble_nus.o(i.tx_char_add)
    i.tx_done_event                          0x00021cbc   Section        0  nrf_drv_uart.o(i.tx_done_event)
    tx_done_event                            0x00021cbd   Thumb Code    28  nrf_drv_uart.o(i.tx_done_event)
    i.uart_event_handle                      0x00021cd8   Section        0  fluttercallbacks.o(i.uart_event_handle)
    i.uart_event_handler                     0x00021d30   Section        0  app_uart_fifo.o(i.uart_event_handler)
    uart_event_handler                       0x00021d31   Thumb Code   152  app_uart_fifo.o(i.uart_event_handler)
    i.uart_irq_handler                       0x00021dd0   Section        0  nrf_drv_uart.o(i.uart_irq_handler)
    uart_irq_handler                         0x00021dd1   Thumb Code   286  nrf_drv_uart.o(i.uart_irq_handler)
    i.uarte_irq_handler                      0x00021eee   Section        0  nrf_drv_uart.o(i.uarte_irq_handler)
    uarte_irq_handler                        0x00021eef   Thumb Code   240  nrf_drv_uart.o(i.uarte_irq_handler)
    i.uint16_encode                          0x00021fde   Section        0  ble_advdata.o(i.uint16_encode)
    uint16_encode                            0x00021fdf   Thumb Code    10  ble_advdata.o(i.uint16_encode)
    i.updateRGBBuffer                        0x00021fe8   Section        0  flutterblecontrol.o(i.updateRGBBuffer)
    i.update_timeout_handler                 0x0002202c   Section        0  ble_conn_params.o(i.update_timeout_handler)
    update_timeout_handler                   0x0002202d   Thumb Code    88  ble_conn_params.o(i.update_timeout_handler)
    i.user_op_alloc                          0x0002208c   Section        0  app_timer.o(i.user_op_alloc)
    user_op_alloc                            0x0002208d   Thumb Code    42  app_timer.o(i.user_op_alloc)
    i.uuid_list_encode                       0x000220bc   Section        0  ble_advdata.o(i.uuid_list_encode)
    uuid_list_encode                         0x000220bd   Thumb Code    48  ble_advdata.o(i.uuid_list_encode)
    i.uuid_list_sized_encode                 0x000220ec   Section        0  ble_advdata.o(i.uuid_list_sized_encode)
    uuid_list_sized_encode                   0x000220ed   Thumb Code   158  ble_advdata.o(i.uuid_list_sized_encode)
    .constdata                               0x0002218c   Section        4  flutterbleinit.o(.constdata)
    .constdata                               0x00022190   Section        4  flutteruart.o(.constdata)
    UARTReceiveTimer                         0x00022190   Data           4  flutteruart.o(.constdata)
    .constdata                               0x00022194   Section       24  flutterblebsp.o(.constdata)
    .constdata                               0x000221ac   Section        4  ble_conn_params.o(.constdata)
    m_conn_params_timer_id                   0x000221ac   Data           4  ble_conn_params.o(.constdata)
    .constdata                               0x000221b0   Section       16  ble_nus.o(.constdata)
    .constdata                               0x000221c0   Section        4  nrf_drv_gpiote.o(.constdata)
    .constdata                               0x000221c4   Section       32  app_uart_fifo.o(.constdata)
    .data                                    0x20002128   Section        1  main.o(.data)
    .data                                    0x20002129   Section        1  main.o(.data)
    .data                                    0x2000212a   Section        1  main.o(.data)
    .data                                    0x2000212c   Section        2  flutterblecallbacks.o(.data)
    m_conn_handle                            0x2000212c   Data           2  flutterblecallbacks.o(.data)
    .data                                    0x2000212e   Section        4  flutterbleinit.o(.data)
    m_adv_uuids                              0x2000212e   Data           4  flutterbleinit.o(.data)
    .data                                    0x20002132   Section        1  fluttercallbacks.o(.data)
    index                                    0x20002132   Data           1  fluttercallbacks.o(.data)
    .data                                    0x20002134   Section       31  ble_advertising.o(.data)
    m_initialized                            0x20002134   Data           1  ble_advertising.o(.data)
    m_advertising_start_pending              0x20002135   Data           1  ble_advertising.o(.data)
    m_adv_evt                                0x20002136   Data           1  ble_advertising.o(.data)
    m_adv_mode_current                       0x20002137   Data           1  ble_advertising.o(.data)
    m_peer_addr_reply_expected               0x20002138   Data           1  ble_advertising.o(.data)
    m_whitelist_temporarily_disabled         0x20002139   Data           1  ble_advertising.o(.data)
    m_whitelist_reply_expected               0x2000213a   Data           1  ble_advertising.o(.data)
    m_whitelist_in_use                       0x2000213b   Data           1  ble_advertising.o(.data)
    m_current_slave_link_conn_handle         0x2000213c   Data           2  ble_advertising.o(.data)
    m_slave_conn_int                         0x2000213e   Data           4  ble_advertising.o(.data)
    m_evt_handler                            0x20002144   Data           4  ble_advertising.o(.data)
    m_error_handler                          0x20002148   Data           4  ble_advertising.o(.data)
    m_peer_address                           0x2000214c   Data           7  ble_advertising.o(.data)
    .data                                    0x20002154   Section       20  ble_conn_params.o(.data)
    m_change_param                           0x20002154   Data           1  ble_conn_params.o(.data)
    m_update_count                           0x20002155   Data           1  ble_conn_params.o(.data)
    m_conn_handle                            0x20002156   Data           2  ble_conn_params.o(.data)
    m_preferred_conn_params                  0x20002158   Data           8  ble_conn_params.o(.data)
    m_current_conn_params                    0x20002160   Data           8  ble_conn_params.o(.data)
    .data                                    0x20002168   Section       32  app_timer.o(.data)
    m_ticks_elapsed_q_read_ind               0x20002168   Data           1  app_timer.o(.data)
    m_ticks_elapsed_q_write_ind              0x20002169   Data           1  app_timer.o(.data)
    m_rtc1_running                           0x2000216a   Data           1  app_timer.o(.data)
    m_rtc1_reset                             0x2000216b   Data           1  app_timer.o(.data)
    mp_timer_id_head                         0x2000216c   Data           4  app_timer.o(.data)
    m_ticks_latest                           0x20002170   Data           4  app_timer.o(.data)
    m_evt_schedule_func                      0x20002174   Data           4  app_timer.o(.data)
    m_op_queue                               0x20002178   Data           8  app_timer.o(.data)
    m_ticks_elapsed                          0x20002180   Data           8  app_timer.o(.data)
    .data                                    0x20002188   Section       16  app_uart_fifo.o(.data)
    tx_buffer                                0x20002188   Data           1  app_uart_fifo.o(.data)
    rx_buffer                                0x20002189   Data           1  app_uart_fifo.o(.data)
    m_rx_ovf                                 0x2000218a   Data           1  app_uart_fifo.o(.data)
    m_event_handler                          0x2000218c   Data           4  app_uart_fifo.o(.data)
    app_uart_inst                            0x20002190   Data           8  app_uart_fifo.o(.data)
    .data                                    0x20002198   Section       20  softdevice_handler.o(.data)
    m_softdevice_enabled                     0x20002198   Data           1  softdevice_handler.o(.data)
    m_suspended                              0x20002199   Data           1  softdevice_handler.o(.data)
    m_ble_evt_buffer_size                    0x2000219a   Data           2  softdevice_handler.o(.data)
    m_evt_schedule_func                      0x2000219c   Data           4  softdevice_handler.o(.data)
    mp_ble_evt_buffer                        0x200021a0   Data           4  softdevice_handler.o(.data)
    m_ble_evt_handler                        0x200021a4   Data           4  softdevice_handler.o(.data)
    m_sys_evt_handler                        0x200021a8   Data           4  softdevice_handler.o(.data)
    .data                                    0x200021ac   Section        4  system_nrf52.o(.data)
    __tagsym$$used                           0x200021ac   Number         0  system_nrf52.o(.data)
    .bss                                     0x200021b0   Section      120  main.o(.bss)
    APP_TIMER_BUF                            0x200021b0   Data         120  main.o(.bss)
    .bss                                     0x20002228   Section      255  main.o(.bss)
    .bss                                     0x20002328   Section       28  main.o(.bss)
    .bss                                     0x20002344   Section       80  flutterbleinit.o(.bss)
    BLE_EVT_BUFFER                           0x20002344   Data          80  flutterbleinit.o(.bss)
    .bss                                     0x20002394   Section       20  fluttercallbacks.o(.bss)
    data_array                               0x20002394   Data          20  fluttercallbacks.o(.bss)
    .bss                                     0x200023a8   Section       20  fluttername.o(.bss)
    deviceName                               0x200023a8   Data          20  fluttername.o(.bss)
    .bss                                     0x200023bc   Section       73  flutterblecontrol.o(.bss)
    tempReceiveBuffer                        0x200023bc   Data          19  flutterblecontrol.o(.bss)
    RGBValues                                0x200023cf   Data          54  flutterblecontrol.o(.bss)
    .bss                                     0x20002408   Section       32  flutteruart.o(.bss)
    UARTReceiveTimer_data                    0x20002408   Data          32  flutteruart.o(.bss)
    .bss                                     0x20002428   Section      512  flutterblebsp.o(.bss)
    rx_buf                                   0x20002428   Data         256  flutterblebsp.o(.bss)
    tx_buf                                   0x20002528   Data         256  flutterblebsp.o(.bss)
    .bss                                     0x20002628   Section      179  ble_advertising.o(.bss)
    m_adv_modes_config                       0x20002628   Data          32  ble_advertising.o(.bss)
    m_advdata                                0x20002648   Data          60  ble_advertising.o(.bss)
    m_manuf_specific_data                    0x20002684   Data          12  ble_advertising.o(.bss)
    m_manuf_data_array                       0x20002690   Data          31  ble_advertising.o(.bss)
    m_service_data                           0x200026b0   Data          12  ble_advertising.o(.bss)
    m_service_data_array                     0x200026bc   Data          31  ble_advertising.o(.bss)
    .bss                                     0x200026dc   Section       32  ble_conn_params.o(.bss)
    m_conn_params_timer_id_data              0x200026dc   Data          32  ble_conn_params.o(.bss)
    .bss                                     0x200026fc   Section       28  ble_conn_params.o(.bss)
    m_conn_params_config                     0x200026fc   Data          28  ble_conn_params.o(.bss)
    .bss                                     0x20002718   Section       20  nrf_drv_clock.o(.bss)
    m_clock_cb                               0x20002718   Data          20  nrf_drv_clock.o(.bss)
    .bss                                     0x2000272c   Section       88  nrf_drv_gpiote.o(.bss)
    m_cb                                     0x2000272c   Data          88  nrf_drv_gpiote.o(.bss)
    .bss                                     0x20002784   Section       32  nrf_drv_uart.o(.bss)
    m_cb                                     0x20002784   Data          32  nrf_drv_uart.o(.bss)
    .bss                                     0x200027a4   Section       32  app_uart_fifo.o(.bss)
    m_rx_fifo                                0x200027a4   Data          16  app_uart_fifo.o(.bss)
    m_tx_fifo                                0x200027b4   Data          16  app_uart_fifo.o(.bss)
    .bss                                     0x200027c4   Section       12  app_util_platform.o(.bss)
    .bss                                     0x200027d0   Section      104  fstorage.o(.bss)
    m_queue                                  0x200027d0   Data         104  fstorage.o(.bss)
    STACK                                    0x20002838   Section     8192  arm_startup_nrf52.o(STACK)

    Global Symbols

    Symbol Name                              Value     Ov Type        Size  Object(Section)

    BuildAttributes$$THM_ISAv4$E$P$D$K$B$S$7EM$VFPi3$EXTD16$VFPS$VFMA$PE$A:L22UL41UL21$X:L11$S22US41US21$IEEE1$IW$USESV6$~STKCKD$USESV7$~SHL$OSPACE$EBA8$MICROLIB$REQ8$PRES8$EABIv2 0x00000000   Number         0  anon$$obj.o ABSOLUTE
    __ARM_use_no_argv                        0x00000000   Number         0  main.o ABSOLUTE
    __cpp_initialize__aeabi_                  - Undefined Weak Reference
    __cxa_finalize                            - Undefined Weak Reference
    __decompress                              - Undefined Weak Reference
    _clock_init                               - Undefined Weak Reference
    _microlib_exit                            - Undefined Weak Reference
    fs_data$$Base                             - Undefined Reference
    fs_data$$Limit                            - Undefined Reference
    __Vectors_Size                           0x00000200   Number         0  arm_startup_nrf52.o ABSOLUTE
    __Vectors                                0x0001f000   Data           4  arm_startup_nrf52.o(RESET)
    __Vectors_End                            0x0001f200   Data           0  arm_startup_nrf52.o(RESET)
    __main                                   0x0001f201   Thumb Code     0  entry.o(.ARM.Collect$$$$00000000)
    _main_stk                                0x0001f201   Thumb Code     0  entry2.o(.ARM.Collect$$$$00000001)
    _main_scatterload                        0x0001f205   Thumb Code     0  entry5.o(.ARM.Collect$$$$00000004)
    __main_after_scatterload                 0x0001f209   Thumb Code     0  entry5.o(.ARM.Collect$$$$00000004)
    _main_clock                              0x0001f209   Thumb Code     0  entry7b.o(.ARM.Collect$$$$00000008)
    _main_cpp_init                           0x0001f209   Thumb Code     0  entry8b.o(.ARM.Collect$$$$0000000A)
    _main_init                               0x0001f209   Thumb Code     0  entry9a.o(.ARM.Collect$$$$0000000B)
    __rt_final_cpp                           0x0001f211   Thumb Code     0  entry10a.o(.ARM.Collect$$$$0000000D)
    __rt_final_exit                          0x0001f211   Thumb Code     0  entry11a.o(.ARM.Collect$$$$0000000F)
    Reset_Handler                            0x0001f215   Thumb Code     8  arm_startup_nrf52.o(.text)
    NMI_Handler                              0x0001f21d   Thumb Code     2  arm_startup_nrf52.o(.text)
    HardFault_Handler                        0x0001f21f   Thumb Code     2  arm_startup_nrf52.o(.text)
    MemoryManagement_Handler                 0x0001f221   Thumb Code     2  arm_startup_nrf52.o(.text)
    BusFault_Handler                         0x0001f223   Thumb Code     2  arm_startup_nrf52.o(.text)
    UsageFault_Handler                       0x0001f225   Thumb Code     2  arm_startup_nrf52.o(.text)
    SVC_Handler                              0x0001f227   Thumb Code     2  arm_startup_nrf52.o(.text)
    DebugMon_Handler                         0x0001f229   Thumb Code     2  arm_startup_nrf52.o(.text)
    PendSV_Handler                           0x0001f22b   Thumb Code     2  arm_startup_nrf52.o(.text)
    SysTick_Handler                          0x0001f22d   Thumb Code     2  arm_startup_nrf52.o(.text)
    CCM_AAR_IRQHandler                       0x0001f22f   Thumb Code     0  arm_startup_nrf52.o(.text)
    COMP_LPCOMP_IRQHandler                   0x0001f22f   Thumb Code     0  arm_startup_nrf52.o(.text)
    ECB_IRQHandler                           0x0001f22f   Thumb Code     0  arm_startup_nrf52.o(.text)
    FPU_IRQHandler                           0x0001f22f   Thumb Code     0  arm_startup_nrf52.o(.text)
    I2S_IRQHandler                           0x0001f22f   Thumb Code     0  arm_startup_nrf52.o(.text)
    MWU_IRQHandler                           0x0001f22f   Thumb Code     0  arm_startup_nrf52.o(.text)
    NFCT_IRQHandler                          0x0001f22f   Thumb Code     0  arm_startup_nrf52.o(.text)
    PDM_IRQHandler                           0x0001f22f   Thumb Code     0  arm_startup_nrf52.o(.text)
    PWM0_IRQHandler                          0x0001f22f   Thumb Code     0  arm_startup_nrf52.o(.text)
    PWM1_IRQHandler                          0x0001f22f   Thumb Code     0  arm_startup_nrf52.o(.text)
    PWM2_IRQHandler                          0x0001f22f   Thumb Code     0  arm_startup_nrf52.o(.text)
    QDEC_IRQHandler                          0x0001f22f   Thumb Code     0  arm_startup_nrf52.o(.text)
    RADIO_IRQHandler                         0x0001f22f   Thumb Code     0  arm_startup_nrf52.o(.text)
    RNG_IRQHandler                           0x0001f22f   Thumb Code     0  arm_startup_nrf52.o(.text)
    RTC0_IRQHandler                          0x0001f22f   Thumb Code     0  arm_startup_nrf52.o(.text)
    RTC2_IRQHandler                          0x0001f22f   Thumb Code     0  arm_startup_nrf52.o(.text)
    SAADC_IRQHandler                         0x0001f22f   Thumb Code     0  arm_startup_nrf52.o(.text)
    SPIM0_SPIS0_TWIM0_TWIS0_SPI0_TWI0_IRQHandler 0x0001f22f   Thumb Code     0  arm_startup_nrf52.o(.text)
    SPIM1_SPIS1_TWIM1_TWIS1_SPI1_TWI1_IRQHandler 0x0001f22f   Thumb Code     0  arm_startup_nrf52.o(.text)
    SPIM2_SPIS2_SPI2_IRQHandler              0x0001f22f   Thumb Code     0  arm_startup_nrf52.o(.text)
    SWI1_EGU1_IRQHandler                     0x0001f22f   Thumb Code     0  arm_startup_nrf52.o(.text)
    SWI3_EGU3_IRQHandler                     0x0001f22f   Thumb Code     0  arm_startup_nrf52.o(.text)
    SWI4_EGU4_IRQHandler                     0x0001f22f   Thumb Code     0  arm_startup_nrf52.o(.text)
    SWI5_EGU5_IRQHandler                     0x0001f22f   Thumb Code     0  arm_startup_nrf52.o(.text)
    TEMP_IRQHandler                          0x0001f22f   Thumb Code     0  arm_startup_nrf52.o(.text)
    TIMER0_IRQHandler                        0x0001f22f   Thumb Code     0  arm_startup_nrf52.o(.text)
    TIMER1_IRQHandler                        0x0001f22f   Thumb Code     0  arm_startup_nrf52.o(.text)
    TIMER2_IRQHandler                        0x0001f22f   Thumb Code     0  arm_startup_nrf52.o(.text)
    TIMER3_IRQHandler                        0x0001f22f   Thumb Code     0  arm_startup_nrf52.o(.text)
    TIMER4_IRQHandler                        0x0001f22f   Thumb Code     0  arm_startup_nrf52.o(.text)
    WDT_IRQHandler                           0x0001f22f   Thumb Code     0  arm_startup_nrf52.o(.text)
    __aeabi_memcpy                           0x0001f239   Thumb Code    36  memcpya.o(.text)
    __aeabi_memcpy4                          0x0001f239   Thumb Code     0  memcpya.o(.text)
    __aeabi_memcpy8                          0x0001f239   Thumb Code     0  memcpya.o(.text)
    __aeabi_memset                           0x0001f25d   Thumb Code    14  memseta.o(.text)
    __aeabi_memset4                          0x0001f25d   Thumb Code     0  memseta.o(.text)
    __aeabi_memset8                          0x0001f25d   Thumb Code     0  memseta.o(.text)
    __aeabi_memclr                           0x0001f26b   Thumb Code     4  memseta.o(.text)
    __aeabi_memclr4                          0x0001f26b   Thumb Code     0  memseta.o(.text)
    __aeabi_memclr8                          0x0001f26b   Thumb Code     0  memseta.o(.text)
    _memset$wrapper                          0x0001f26f   Thumb Code    18  memseta.o(.text)
    __scatterload                            0x0001f281   Thumb Code    28  init.o(.text)
    __scatterload_rt2                        0x0001f281   Thumb Code     0  init.o(.text)
    BLEControlLoop                           0x0001f2a5   Thumb Code   176  flutterblecontrol.o(i.BLEControlLoop)
    BLEInit                                  0x0001f365   Thumb Code    26  flutterbleinit.o(i.BLEInit)
    GPIOTE_IRQHandler                        0x0001f381   Thumb Code   362  nrf_drv_gpiote.o(i.GPIOTE_IRQHandler)
    POWER_CLOCK_IRQHandler                   0x0001f585   Thumb Code    84  nrf_drv_clock.o(i.POWER_CLOCK_IRQHandler)
    RTC1_IRQHandler                          0x0001f5dd   Thumb Code    32  app_timer.o(i.RTC1_IRQHandler)
    ReceiveTimerInit                         0x0001f601   Thumb Code    28  flutteruart.o(i.ReceiveTimerInit)
    SWI0_EGU0_IRQHandler                     0x0001f625   Thumb Code     4  app_timer.o(i.SWI0_EGU0_IRQHandler)
    SWI2_EGU2_IRQHandler                     0x0001f629   Thumb Code    32  softdevice_handler.o(i.SWI2_EGU2_IRQHandler)
    SystemInit                               0x0001f64d   Thumb Code   700  system_nrf52.o(i.SystemInit)
    UARTE0_UART0_IRQHandler                  0x0001f949   Thumb Code    20  nrf_drv_uart.o(i.UARTE0_UART0_IRQHandler)
    UARTInit                                 0x0001f965   Thumb Code    80  flutterblebsp.o(i.UARTInit)
    UARTReceiveTimerHandler                  0x0001f9c5   Thumb Code     8  flutteruart.o(i.UARTReceiveTimerHandler)
    __scatterload_copy                       0x0001f9d1   Thumb Code    14  handlers.o(i.__scatterload_copy)
    __scatterload_null                       0x0001f9df   Thumb Code     2  handlers.o(i.__scatterload_null)
    __scatterload_zeroinit                   0x0001f9e1   Thumb Code    14  handlers.o(i.__scatterload_zeroinit)
    adv_data_encode                          0x0001fa15   Thumb Code   386  ble_advdata.o(i.adv_data_encode)
    advertising_init                         0x0001fbf1   Thumb Code    94  flutterbleinit.o(i.advertising_init)
    app_error_fault_handler                  0x0001fc59   Thumb Code    26  app_error_weak.o(i.app_error_fault_handler)
    app_error_handler_bare                   0x0001fc7d   Thumb Code    22  app_error.o(i.app_error_handler_bare)
    app_fifo_get                             0x0001fc93   Thumb Code    22  app_fifo.o(i.app_fifo_get)
    app_fifo_init                            0x0001fca9   Thumb Code    32  app_fifo.o(i.app_fifo_init)
    app_fifo_put                             0x0001fcc9   Thumb Code    26  app_fifo.o(i.app_fifo_put)
    app_timer_create                         0x0001fce5   Thumb Code    32  app_timer.o(i.app_timer_create)
    app_timer_init                           0x0001fd09   Thumb Code   102  app_timer.o(i.app_timer_init)
    app_timer_start                          0x0001fd79   Thumb Code   128  app_timer.o(i.app_timer_start)
    app_timer_stop                           0x0001fe01   Thumb Code    26  app_timer.o(i.app_timer_stop)
    app_uart_get                             0x0001fe21   Thumb Code    42  app_uart_fifo.o(i.app_uart_get)
    app_uart_init                            0x0001fe55   Thumb Code   164  app_uart_fifo.o(i.app_uart_init)
    app_uart_put                             0x0001ff09   Thumb Code    52  app_uart_fifo.o(i.app_uart_put)
    app_util_critical_region_enter           0x0001ff45   Thumb Code    64  app_util_platform.o(i.app_util_critical_region_enter)
    app_util_critical_region_exit            0x0001ff8d   Thumb Code    46  app_util_platform.o(i.app_util_critical_region_exit)
    ble_advdata_set                          0x00020079   Thumb Code   104  ble_advdata.o(i.ble_advdata_set)
    ble_advertising_init                     0x000200e1   Thumb Code   278  ble_advertising.o(i.ble_advertising_init)
    ble_advertising_on_ble_evt               0x00020201   Thumb Code    88  ble_advertising.o(i.ble_advertising_on_ble_evt)
    ble_advertising_start                    0x0002025d   Thumb Code   250  ble_advertising.o(i.ble_advertising_start)
    ble_conn_params_init                     0x00020361   Thumb Code    72  ble_conn_params.o(i.ble_conn_params_init)
    ble_conn_params_on_ble_evt               0x000203b9   Thumb Code   120  ble_conn_params.o(i.ble_conn_params_on_ble_evt)
    ble_nus_init                             0x000204c1   Thumb Code    94  ble_nus.o(i.ble_nus_init)
    ble_nus_on_ble_evt                       0x00020525   Thumb Code    92  ble_nus.o(i.ble_nus_on_ble_evt)
    ble_nus_string_send                      0x00020581   Thumb Code    78  ble_nus.o(i.ble_nus_string_send)
    ble_srv_is_notification_enabled          0x000205cf   Thumb Code     8  ble_srv_common.o(i.ble_srv_is_notification_enabled)
    ble_stack_init                           0x000205d9   Thumb Code    80  flutterbleinit.o(i.ble_stack_init)
    conn_params_error_handler                0x000207a1   Thumb Code     4  flutterblecallbacks.o(i.conn_params_error_handler)
    conn_params_init                         0x000207a5   Thumb Code    68  flutterbleinit.o(i.conn_params_init)
    fs_queued_op_count_get                   0x000208c5   Thumb Code    16  fstorage.o(i.fs_queued_op_count_get)
    gap_params_init                          0x000208d9   Thumb Code    84  flutterbleinit.o(i.gap_params_init)
    getDeviceName                            0x0002092d   Thumb Code   102  fluttername.o(i.getDeviceName)
    initializeIO                             0x00020999   Thumb Code    36  flutterblebsp.o(i.initializeIO)
    intern_softdevice_events_execute         0x000209bd   Thumb Code   114  softdevice_handler.o(i.intern_softdevice_events_execute)
    main                                     0x00020c29   Thumb Code    60  main.o(i.main)
    nrf_drv_clock_init                       0x00020f3d   Thumb Code    64  nrf_drv_clock.o(i.nrf_drv_clock_init)
    nrf_drv_clock_on_sd_enable               0x00020f85   Thumb Code    44  nrf_drv_clock.o(i.nrf_drv_clock_on_sd_enable)
    nrf_drv_clock_on_soc_event               0x00020fb5   Thumb Code    10  nrf_drv_clock.o(i.nrf_drv_clock_on_soc_event)
    nrf_drv_common_irq_enable                0x00020fbf   Thumb Code    56  nrf_drv_common.o(i.nrf_drv_common_irq_enable)
    nrf_drv_uart_init                        0x0002100d   Thumb Code    98  nrf_drv_uart.o(i.nrf_drv_uart_init)
    nrf_drv_uart_rx                          0x00021075   Thumb Code   170  nrf_drv_uart.o(i.nrf_drv_uart_rx)
    nrf_drv_uart_rx_enable                   0x00021125   Thumb Code    42  nrf_drv_uart.o(i.nrf_drv_uart_rx_enable)
    nrf_drv_uart_tx                          0x000212ad   Thumb Code   262  nrf_drv_uart.o(i.nrf_drv_uart_tx)
    nrf_drv_uart_tx_in_progress              0x000213b9   Thumb Code    18  nrf_drv_uart.o(i.nrf_drv_uart_tx_in_progress)
    nus_data_handler                         0x0002150d   Thumb Code    40  flutterblecallbacks.o(i.nus_data_handler)
    on_adv_evt                               0x0002153d   Thumb Code    26  flutterblecallbacks.o(i.on_adv_evt)
    on_ble_evt                               0x00021559   Thumb Code   204  flutterblecallbacks.o(i.on_ble_evt)
    on_conn_params_evt                       0x00021629   Thumb Code    24  flutterblecallbacks.o(i.on_conn_params_evt)
    readRemainingBytes                       0x00021645   Thumb Code    32  flutterblecontrol.o(i.readRemainingBytes)
    refreshRGBLED                            0x0002166d   Thumb Code    16  flutterblecontrol.o(i.refreshRGBLED)
    services_init                            0x000218f9   Thumb Code    24  flutterbleinit.o(i.services_init)
    softdevice_ble_evt_handler_set           0x000219a5   Thumb Code    14  softdevice_handler.o(i.softdevice_ble_evt_handler_set)
    softdevice_enable                        0x000219b9   Thumb Code    14  softdevice_handler.o(i.softdevice_enable)
    softdevice_enable_get_default_config     0x000219cd   Thumb Code    38  softdevice_handler.o(i.softdevice_enable_get_default_config)
    softdevice_fault_handler                 0x000219f3   Thumb Code     4  softdevice_handler.o(i.softdevice_fault_handler)
    softdevice_handler_init                  0x000219f9   Thumb Code    92  softdevice_handler.o(i.softdevice_handler_init)
    softdevice_handler_is_enabled            0x00021a5d   Thumb Code     6  softdevice_handler.o(i.softdevice_handler_is_enabled)
    uart_event_handle                        0x00021cd9   Thumb Code    72  fluttercallbacks.o(i.uart_event_handle)
    updateRGBBuffer                          0x00021fe9   Thumb Code    66  flutterblecontrol.o(i.updateRGBBuffer)
    Region$$Table$$Base                      0x000221e4   Number         0  anon$$obj.o(Region$$Table)
    Region$$Table$$Limit                     0x00022204   Number         0  anon$$obj.o(Region$$Table)
    Image$$RW_IRAM1$$Base                    0x20002128   Number         0  anon$$obj.o ABSOLUTE
    headPointerReceiveBuffer                 0x20002128   Data           1  main.o(.data)
    tailPointerReceiveBuffer                 0x20002129   Data           1  main.o(.data)
    BLEReceiveDataReset                      0x2000212a   Data           1  main.o(.data)
    SystemCoreClock                          0x200021ac   Data           4  system_nrf52.o(.data)
    BLEReceiveBuffer                         0x20002228   Data         255  main.o(.bss)
    m_nus                                    0x20002328   Data          28  main.o(.bss)
    nrf_nvic_state                           0x200027c4   Data          12  app_util_platform.o(.bss)
    __initial_sp                             0x20004838   Data           0  arm_startup_nrf52.o(STACK)



==============================================================================

Memory Map of the image

  Image Entry point : 0x0001f201

  Load Region LR_IROM1 (Base: 0x0001f000, Size: 0x0000328c, Max: 0x00061000, ABSOLUTE)

    Execution Region ER_IROM1 (Base: 0x0001f000, Size: 0x00003204, Max: 0x00061000, ABSOLUTE)

    Base Addr    Size         Type   Attr      Idx    E Section Name        Object

    0x0001f000   0x00000200   Data   RO         2666    RESET               arm_startup_nrf52.o
    0x0001f200   0x00000000   Code   RO         2707  * .ARM.Collect$$$$00000000  mc_w.l(entry.o)
    0x0001f200   0x00000004   Code   RO         2720    .ARM.Collect$$$$00000001  mc_w.l(entry2.o)
    0x0001f204   0x00000004   Code   RO         2723    .ARM.Collect$$$$00000004  mc_w.l(entry5.o)
    0x0001f208   0x00000000   Code   RO         2725    .ARM.Collect$$$$00000008  mc_w.l(entry7b.o)
    0x0001f208   0x00000000   Code   RO         2727    .ARM.Collect$$$$0000000A  mc_w.l(entry8b.o)
    0x0001f208   0x00000008   Code   RO         2728    .ARM.Collect$$$$0000000B  mc_w.l(entry9a.o)
    0x0001f210   0x00000000   Code   RO         2730    .ARM.Collect$$$$0000000D  mc_w.l(entry10a.o)
    0x0001f210   0x00000000   Code   RO         2732    .ARM.Collect$$$$0000000F  mc_w.l(entry11a.o)
    0x0001f210   0x00000004   Code   RO         2721    .ARM.Collect$$$$00002712  mc_w.l(entry2.o)
    0x0001f214   0x00000024   Code   RO         2667    .text               arm_startup_nrf52.o
    0x0001f238   0x00000024   Code   RO         2710    .text               mc_w.l(memcpya.o)
    0x0001f25c   0x00000024   Code   RO         2712    .text               mc_w.l(memseta.o)
    0x0001f280   0x00000024   Code   RO         2734    .text               mc_w.l(init.o)
    0x0001f2a4   0x000000c0   Code   RO          438    i.BLEControlLoop    flutterblecontrol.o
    0x0001f364   0x0000001a   Code   RO          308    i.BLEInit           flutterbleinit.o
    0x0001f37e   0x00000002   PAD
    0x0001f380   0x00000174   Code   RO         1164    i.GPIOTE_IRQHandler  nrf_drv_gpiote.o
    0x0001f4f4   0x00000016   Code   RO         1851    i.NVIC_ClearPendingIRQ  app_timer.o
    0x0001f50a   0x00000016   Code   RO         2522    i.NVIC_DisableIRQ   softdevice_handler.o
    0x0001f520   0x00000016   Code   RO         1852    i.NVIC_EnableIRQ    app_timer.o
    0x0001f536   0x00000016   Code   RO         2523    i.NVIC_EnableIRQ    softdevice_handler.o
    0x0001f54c   0x00000016   Code   RO         1853    i.NVIC_SetPendingIRQ  app_timer.o
    0x0001f562   0x00000020   Code   RO         1854    i.NVIC_SetPriority  app_timer.o
    0x0001f582   0x00000002   PAD
    0x0001f584   0x00000058   Code   RO          945    i.POWER_CLOCK_IRQHandler  nrf_drv_clock.o
    0x0001f5dc   0x00000024   Code   RO         1855    i.RTC1_IRQHandler   app_timer.o
    0x0001f600   0x00000024   Code   RO          481    i.ReceiveTimerInit  flutteruart.o
    0x0001f624   0x00000004   Code   RO         1856    i.SWI0_EGU0_IRQHandler  app_timer.o
    0x0001f628   0x00000024   Code   RO         2524    i.SWI2_EGU2_IRQHandler  softdevice_handler.o
    0x0001f64c   0x000002fc   Code   RO         2675    i.SystemInit        system_nrf52.o
    0x0001f948   0x0000001c   Code   RO         1407    i.UARTE0_UART0_IRQHandler  nrf_drv_uart.o
    0x0001f964   0x00000060   Code   RO          527    i.UARTInit          flutterblebsp.o
    0x0001f9c4   0x0000000c   Code   RO          482    i.UARTReceiveTimerHandler  flutteruart.o
    0x0001f9d0   0x0000000e   Code   RO         2738    i.__scatterload_copy  mc_w.l(handlers.o)
    0x0001f9de   0x00000002   Code   RO         2739    i.__scatterload_null  mc_w.l(handlers.o)
    0x0001f9e0   0x0000000e   Code   RO         2740    i.__scatterload_zeroinit  mc_w.l(handlers.o)
    0x0001f9ee   0x00000002   PAD
    0x0001f9f0   0x00000024   Code   RO         2525    i.__sd_nvic_app_accessible_irq  softdevice_handler.o
    0x0001fa14   0x00000182   Code   RO          601    i.adv_data_encode   ble_advdata.o
    0x0001fb96   0x00000002   PAD
    0x0001fb98   0x00000058   Code   RO          687    i.adv_mode_next_avail_get  ble_advertising.o
    0x0001fbf0   0x00000068   Code   RO          309    i.advertising_init  flutterbleinit.o
    0x0001fc58   0x00000024   Code   RO         1747    i.app_error_fault_handler  app_error_weak.o
    0x0001fc7c   0x00000016   Code   RO         1705    i.app_error_handler_bare  app_error.o
    0x0001fc92   0x00000016   Code   RO         1779    i.app_fifo_get      app_fifo.o
    0x0001fca8   0x00000020   Code   RO         1780    i.app_fifo_init     app_fifo.o
    0x0001fcc8   0x0000001a   Code   RO         1782    i.app_fifo_put      app_fifo.o
    0x0001fce2   0x00000002   PAD
    0x0001fce4   0x00000024   Code   RO         1859    i.app_timer_create  app_timer.o
    0x0001fd08   0x00000070   Code   RO         1860    i.app_timer_init    app_timer.o
    0x0001fd78   0x00000088   Code   RO         1861    i.app_timer_start   app_timer.o
    0x0001fe00   0x00000020   Code   RO         1862    i.app_timer_stop    app_timer.o
    0x0001fe20   0x00000034   Code   RO         2013    i.app_uart_get      app_uart_fifo.o
    0x0001fe54   0x000000b4   Code   RO         2014    i.app_uart_init     app_uart_fifo.o
    0x0001ff08   0x0000003c   Code   RO         2015    i.app_uart_put      app_uart_fifo.o
    0x0001ff44   0x00000048   Code   RO         2077    i.app_util_critical_region_enter  app_util_platform.o
    0x0001ff8c   0x00000034   Code   RO         2078    i.app_util_critical_region_exit  app_util_platform.o
    0x0001ffc0   0x000000b8   Code   RO         1408    i.apply_config      nrf_drv_uart.o
    0x00020078   0x00000068   Code   RO          602    i.ble_advdata_set   ble_advdata.o
    0x000200e0   0x00000120   Code   RO          688    i.ble_advertising_init  ble_advertising.o
    0x00020200   0x0000005c   Code   RO          689    i.ble_advertising_on_ble_evt  ble_advertising.o
    0x0002025c   0x00000104   Code   RO          693    i.ble_advertising_start  ble_advertising.o
    0x00020360   0x00000058   Code   RO          778    i.ble_conn_params_init  ble_conn_params.o
    0x000203b8   0x00000084   Code   RO          779    i.ble_conn_params_on_ble_evt  ble_conn_params.o
    0x0002043c   0x00000060   Code   RO          603    i.ble_device_addr_encode  ble_advdata.o
    0x0002049c   0x00000024   Code   RO          310    i.ble_evt_dispatch  flutterbleinit.o
    0x000204c0   0x00000064   Code   RO          898    i.ble_nus_init      ble_nus.o
    0x00020524   0x0000005c   Code   RO          899    i.ble_nus_on_ble_evt  ble_nus.o
    0x00020580   0x0000004e   Code   RO          900    i.ble_nus_string_send  ble_nus.o
    0x000205ce   0x00000008   Code   RO          841    i.ble_srv_is_notification_enabled  ble_srv_common.o
    0x000205d6   0x00000002   PAD
    0x000205d8   0x0000005c   Code   RO          311    i.ble_stack_init    flutterbleinit.o
    0x00020634   0x00000010   Code   RO         1167    i.channel_port_get  nrf_drv_gpiote.o
    0x00020644   0x00000028   Code   RO          946    i.clock_clk_started_notify  nrf_drv_clock.o
    0x0002066c   0x000000ac   Code   RO         1864    i.compare_reg_update  app_timer.o
    0x00020718   0x00000088   Code   RO          604    i.conn_int_encode   ble_advdata.o
    0x000207a0   0x00000004   Code   RO          236    i.conn_params_error_handler  flutterblecallbacks.o
    0x000207a4   0x0000004c   Code   RO          312    i.conn_params_init  flutterbleinit.o
    0x000207f0   0x0000005c   Code   RO          781    i.conn_params_negotiation  ble_conn_params.o
    0x0002084c   0x0000000e   Code   RO          417    i.convert_ascii     fluttername.o
    0x0002085a   0x00000002   PAD
    0x0002085c   0x00000040   Code   RO         1865    i.elapsed_ticks_acquire  app_timer.o
    0x0002089c   0x00000014   Code   RO         1785    i.fifo_get          app_fifo.o
    0x000208b0   0x00000012   Code   RO         1786    i.fifo_put          app_fifo.o
    0x000208c2   0x00000002   PAD
    0x000208c4   0x00000014   Code   RO         2135    i.fs_queued_op_count_get  fstorage.o
    0x000208d8   0x00000054   Code   RO          313    i.gap_params_init   flutterbleinit.o
    0x0002092c   0x0000006c   Code   RO          418    i.getDeviceName     fluttername.o
    0x00020998   0x00000024   Code   RO          528    i.initializeIO      flutterblebsp.o
    0x000209bc   0x00000078   Code   RO         2526    i.intern_softdevice_events_execute  softdevice_handler.o
    0x00020a34   0x00000078   Code   RO         1409    i.interrupts_enable  nrf_drv_uart.o
    0x00020aac   0x0000001c   Code   RO          782    i.is_conn_params_ok  ble_conn_params.o
    0x00020ac8   0x000000a8   Code   RO         1866    i.list_deletions_handler  app_timer.o
    0x00020b70   0x000000b8   Code   RO         1867    i.list_insertions_handler  app_timer.o
    0x00020c28   0x00000040   Code   RO            4    i.main              main.o
    0x00020c68   0x00000064   Code   RO          605    i.manuf_specific_data_encode  ble_advdata.o
    0x00020ccc   0x0000009c   Code   RO          606    i.name_encode       ble_advdata.o
    0x00020d68   0x00000010   Code   RO         1168    i.nrf_bitmask_bit_is_set  nrf_drv_gpiote.o
    0x00020d78   0x0000000e   Code   RO          950    i.nrf_clock_event_check  nrf_drv_clock.o
    0x00020d86   0x00000010   Code   RO          951    i.nrf_clock_event_clear  nrf_drv_clock.o
    0x00020d96   0x00000002   PAD
    0x00020d98   0x0000008c   Code   RO            5    i.nrf_delay_us      main.o
    0x00020e24   0x0000008c   Code   RO          529    i.nrf_delay_us      flutterblebsp.o
    0x00020eb0   0x0000008c   Code   RO         1868    i.nrf_delay_us      app_timer.o
    0x00020f3c   0x00000048   Code   RO          958    i.nrf_drv_clock_init  nrf_drv_clock.o
    0x00020f84   0x00000030   Code   RO          965    i.nrf_drv_clock_on_sd_enable  nrf_drv_clock.o
    0x00020fb4   0x0000000a   Code   RO          966    i.nrf_drv_clock_on_soc_event  nrf_drv_clock.o
    0x00020fbe   0x00000038   Code   RO         1125    i.nrf_drv_common_irq_enable  nrf_drv_common.o
    0x00020ff6   0x00000006   Code   RO         1411    i.nrf_drv_get_IRQn  nrf_drv_uart.o
    0x00020ffc   0x00000010   Code   RO         1412    i.nrf_drv_is_in_RAM  nrf_drv_uart.o
    0x0002100c   0x00000068   Code   RO         1414    i.nrf_drv_uart_init  nrf_drv_uart.o
    0x00021074   0x000000b0   Code   RO         1415    i.nrf_drv_uart_rx   nrf_drv_uart.o
    0x00021124   0x00000030   Code   RO         1418    i.nrf_drv_uart_rx_enable  nrf_drv_uart.o
    0x00021154   0x000000a8   Code   RO         1419    i.nrf_drv_uart_rx_for_uart  nrf_drv_uart.o
    0x000211fc   0x000000b0   Code   RO         1420    i.nrf_drv_uart_rx_for_uarte  nrf_drv_uart.o
    0x000212ac   0x0000010c   Code   RO         1421    i.nrf_drv_uart_tx   nrf_drv_uart.o
    0x000213b8   0x00000018   Code   RO         1423    i.nrf_drv_uart_tx_in_progress  nrf_drv_uart.o
    0x000213d0   0x00000024   Code   RO          530    i.nrf_gpio_cfg      flutterblebsp.o
    0x000213f4   0x00000024   Code   RO         1425    i.nrf_gpio_cfg      nrf_drv_uart.o
    0x00021418   0x00000012   Code   RO          531    i.nrf_gpio_cfg_input  flutterblebsp.o
    0x0002142a   0x00000012   Code   RO         1427    i.nrf_gpio_cfg_input  nrf_drv_uart.o
    0x0002143c   0x00000014   Code   RO          532    i.nrf_gpio_cfg_output  flutterblebsp.o
    0x00021450   0x00000014   Code   RO         1428    i.nrf_gpio_cfg_output  nrf_drv_uart.o
    0x00021464   0x00000022   Code   RO         1194    i.nrf_gpio_cfg_sense_set  nrf_drv_gpiote.o
    0x00021486   0x00000002   PAD
    0x00021488   0x00000028   Code   RO         1195    i.nrf_gpio_ports_read  nrf_drv_gpiote.o
    0x000214b0   0x00000014   Code   RO         1196    i.nrf_gpiote_event_clear  nrf_drv_gpiote.o
    0x000214c4   0x00000010   Code   RO         1197    i.nrf_gpiote_event_is_set  nrf_drv_gpiote.o
    0x000214d4   0x0000000a   Code   RO         1429    i.nrf_uart_event_check  nrf_drv_uart.o
    0x000214de   0x0000000c   Code   RO         1430    i.nrf_uart_event_clear  nrf_drv_uart.o
    0x000214ea   0x0000000c   Code   RO         1431    i.nrf_uart_int_enable_check  nrf_drv_uart.o
    0x000214f6   0x0000000a   Code   RO         1432    i.nrf_uarte_event_check  nrf_drv_uart.o
    0x00021500   0x0000000c   Code   RO         1433    i.nrf_uarte_event_clear  nrf_drv_uart.o
    0x0002150c   0x00000030   Code   RO          237    i.nus_data_handler  flutterblecallbacks.o
    0x0002153c   0x0000001a   Code   RO          238    i.on_adv_evt        flutterblecallbacks.o
    0x00021556   0x00000002   PAD
    0x00021558   0x000000d0   Code   RO          239    i.on_ble_evt        flutterblecallbacks.o
    0x00021628   0x0000001c   Code   RO          240    i.on_conn_params_evt  flutterblecallbacks.o
    0x00021644   0x00000028   Code   RO          439    i.readRemainingBytes  flutterblecontrol.o
    0x0002166c   0x00000010   Code   RO          440    i.refreshRGBLED     flutterblecontrol.o
    0x0002167c   0x0000003c   Code   RO         1869    i.rtc1_stop         app_timer.o
    0x000216b8   0x00000032   Code   RO         1435    i.rx_byte           nrf_drv_uart.o
    0x000216ea   0x000000dc   Code   RO          901    i.rx_char_add       ble_nus.o
    0x000217c6   0x00000018   Code   RO         1436    i.rx_done_event     nrf_drv_uart.o
    0x000217de   0x00000020   Code   RO         1437    i.rx_enable         nrf_drv_uart.o
    0x000217fe   0x00000002   PAD
    0x00021800   0x00000070   Code   RO         2528    i.sd_nvic_EnableIRQ  softdevice_handler.o
    0x00021870   0x00000088   Code   RO          607    i.service_data_encode  ble_advdata.o
    0x000218f8   0x00000020   Code   RO          314    i.services_init     flutterbleinit.o
    0x00021918   0x00000048   Code   RO          695    i.set_adv_mode_fast  ble_advertising.o
    0x00021960   0x00000044   Code   RO          696    i.set_adv_mode_slow  ble_advertising.o
    0x000219a4   0x00000014   Code   RO         2529    i.softdevice_ble_evt_handler_set  softdevice_handler.o
    0x000219b8   0x00000014   Code   RO         2530    i.softdevice_enable  softdevice_handler.o
    0x000219cc   0x00000026   Code   RO         2531    i.softdevice_enable_get_default_config  softdevice_handler.o
    0x000219f2   0x00000004   Code   RO         2532    i.softdevice_fault_handler  softdevice_handler.o
    0x000219f6   0x00000002   PAD
    0x000219f8   0x00000064   Code   RO         2533    i.softdevice_handler_init  softdevice_handler.o
    0x00021a5c   0x0000000c   Code   RO         2534    i.softdevice_handler_is_enabled  softdevice_handler.o
    0x00021a68   0x0000008c   Code   RO         1870    i.timer_list_handler  app_timer.o
    0x00021af4   0x0000003c   Code   RO         1871    i.timer_list_insert  app_timer.o
    0x00021b30   0x00000048   Code   RO         1872    i.timer_stop_op_schedule  app_timer.o
    0x00021b78   0x00000084   Code   RO         1873    i.timer_timeouts_check  app_timer.o
    0x00021bfc   0x00000020   Code   RO         1438    i.tx_byte           nrf_drv_uart.o
    0x00021c1c   0x000000a0   Code   RO          902    i.tx_char_add       ble_nus.o
    0x00021cbc   0x0000001c   Code   RO         1439    i.tx_done_event     nrf_drv_uart.o
    0x00021cd8   0x00000058   Code   RO          380    i.uart_event_handle  fluttercallbacks.o
    0x00021d30   0x000000a0   Code   RO         2016    i.uart_event_handler  app_uart_fifo.o
    0x00021dd0   0x0000011e   Code   RO         1440    i.uart_irq_handler  nrf_drv_uart.o
    0x00021eee   0x000000f0   Code   RO         1441    i.uarte_irq_handler  nrf_drv_uart.o
    0x00021fde   0x0000000a   Code   RO          608    i.uint16_encode     ble_advdata.o
    0x00021fe8   0x00000042   Code   RO          441    i.updateRGBBuffer   flutterblecontrol.o
    0x0002202a   0x00000002   PAD
    0x0002202c   0x00000060   Code   RO          783    i.update_timeout_handler  ble_conn_params.o
    0x0002208c   0x00000030   Code   RO         1874    i.user_op_alloc     app_timer.o
    0x000220bc   0x00000030   Code   RO          609    i.uuid_list_encode  ble_advdata.o
    0x000220ec   0x0000009e   Code   RO          610    i.uuid_list_sized_encode  ble_advdata.o
    0x0002218a   0x00000002   PAD
    0x0002218c   0x00000004   Data   RO          316    .constdata          flutterbleinit.o
    0x00022190   0x00000004   Data   RO          486    .constdata          flutteruart.o
    0x00022194   0x00000018   Data   RO          534    .constdata          flutterblebsp.o
    0x000221ac   0x00000004   Data   RO          786    .constdata          ble_conn_params.o
    0x000221b0   0x00000010   Data   RO          903    .constdata          ble_nus.o
    0x000221c0   0x00000004   Data   RO         1201    .constdata          nrf_drv_gpiote.o
    0x000221c4   0x00000020   Data   RO         2018    .constdata          app_uart_fifo.o
    0x000221e4   0x00000020   Data   RO         2736    Region$$Table       anon$$obj.o


    Execution Region RW_IRAM1 (Base: 0x20002128, Size: 0x00002710, Max: 0x0000ded8, ABSOLUTE)

    Base Addr    Size         Type   Attr      Idx    E Section Name        Object

    0x20002128   0x00000001   Data   RW            9    .data               main.o
    0x20002129   0x00000001   Data   RW           10    .data               main.o
    0x2000212a   0x00000001   Data   RW           11    .data               main.o
    0x2000212b   0x00000001   PAD
    0x2000212c   0x00000002   Data   RW          241    .data               flutterblecallbacks.o
    0x2000212e   0x00000004   Data   RW          317    .data               flutterbleinit.o
    0x20002132   0x00000001   Data   RW          382    .data               fluttercallbacks.o
    0x20002133   0x00000001   PAD
    0x20002134   0x0000001f   Data   RW          698    .data               ble_advertising.o
    0x20002153   0x00000001   PAD
    0x20002154   0x00000014   Data   RW          787    .data               ble_conn_params.o
    0x20002168   0x00000020   Data   RW         1875    .data               app_timer.o
    0x20002188   0x00000010   Data   RW         2019    .data               app_uart_fifo.o
    0x20002198   0x00000014   Data   RW         2540    .data               softdevice_handler.o
    0x200021ac   0x00000004   Data   RW         2676    .data               system_nrf52.o
    0x200021b0   0x00000078   Zero   RW            6    .bss                main.o
    0x20002228   0x000000ff   Zero   RW            7    .bss                main.o
    0x20002327   0x00000001   PAD
    0x20002328   0x0000001c   Zero   RW            8    .bss                main.o
    0x20002344   0x00000050   Zero   RW          315    .bss                flutterbleinit.o
    0x20002394   0x00000014   Zero   RW          381    .bss                fluttercallbacks.o
    0x200023a8   0x00000014   Zero   RW          419    .bss                fluttername.o
    0x200023bc   0x00000049   Zero   RW          442    .bss                flutterblecontrol.o
    0x20002405   0x00000003   PAD
    0x20002408   0x00000020   Zero   RW          485    .bss                flutteruart.o
    0x20002428   0x00000200   Zero   RW          533    .bss                flutterblebsp.o
    0x20002628   0x000000b3   Zero   RW          697    .bss                ble_advertising.o
    0x200026db   0x00000001   PAD
    0x200026dc   0x00000020   Zero   RW          784    .bss                ble_conn_params.o
    0x200026fc   0x0000001c   Zero   RW          785    .bss                ble_conn_params.o
    0x20002718   0x00000014   Zero   RW          968    .bss                nrf_drv_clock.o
    0x2000272c   0x00000058   Zero   RW         1200    .bss                nrf_drv_gpiote.o
    0x20002784   0x00000020   Zero   RW         1442    .bss                nrf_drv_uart.o
    0x200027a4   0x00000020   Zero   RW         2017    .bss                app_uart_fifo.o
    0x200027c4   0x0000000c   Zero   RW         2081    .bss                app_util_platform.o
    0x200027d0   0x00000068   Zero   RW         2144    .bss                fstorage.o
    0x20002838   0x00002000   Zero   RW         2664    STACK               arm_startup_nrf52.o


==============================================================================

Image component sizes


      Code (inc. data)   RO Data    RW Data    ZI Data      Debug   Object Name

        22          0          0          0          0       2145   app_error.o
        36         10          0          0          0      27305   app_error_weak.o
       118          0          0          0          0       4614   app_fifo.o
      1694        114          0         32          0      63271   app_timer.o
       452         42         32         16         32      10378   app_uart_fifo.o
       124         14          0          0         12       9214   app_util_platform.o
        36          8        512          0       8192        904   arm_startup_nrf52.o
      1330          0          0          0          0      30068   ble_advdata.o
       868         54          0         31        179       9284   ble_advertising.o
       436         54          4         20         60       5452   ble_conn_params.o
       650          6         16          0          0       5502   ble_nus.o
         8          0          0          0          0       1306   ble_srv_common.o
       346         24         24          0        512       8174   flutterblebsp.o
       314         16          0          2          0       9127   flutterblecallbacks.o
       314         24          0          0         73       3711   flutterblecontrol.o
       450         42          4          4         80       6957   flutterbleinit.o
        88         16          0          1         20        752   fluttercallbacks.o
       122          6          0          0         20       1680   fluttername.o
        48         12          4          0         32       1875   flutteruart.o
        20          4          0          0        104       3572   fstorage.o
       204         12          0          3        403     111626   main.o
       288         22          0          0         20      12016   nrf_drv_clock.o
        56          0          0          0          0      27507   nrf_drv_common.o
       514         30          4          0         88      20028   nrf_drv_gpiote.o
      2140         66          0          0         32      40349   nrf_drv_uart.o
       542         46          0         20          0      42219   softdevice_handler.o
       764         64          0          4          0       2879   system_nrf52.o

    ----------------------------------------------------------------------
     12012        686        632        136       9864     461915   Object Totals
         0          0         32          0          0          0   (incl. Generated)
        28          0          0          3          5          0   (incl. Padding)

    ----------------------------------------------------------------------

      Code (inc. data)   RO Data    RW Data    ZI Data      Debug   Library Member Name

         0          0          0          0          0          0   entry.o
         0          0          0          0          0          0   entry10a.o
         0          0          0          0          0          0   entry11a.o
         8          4          0          0          0          0   entry2.o
         4          0          0          0          0          0   entry5.o
         0          0          0          0          0          0   entry7b.o
         0          0          0          0          0          0   entry8b.o
         8          4          0          0          0          0   entry9a.o
        30          0          0          0          0          0   handlers.o
        36          8          0          0          0         68   init.o
        36          0          0          0          0         68   memcpya.o
        36          0          0          0          0        108   memseta.o

    ----------------------------------------------------------------------
       160         16          0          0          0        244   Library Totals
         2          0          0          0          0          0   (incl. Padding)

    ----------------------------------------------------------------------

      Code (inc. data)   RO Data    RW Data    ZI Data      Debug   Library Name

       158         16          0          0          0        244   mc_w.l

    ----------------------------------------------------------------------
       160         16          0          0          0        244   Library Totals

    ----------------------------------------------------------------------

==============================================================================


      Code (inc. data)   RO Data    RW Data    ZI Data      Debug   

     12172        702        632        136       9864     448211   Grand Totals
     12172        702        632        136       9864     448211   ELF Image Totals
     12172        702        632        136          0          0   ROM Totals

==============================================================================

    Total RO  Size (Code + RO Data)                12804 (  12.50kB)
    Total RW  Size (RW Data + ZI Data)             10000 (   9.77kB)
    Total ROM Size (Code + RO Data + RW Data)      12940 (  12.64kB)

==============================================================================

