Component: ARM Compiler 5.06 update 4 (build 422) Tool: armlink [4d35d2]

==============================================================================

Section Cross References

    main.o(i.main) refers to app_timer.o(i.app_timer_init) for app_timer_init
    main.o(i.main) refers to app_error.o(i.app_error_handler_bare) for app_error_handler_bare
    main.o(i.main) refers to flutterblebsp.o(i.UARTInit) for UARTInit
    main.o(i.main) refers to flutterblebsp.o(i.initializeIO) for initializeIO
    main.o(i.main) refers to flutterbleinit.o(i.BLEInit) for BLEInit
    main.o(i.main) refers to flutterled.o(i.LEDSPIInit) for LEDSPIInit
    main.o(i.main) refers to ble_advertising.o(i.ble_advertising_start) for ble_advertising_start
    main.o(i.main) refers to flutterblecontrol.o(i.BLEControlLoop) for BLEControlLoop
    main.o(i.main) refers to main.o(i.nrf_delay_us) for nrf_delay_us
    main.o(i.main) refers to main.o(.bss) for .bss
    main.o(i.nrf_delay_us) refers to system_nrf52.o(.data) for SystemCoreClock
    flutterblecallbacks.o(i.assert_nrf_callback) refers to app_error.o(i.app_error_handler) for app_error_handler
    flutterblecallbacks.o(i.conn_params_error_handler) refers to app_error.o(i.app_error_handler_bare) for app_error_handler_bare
    flutterblecallbacks.o(i.nus_data_handler) refers to main.o(.bss) for BLEReceiveBuffer
    flutterblecallbacks.o(i.nus_data_handler) refers to main.o(.data) for headPointerReceiveBuffer
    flutterblecallbacks.o(i.on_ble_evt) refers to app_error.o(i.app_error_handler_bare) for app_error_handler_bare
    flutterblecallbacks.o(i.on_ble_evt) refers to memcpya.o(.text) for __aeabi_memcpy
    flutterblecallbacks.o(i.on_ble_evt) refers to flutterblecallbacks.o(.data) for .data
    flutterblecallbacks.o(i.on_conn_params_evt) refers to app_error.o(i.app_error_handler_bare) for app_error_handler_bare
    flutterblecallbacks.o(i.on_conn_params_evt) refers to flutterblecallbacks.o(.data) for .data
    flutterbleinit.o(i.BLEInit) refers to flutterbleinit.o(i.ble_stack_init) for ble_stack_init
    flutterbleinit.o(i.BLEInit) refers to flutterbleinit.o(i.gap_params_init) for gap_params_init
    flutterbleinit.o(i.BLEInit) refers to flutterbleinit.o(i.services_init) for services_init
    flutterbleinit.o(i.BLEInit) refers to flutterbleinit.o(i.advertising_init) for advertising_init
    flutterbleinit.o(i.BLEInit) refers to flutterbleinit.o(i.conn_params_init) for conn_params_init
    flutterbleinit.o(i.advertising_init) refers to memseta.o(.text) for __aeabi_memclr4
    flutterbleinit.o(i.advertising_init) refers to ble_advertising.o(i.ble_advertising_init) for ble_advertising_init
    flutterbleinit.o(i.advertising_init) refers to app_error.o(i.app_error_handler_bare) for app_error_handler_bare
    flutterbleinit.o(i.advertising_init) refers to flutterbleinit.o(.data) for .data
    flutterbleinit.o(i.advertising_init) refers to flutterblecallbacks.o(i.on_adv_evt) for on_adv_evt
    flutterbleinit.o(i.ble_evt_dispatch) refers to ble_conn_params.o(i.ble_conn_params_on_ble_evt) for ble_conn_params_on_ble_evt
    flutterbleinit.o(i.ble_evt_dispatch) refers to ble_nus.o(i.ble_nus_on_ble_evt) for ble_nus_on_ble_evt
    flutterbleinit.o(i.ble_evt_dispatch) refers to flutterblecallbacks.o(i.on_ble_evt) for on_ble_evt
    flutterbleinit.o(i.ble_evt_dispatch) refers to ble_advertising.o(i.ble_advertising_on_ble_evt) for ble_advertising_on_ble_evt
    flutterbleinit.o(i.ble_evt_dispatch) refers to main.o(.bss) for m_nus
    flutterbleinit.o(i.ble_stack_init) refers to softdevice_handler.o(i.softdevice_handler_init) for softdevice_handler_init
    flutterbleinit.o(i.ble_stack_init) refers to app_error.o(i.app_error_handler_bare) for app_error_handler_bare
    flutterbleinit.o(i.ble_stack_init) refers to softdevice_handler.o(i.softdevice_enable_get_default_config) for softdevice_enable_get_default_config
    flutterbleinit.o(i.ble_stack_init) refers to softdevice_handler.o(i.softdevice_enable) for softdevice_enable
    flutterbleinit.o(i.ble_stack_init) refers to softdevice_handler.o(i.softdevice_ble_evt_handler_set) for softdevice_ble_evt_handler_set
    flutterbleinit.o(i.ble_stack_init) refers to flutterbleinit.o(.constdata) for .constdata
    flutterbleinit.o(i.ble_stack_init) refers to flutterbleinit.o(.bss) for .bss
    flutterbleinit.o(i.ble_stack_init) refers to flutterbleinit.o(i.ble_evt_dispatch) for ble_evt_dispatch
    flutterbleinit.o(i.conn_params_init) refers to memseta.o(.text) for __aeabi_memclr4
    flutterbleinit.o(i.conn_params_init) refers to ble_conn_params.o(i.ble_conn_params_init) for ble_conn_params_init
    flutterbleinit.o(i.conn_params_init) refers to app_error.o(i.app_error_handler_bare) for app_error_handler_bare
    flutterbleinit.o(i.conn_params_init) refers to flutterblecallbacks.o(i.on_conn_params_evt) for on_conn_params_evt
    flutterbleinit.o(i.conn_params_init) refers to flutterblecallbacks.o(i.conn_params_error_handler) for conn_params_error_handler
[...]
    ..\\components\\libraries\\util\\app_error.c 0x00000000   Number         0  app_error.o ABSOLUTE
    ..\\components\\libraries\\util\\app_error_weak.c 0x00000000   Number         0  app_error_weak.o ABSOLUTE
    ..\\components\\libraries\\util\\app_util_platform.c 0x00000000   Number         0  app_util_platform.o ABSOLUTE
    ..\\components\\libraries\\util\\nrf_assert.c 0x00000000   Number         0  nrf_assert.o ABSOLUTE
    ..\\components\\softdevice\\common\\softdevice_handler\\softdevice_handler.c 0x00000000   Number         0  softdevice_handler.o ABSOLUTE
    ..\\external\\segger_rtt\\SEGGER_RTT.c   0x00000000   Number         0  segger_rtt.o ABSOLUTE
    ..\components\ble\ble_advertising\ble_advertising.c 0x00000000   Number         0  ble_advertising.o ABSOLUTE
    ..\components\ble\ble_services\ble_nus\ble_nus.c 0x00000000   Number         0  ble_nus.o ABSOLUTE
    ..\components\ble\common\ble_advdata.c   0x00000000   Number         0  ble_advdata.o ABSOLUTE
    ..\components\ble\common\ble_conn_params.c 0x00000000   Number         0  ble_conn_params.o ABSOLUTE
    ..\components\ble\common\ble_srv_common.c 0x00000000   Number         0  ble_srv_common.o ABSOLUTE
    ..\components\drivers_nrf\clock\nrf_drv_clock.c 0x00000000   Number         0  nrf_drv_clock.o ABSOLUTE
    ..\components\drivers_nrf\common\nrf_drv_common.c 0x00000000   Number         0  nrf_drv_common.o ABSOLUTE
    ..\components\drivers_nrf\gpiote\nrf_drv_gpiote.c 0x00000000   Number         0  nrf_drv_gpiote.o ABSOLUTE
    ..\components\drivers_nrf\spi_master\nrf_drv_spi.c 0x00000000   Number         0  nrf_drv_spi.o ABSOLUTE
    ..\components\drivers_nrf\uart\nrf_drv_uart.c 0x00000000   Number         0  nrf_drv_uart.o ABSOLUTE
    ..\components\libraries\button\app_button.c 0x00000000   Number         0  app_button.o ABSOLUTE
    ..\components\libraries\fifo\app_fifo.c  0x00000000   Number         0  app_fifo.o ABSOLUTE
    ..\components\libraries\fstorage\fstorage.c 0x00000000   Number         0  fstorage.o ABSOLUTE
    ..\components\libraries\hardfault\hardfault_implementation.c 0x00000000   Number         0  hardfault_implementation.o ABSOLUTE
    ..\components\libraries\log\src\nrf_log_backend_serial.c 0x00000000   Number         0  nrf_log_backend_serial.o ABSOLUTE
    ..\components\libraries\log\src\nrf_log_frontend.c 0x00000000   Number         0  nrf_log_frontend.o ABSOLUTE
    ..\components\libraries\timer\app_timer.c 0x00000000   Number         0  app_timer.o ABSOLUTE
    ..\components\libraries\uart\app_uart_fifo.c 0x00000000   Number         0  app_uart_fifo.o ABSOLUTE
    ..\components\libraries\uart\retarget.c  0x00000000   Number         0  retarget.o ABSOLUTE
    ..\components\libraries\util\app_error.c 0x00000000   Number         0  app_error.o ABSOLUTE
    ..\components\libraries\util\app_error_weak.c 0x00000000   Number         0  app_error_weak.o ABSOLUTE
    ..\components\libraries\util\app_util_platform.c 0x00000000   Number         0  app_util_platform.o ABSOLUTE
    ..\components\libraries\util\nrf_assert.c 0x00000000   Number         0  nrf_assert.o ABSOLUTE
    ..\components\libraries\util\sdk_errors.c 0x00000000   Number         0  sdk_errors.o ABSOLUTE
    ..\components\softdevice\common\softdevice_handler\softdevice_handler.c 0x00000000   Number         0  softdevice_handler.o ABSOLUTE
    ..\external\segger_rtt\RTT_Syscalls_KEIL.c 0x00000000   Number         0  rtt_syscalls_keil.o ABSOLUTE
    ..\external\segger_rtt\SEGGER_RTT.c      0x00000000   Number         0  segger_rtt.o ABSOLUTE
    ..\external\segger_rtt\SEGGER_RTT_printf.c 0x00000000   Number         0  segger_rtt_printf.o ABSOLUTE
    FlutterBLEControl.c                      0x00000000   Number         0  flutterblecontrol.o ABSOLUTE
    FlutterBLEControl.c                      0x00000000   Number         0  flutterblecontrol.o ABSOLUTE
    FlutterBatteryMonitor.c                  0x00000000   Number         0  flutterbatterymonitor.o ABSOLUTE
    FlutterBatteryMonitor.c                  0x00000000   Number         0  flutterbatterymonitor.o ABSOLUTE
    FlutterLED.c                             0x00000000   Number         0  flutterled.o ABSOLUTE
    FlutterLED.c                             0x00000000   Number         0  flutterled.o ABSOLUTE
    FlutterUART.c                            0x00000000   Number         0  flutteruart.o ABSOLUTE
    FlutterUART.c                            0x00000000   Number         0  flutteruart.o ABSOLUTE
    RTE\Device\nRF52832_xxAA\arm_startup_nrf52.s 0x00000000   Number         0  arm_startup_nrf52.o ABSOLUTE
    RTE\Device\nRF52832_xxAA\system_nrf52.c  0x00000000   Number         0  system_nrf52.o ABSOLUTE
    RTE\\Device\\nRF52832_xxAA\\system_nrf52.c 0x00000000   Number         0  system_nrf52.o ABSOLUTE
    Source\FlutterBLEBSP.c                   0x00000000   Number         0  flutterblebsp.o ABSOLUTE
    Source\FlutterBLECallbacks.c             0x00000000   Number         0  flutterblecallbacks.o ABSOLUTE
    Source\FlutterBLEInit.c                  0x00000000   Number         0  flutterbleinit.o ABSOLUTE
    Source\FlutterCallbacks.c                0x00000000   Number         0  fluttercallbacks.o ABSOLUTE
    Source\FlutterName.c                     0x00000000   Number         0  fluttername.o ABSOLUTE
    Source\\FlutterBLEBSP.c                  0x00000000   Number         0  flutterblebsp.o ABSOLUTE
    Source\\FlutterBLECallbacks.c            0x00000000   Number         0  flutterblecallbacks.o ABSOLUTE
    Source\\FlutterBLEInit.c                 0x00000000   Number         0  flutterbleinit.o ABSOLUTE
    Source\\FlutterCallbacks.c               0x00000000   Number         0  fluttercallbacks.o ABSOLUTE
    Source\\main.c                           0x00000000   Number         0  main.o ABSOLUTE
    Source\main.c                            0x00000000   Number         0  main.o ABSOLUTE
    dc.s                                     0x00000000   Number         0  dc.o ABSOLUTE
    handlers.s                               0x00000000   Number         0  handlers.o ABSOLUTE
    init.s                                   0x00000000   Number         0  init.o ABSOLUTE
    RESET                                    0x0001f000   Section      512  arm_startup_nrf52.o(RESET)
    .ARM.Collect$$$$00000000                 0x0001f200   Section        0  entry.o(.ARM.Collect$$$$00000000)
    .ARM.Collect$$$$00000001                 0x0001f200   Section        4  entry2.o(.ARM.Collect$$$$00000001)
    .ARM.Collect$$$$00000004                 0x0001f204   Section        4  entry5.o(.ARM.Collect$$$$00000004)
    .ARM.Collect$$$$00000008                 0x0001f208   Section        0  entry7b.o(.ARM.Collect$$$$00000008)
    .ARM.Collect$$$$0000000A                 0x0001f208   Section        0  entry8b.o(.ARM.Collect$$$$0000000A)
    .ARM.Collect$$$$0000000B                 0x0001f208   Section        8  entry9a.o(.ARM.Collect$$$$0000000B)
    .ARM.Collect$$$$0000000D                 0x0001f210   Section        0  entry10a.o(.ARM.Collect$$$$0000000D)
    .ARM.Collect$$$$0000000F                 0x0001f210   Section        0  entry11a.o(.ARM.Collect$$$$0000000F)
    .ARM.Collect$$$$00002712                 0x0001f210   Section        4  entry2.o(.ARM.Collect$$$$00002712)
    __lit__00000000                          0x0001f210   Data           4  entry2.o(.ARM.Collect$$$$00002712)
    .text                                    0x0001f214   Section       36  arm_startup_nrf52.o(.text)
    $v0                                      0x0001f214   Number         0  arm_startup_nrf52.o(.text)
    .text                                    0x0001f238   Section        0  memcpya.o(.text)
    .text                                    0x0001f25c   Section        0  memseta.o(.text)
    .text                                    0x0001f280   Section       36  init.o(.text)
    i.BLEControlLoop                         0x0001f2a4   Section        0  flutterblecontrol.o(i.BLEControlLoop)
    i.BLEInit                                0x0001f364   Section        0  flutterbleinit.o(i.BLEInit)
    i.GPIOTE_IRQHandler                      0x0001f380   Section        0  nrf_drv_gpiote.o(i.GPIOTE_IRQHandler)
    i.LEDSPIInit                             0x0001f4f4   Section        0  flutterled.o(i.LEDSPIInit)
    i.NVIC_ClearPendingIRQ                   0x0001f550   Section        0  app_timer.o(i.NVIC_ClearPendingIRQ)
    NVIC_ClearPendingIRQ                     0x0001f551   Thumb Code    22  app_timer.o(i.NVIC_ClearPendingIRQ)
    i.NVIC_DisableIRQ                        0x0001f566   Section        0  softdevice_handler.o(i.NVIC_DisableIRQ)
    NVIC_DisableIRQ                          0x0001f567   Thumb Code    22  softdevice_handler.o(i.NVIC_DisableIRQ)
    i.NVIC_EnableIRQ                         0x0001f57c   Section        0  app_timer.o(i.NVIC_EnableIRQ)
    NVIC_EnableIRQ                           0x0001f57d   Thumb Code    22  app_timer.o(i.NVIC_EnableIRQ)
    i.NVIC_EnableIRQ                         0x0001f592   Section        0  softdevice_handler.o(i.NVIC_EnableIRQ)
    NVIC_EnableIRQ                           0x0001f593   Thumb Code    22  softdevice_handler.o(i.NVIC_EnableIRQ)
    i.NVIC_SetPendingIRQ                     0x0001f5a8   Section        0  app_timer.o(i.NVIC_SetPendingIRQ)
    NVIC_SetPendingIRQ                       0x0001f5a9   Thumb Code    22  app_timer.o(i.NVIC_SetPendingIRQ)
    i.NVIC_SetPriority                       0x0001f5be   Section        0  app_timer.o(i.NVIC_SetPriority)
    NVIC_SetPriority                         0x0001f5bf   Thumb Code    32  app_timer.o(i.NVIC_SetPriority)
    i.POWER_CLOCK_IRQHandler                 0x0001f5e0   Section        0  nrf_drv_clock.o(i.POWER_CLOCK_IRQHandler)
    i.RTC1_IRQHandler                        0x0001f638   Section        0  app_timer.o(i.RTC1_IRQHandler)
    i.ReceiveTimerInit                       0x0001f65c   Section        0  flutteruart.o(i.ReceiveTimerInit)
    i.SPIM0_SPIS0_TWIM0_TWIS0_SPI0_TWI0_IRQHandler 0x0001f680   Section        0  nrf_drv_spi.o(i.SPIM0_SPIS0_TWIM0_TWIS0_SPI0_TWI0_IRQHandler)
    i.SWI0_EGU0_IRQHandler                   0x0001f6c8   Section        0  app_timer.o(i.SWI0_EGU0_IRQHandler)
    i.SWI2_EGU2_IRQHandler                   0x0001f6cc   Section        0  softdevice_handler.o(i.SWI2_EGU2_IRQHandler)
    i.SetAllLEDs                             0x0001f6f0   Section        0  flutterled.o(i.SetAllLEDs)
    SetAllLEDs                               0x0001f6f1   Thumb Code    78  flutterled.o(i.SetAllLEDs)
    i.SystemInit                             0x0001f748   Section        0  system_nrf52.o(i.SystemInit)
    i.UARTE0_UART0_IRQHandler                0x0001fa44   Section        0  nrf_drv_uart.o(i.UARTE0_UART0_IRQHandler)
    i.UARTInit                               0x0001fa60   Section        0  flutterblebsp.o(i.UARTInit)
    i.UARTReceiveTimerHandler                0x0001fac0   Section        0  flutteruart.o(i.UARTReceiveTimerHandler)
    i.__scatterload_copy                     0x0001facc   Section       14  handlers.o(i.__scatterload_copy)
    i.__scatterload_null                     0x0001fada   Section        2  handlers.o(i.__scatterload_null)
    i.__scatterload_zeroinit                 0x0001fadc   Section       14  handlers.o(i.__scatterload_zeroinit)
    i.__sd_nvic_app_accessible_irq           0x0001faec   Section        0  softdevice_handler.o(i.__sd_nvic_app_accessible_irq)
    __sd_nvic_app_accessible_irq             0x0001faed   Thumb Code    32  softdevice_handler.o(i.__sd_nvic_app_accessible_irq)
    i.adv_data_encode                        0x0001fb10   Section        0  ble_advdata.o(i.adv_data_encode)
    i.adv_mode_next_avail_get                0x0001fc94   Section        0  ble_advertising.o(i.adv_mode_next_avail_get)
    adv_mode_next_avail_get                  0x0001fc95   Thumb Code    80  ble_advertising.o(i.adv_mode_next_avail_get)
    i.advertising_init                       0x0001fcec   Section        0  flutterbleinit.o(i.advertising_init)
    i.app_error_fault_handler                0x0001fd54   Section        0  app_error_weak.o(i.app_error_fault_handler)
    i.app_error_handler_bare                 0x0001fd78   Section        0  app_error.o(i.app_error_handler_bare)
    i.app_fifo_get                           0x0001fd8e   Section        0  app_fifo.o(i.app_fifo_get)
    i.app_fifo_init                          0x0001fda4   Section        0  app_fifo.o(i.app_fifo_init)
    i.app_fifo_put                           0x0001fdc4   Section        0  app_fifo.o(i.app_fifo_put)
    i.app_timer_create                       0x0001fde0   Section        0  app_timer.o(i.app_timer_create)
    i.app_timer_init                         0x0001fe04   Section        0  app_timer.o(i.app_timer_init)
    i.app_timer_start                        0x0001fe74   Section        0  app_timer.o(i.app_timer_start)
    i.app_timer_stop                         0x0001fefc   Section        0  app_timer.o(i.app_timer_stop)
    i.app_uart_get                           0x0001ff1c   Section        0  app_uart_fifo.o(i.app_uart_get)
    i.app_uart_init                          0x0001ff50   Section        0  app_uart_fifo.o(i.app_uart_init)
    i.app_uart_put                           0x00020004   Section        0  app_uart_fifo.o(i.app_uart_put)
    i.app_util_critical_region_enter         0x00020040   Section        0  app_util_platform.o(i.app_util_critical_region_enter)
    i.app_util_critical_region_exit          0x00020088   Section        0  app_util_platform.o(i.app_util_critical_region_exit)
    i.apply_config                           0x000200bc   Section        0  nrf_drv_uart.o(i.apply_config)
    apply_config                             0x000200bd   Thumb Code   180  nrf_drv_uart.o(i.apply_config)
    i.ble_advdata_set                        0x00020174   Section        0  ble_advdata.o(i.ble_advdata_set)
    i.ble_advertising_init                   0x000201dc   Section        0  ble_advertising.o(i.ble_advertising_init)
    i.ble_advertising_on_ble_evt             0x000202fc   Section        0  ble_advertising.o(i.ble_advertising_on_ble_evt)
    i.ble_advertising_start                  0x00020358   Section        0  ble_advertising.o(i.ble_advertising_start)
    i.ble_conn_params_init                   0x0002045c   Section        0  ble_conn_params.o(i.ble_conn_params_init)
    i.ble_conn_params_on_ble_evt             0x000204b4   Section        0  ble_conn_params.o(i.ble_conn_params_on_ble_evt)
    i.ble_device_addr_encode                 0x00020538   Section        0  ble_advdata.o(i.ble_device_addr_encode)
    ble_device_addr_encode                   0x00020539   Thumb Code    96  ble_advdata.o(i.ble_device_addr_encode)
    i.ble_evt_dispatch                       0x00020598   Section        0  flutterbleinit.o(i.ble_evt_dispatch)
    ble_evt_dispatch                         0x00020599   Thumb Code    32  flutterbleinit.o(i.ble_evt_dispatch)
    i.ble_nus_init                           0x000205bc   Section        0  ble_nus.o(i.ble_nus_init)
    i.ble_nus_on_ble_evt                     0x00020620   Section        0  ble_nus.o(i.ble_nus_on_ble_evt)
    i.ble_nus_string_send                    0x0002067c   Section        0  ble_nus.o(i.ble_nus_string_send)
    i.ble_srv_is_notification_enabled        0x000206ca   Section        0  ble_srv_common.o(i.ble_srv_is_notification_enabled)
    i.ble_stack_init                         0x000206d4   Section        0  flutterbleinit.o(i.ble_stack_init)
    i.channel_port_get                       0x00020730   Section        0  nrf_drv_gpiote.o(i.channel_port_get)
    channel_port_get                         0x00020731   Thumb Code    10  nrf_drv_gpiote.o(i.channel_port_get)
    i.clock_clk_started_notify               0x00020740   Section        0  nrf_drv_clock.o(i.clock_clk_started_notify)
    clock_clk_started_notify                 0x00020741   Thumb Code    34  nrf_drv_clock.o(i.clock_clk_started_notify)
    i.compare_reg_update                     0x00020768   Section        0  app_timer.o(i.compare_reg_update)
    compare_reg_update                       0x00020769   Thumb Code   160  app_timer.o(i.compare_reg_update)
    i.conn_int_encode                        0x00020814   Section        0  ble_advdata.o(i.conn_int_encode)
    conn_int_encode                          0x00020815   Thumb Code   136  ble_advdata.o(i.conn_int_encode)
    i.conn_params_error_handler              0x0002089c   Section        0  flutterblecallbacks.o(i.conn_params_error_handler)
    i.conn_params_init                       0x000208a0   Section        0  flutterbleinit.o(i.conn_params_init)
    i.conn_params_negotiation                0x000208ec   Section        0  ble_conn_params.o(i.conn_params_negotiation)
    conn_params_negotiation                  0x000208ed   Thumb Code    78  ble_conn_params.o(i.conn_params_negotiation)
    i.convertColorSPIData                    0x00020948   Section        0  flutterled.o(i.convertColorSPIData)
    convertColorSPIData                      0x00020949   Thumb Code   242  flutterled.o(i.convertColorSPIData)
    i.convert_ascii                          0x00020a44   Section        0  fluttername.o(i.convert_ascii)
    convert_ascii                            0x00020a45   Thumb Code    14  fluttername.o(i.convert_ascii)
    i.elapsed_ticks_acquire                  0x00020a54   Section        0  app_timer.o(i.elapsed_ticks_acquire)
    elapsed_ticks_acquire                    0x00020a55   Thumb Code    58  app_timer.o(i.elapsed_ticks_acquire)
    i.fifo_get                               0x00020a94   Section        0  app_fifo.o(i.fifo_get)
    fifo_get                                 0x00020a95   Thumb Code    20  app_fifo.o(i.fifo_get)
    i.fifo_put                               0x00020aa8   Section        0  app_fifo.o(i.fifo_put)
    fifo_put                                 0x00020aa9   Thumb Code    18  app_fifo.o(i.fifo_put)
    i.fs_queued_op_count_get                 0x00020abc   Section        0  fstorage.o(i.fs_queued_op_count_get)
    i.gap_params_init                        0x00020ad0   Section        0  flutterbleinit.o(i.gap_params_init)
    i.getDeviceName                          0x00020b24   Section        0  fluttername.o(i.getDeviceName)
    i.initLEDS                               0x00020b90   Section        0  flutterled.o(i.initLEDS)
    i.initLEDZero                            0x00020c08   Section        0  flutterled.o(i.initLEDZero)
    i.initializeIO                           0x00020c2c   Section        0  flutterblebsp.o(i.initializeIO)
    i.intern_softdevice_events_execute       0x00020c50   Section        0  softdevice_handler.o(i.intern_softdevice_events_execute)
    i.interrupts_enable                      0x00020cc8   Section        0  nrf_drv_uart.o(i.interrupts_enable)
    interrupts_enable                        0x00020cc9   Thumb Code   106  nrf_drv_uart.o(i.interrupts_enable)
    i.is_conn_params_ok                      0x00020d40   Section        0  ble_conn_params.o(i.is_conn_params_ok)
    is_conn_params_ok                        0x00020d41   Thumb Code    24  ble_conn_params.o(i.is_conn_params_ok)
    i.list_deletions_handler                 0x00020d5c   Section        0  app_timer.o(i.list_deletions_handler)
    list_deletions_handler                   0x00020d5d   Thumb Code   158  app_timer.o(i.list_deletions_handler)
    i.list_insertions_handler                0x00020e04   Section        0  app_timer.o(i.list_insertions_handler)
    list_insertions_handler                  0x00020e05   Thumb Code   174  app_timer.o(i.list_insertions_handler)
    i.main                                   0x00020ebc   Section        0  main.o(i.main)
    i.manuf_specific_data_encode             0x00020f00   Section        0  ble_advdata.o(i.manuf_specific_data_encode)
    manuf_specific_data_encode               0x00020f01   Thumb Code   100  ble_advdata.o(i.manuf_specific_data_encode)
    i.name_encode                            0x00020f64   Section        0  ble_advdata.o(i.name_encode)
    name_encode                              0x00020f65   Thumb Code   156  ble_advdata.o(i.name_encode)
    i.nrf_bitmask_bit_is_set                 0x00021000   Section        0  nrf_drv_gpiote.o(i.nrf_bitmask_bit_is_set)
    nrf_bitmask_bit_is_set                   0x00021001   Thumb Code    16  nrf_drv_gpiote.o(i.nrf_bitmask_bit_is_set)
    i.nrf_clock_event_check                  0x00021010   Section        0  nrf_drv_clock.o(i.nrf_clock_event_check)
    nrf_clock_event_check                    0x00021011   Thumb Code    14  nrf_drv_clock.o(i.nrf_clock_event_check)
    i.nrf_clock_event_clear                  0x0002101e   Section        0  nrf_drv_clock.o(i.nrf_clock_event_clear)
    nrf_clock_event_clear                    0x0002101f   Thumb Code    16  nrf_drv_clock.o(i.nrf_clock_event_clear)
    i.nrf_delay_us                           0x00021030   Section        0  main.o(i.nrf_delay_us)
    nrf_delay_us                             0x00021031   Thumb Code   132  main.o(i.nrf_delay_us)
    i.nrf_delay_us                           0x000210bc   Section        0  flutterblebsp.o(i.nrf_delay_us)
    nrf_delay_us                             0x000210bd   Thumb Code   132  flutterblebsp.o(i.nrf_delay_us)
    i.nrf_delay_us                           0x00021148   Section        0  app_timer.o(i.nrf_delay_us)
    nrf_delay_us                             0x00021149   Thumb Code   132  app_timer.o(i.nrf_delay_us)
    i.nrf_drv_clock_init                     0x000211d4   Section        0  nrf_drv_clock.o(i.nrf_drv_clock_init)
    i.nrf_drv_clock_on_sd_enable             0x0002121c   Section        0  nrf_drv_clock.o(i.nrf_drv_clock_on_sd_enable)
    i.nrf_drv_clock_on_soc_event             0x0002124c   Section        0  nrf_drv_clock.o(i.nrf_drv_clock_on_soc_event)
    i.nrf_drv_common_irq_enable              0x00021256   Section        0  nrf_drv_common.o(i.nrf_drv_common_irq_enable)
    i.nrf_drv_get_IRQn                       0x0002128e   Section        0  nrf_drv_uart.o(i.nrf_drv_get_IRQn)
    nrf_drv_get_IRQn                         0x0002128f   Thumb Code     6  nrf_drv_uart.o(i.nrf_drv_get_IRQn)
    i.nrf_drv_is_in_RAM                      0x00021294   Section        0  nrf_drv_uart.o(i.nrf_drv_is_in_RAM)
    nrf_drv_is_in_RAM                        0x00021295   Thumb Code    16  nrf_drv_uart.o(i.nrf_drv_is_in_RAM)
    i.nrf_drv_is_in_RAM                      0x000212a4   Section        0  nrf_drv_spi.o(i.nrf_drv_is_in_RAM)
    nrf_drv_is_in_RAM                        0x000212a5   Thumb Code    16  nrf_drv_spi.o(i.nrf_drv_is_in_RAM)
    i.nrf_drv_spi_init                       0x000212b4   Section        0  nrf_drv_spi.o(i.nrf_drv_spi_init)
    i.nrf_drv_spi_transfer                   0x000213d0   Section        0  nrf_drv_spi.o(i.nrf_drv_spi_transfer)
    i.nrf_drv_spi_xfer                       0x000213ec   Section        0  nrf_drv_spi.o(i.nrf_drv_spi_xfer)
    i.nrf_drv_uart_init                      0x00021448   Section        0  nrf_drv_uart.o(i.nrf_drv_uart_init)
    i.nrf_drv_uart_rx                        0x000214b0   Section        0  nrf_drv_uart.o(i.nrf_drv_uart_rx)
    i.nrf_drv_uart_rx_enable                 0x00021560   Section        0  nrf_drv_uart.o(i.nrf_drv_uart_rx_enable)
    i.nrf_drv_uart_rx_for_uart               0x00021590   Section        0  nrf_drv_uart.o(i.nrf_drv_uart_rx_for_uart)
    nrf_drv_uart_rx_for_uart                 0x00021591   Thumb Code   162  nrf_drv_uart.o(i.nrf_drv_uart_rx_for_uart)
    i.nrf_drv_uart_rx_for_uarte              0x00021638   Section        0  nrf_drv_uart.o(i.nrf_drv_uart_rx_for_uarte)
    nrf_drv_uart_rx_for_uarte                0x00021639   Thumb Code   172  nrf_drv_uart.o(i.nrf_drv_uart_rx_for_uarte)
    i.nrf_drv_uart_tx                        0x000216e8   Section        0  nrf_drv_uart.o(i.nrf_drv_uart_tx)
    i.nrf_drv_uart_tx_in_progress            0x000217f4   Section        0  nrf_drv_uart.o(i.nrf_drv_uart_tx_in_progress)
    i.nrf_gpio_cfg                           0x0002180c   Section        0  flutterblebsp.o(i.nrf_gpio_cfg)
    nrf_gpio_cfg                             0x0002180d   Thumb Code    36  flutterblebsp.o(i.nrf_gpio_cfg)
    i.nrf_gpio_cfg                           0x00021830   Section        0  nrf_drv_uart.o(i.nrf_gpio_cfg)
    nrf_gpio_cfg                             0x00021831   Thumb Code    36  nrf_drv_uart.o(i.nrf_gpio_cfg)
    i.nrf_gpio_cfg                           0x00021854   Section        0  nrf_drv_spi.o(i.nrf_gpio_cfg)
    nrf_gpio_cfg                             0x00021855   Thumb Code    36  nrf_drv_spi.o(i.nrf_gpio_cfg)
    i.nrf_gpio_cfg_input                     0x00021878   Section        0  flutterblebsp.o(i.nrf_gpio_cfg_input)
    nrf_gpio_cfg_input                       0x00021879   Thumb Code    18  flutterblebsp.o(i.nrf_gpio_cfg_input)
    i.nrf_gpio_cfg_input                     0x0002188a   Section        0  nrf_drv_uart.o(i.nrf_gpio_cfg_input)
    nrf_gpio_cfg_input                       0x0002188b   Thumb Code    18  nrf_drv_uart.o(i.nrf_gpio_cfg_input)
    i.nrf_gpio_cfg_output                    0x0002189c   Section        0  flutterblebsp.o(i.nrf_gpio_cfg_output)
    nrf_gpio_cfg_output                      0x0002189d   Thumb Code    20  flutterblebsp.o(i.nrf_gpio_cfg_output)
    i.nrf_gpio_cfg_output                    0x000218b0   Section        0  nrf_drv_uart.o(i.nrf_gpio_cfg_output)
    nrf_gpio_cfg_output                      0x000218b1   Thumb Code    20  nrf_drv_uart.o(i.nrf_gpio_cfg_output)
    i.nrf_gpio_cfg_output                    0x000218c4   Section        0  nrf_drv_spi.o(i.nrf_gpio_cfg_output)
    nrf_gpio_cfg_output                      0x000218c5   Thumb Code    20  nrf_drv_spi.o(i.nrf_gpio_cfg_output)
    i.nrf_gpio_cfg_sense_set                 0x000218d8   Section        0  nrf_drv_gpiote.o(i.nrf_gpio_cfg_sense_set)
    nrf_gpio_cfg_sense_set                   0x000218d9   Thumb Code    34  nrf_drv_gpiote.o(i.nrf_gpio_cfg_sense_set)
    i.nrf_gpio_pin_set                       0x000218fa   Section        0  nrf_drv_spi.o(i.nrf_gpio_pin_set)
    nrf_gpio_pin_set                         0x000218fb   Thumb Code    14  nrf_drv_spi.o(i.nrf_gpio_pin_set)
    i.nrf_gpio_ports_read                    0x00021908   Section        0  nrf_drv_gpiote.o(i.nrf_gpio_ports_read)
    nrf_gpio_ports_read                      0x00021909   Thumb Code    34  nrf_drv_gpiote.o(i.nrf_gpio_ports_read)
    i.nrf_gpiote_event_clear                 0x00021930   Section        0  nrf_drv_gpiote.o(i.nrf_gpiote_event_clear)
    nrf_gpiote_event_clear                   0x00021931   Thumb Code    16  nrf_drv_gpiote.o(i.nrf_gpiote_event_clear)
    i.nrf_gpiote_event_is_set                0x00021944   Section        0  nrf_drv_gpiote.o(i.nrf_gpiote_event_is_set)
    nrf_gpiote_event_is_set                  0x00021945   Thumb Code    12  nrf_drv_gpiote.o(i.nrf_gpiote_event_is_set)
    i.nrf_spim_event_check                   0x00021954   Section        0  nrf_drv_spi.o(i.nrf_spim_event_check)
    nrf_spim_event_check                     0x00021955   Thumb Code    10  nrf_drv_spi.o(i.nrf_spim_event_check)
    i.nrf_uart_event_check                   0x0002195e   Section        0  nrf_drv_uart.o(i.nrf_uart_event_check)
    nrf_uart_event_check                     0x0002195f   Thumb Code    10  nrf_drv_uart.o(i.nrf_uart_event_check)
    i.nrf_uart_event_clear                   0x00021968   Section        0  nrf_drv_uart.o(i.nrf_uart_event_clear)
    nrf_uart_event_clear                     0x00021969   Thumb Code    12  nrf_drv_uart.o(i.nrf_uart_event_clear)
    i.nrf_uart_int_enable_check              0x00021974   Section        0  nrf_drv_uart.o(i.nrf_uart_int_enable_check)
    nrf_uart_int_enable_check                0x00021975   Thumb Code    12  nrf_drv_uart.o(i.nrf_uart_int_enable_check)
    i.nrf_uarte_event_check                  0x00021980   Section        0  nrf_drv_uart.o(i.nrf_uarte_event_check)
    nrf_uarte_event_check                    0x00021981   Thumb Code    10  nrf_drv_uart.o(i.nrf_uarte_event_check)
    i.nrf_uarte_event_clear                  0x0002198a   Section        0  nrf_drv_uart.o(i.nrf_uarte_event_clear)
    nrf_uarte_event_clear                    0x0002198b   Thumb Code    12  nrf_drv_uart.o(i.nrf_uarte_event_clear)
    i.nus_data_handler                       0x00021998   Section        0  flutterblecallbacks.o(i.nus_data_handler)
    i.on_adv_evt                             0x000219c8   Section        0  flutterblecallbacks.o(i.on_adv_evt)
    i.on_ble_evt                             0x000219e4   Section        0  flutterblecallbacks.o(i.on_ble_evt)
    i.on_conn_params_evt                     0x00021ab4   Section        0  flutterblecallbacks.o(i.on_conn_params_evt)
    i.readRemainingBytes                     0x00021ad0   Section        0  flutterblecontrol.o(i.readRemainingBytes)
    i.refreshRGBLED                          0x00021af8   Section        0  flutterblecontrol.o(i.refreshRGBLED)
    i.rtc1_stop                              0x00021b08   Section        0  app_timer.o(i.rtc1_stop)
    rtc1_stop                                0x00021b09   Thumb Code    52  app_timer.o(i.rtc1_stop)
    i.rx_byte                                0x00021b44   Section        0  nrf_drv_uart.o(i.rx_byte)
    rx_byte                                  0x00021b45   Thumb Code    50  nrf_drv_uart.o(i.rx_byte)
    i.rx_char_add                            0x00021b76   Section        0  ble_nus.o(i.rx_char_add)
    rx_char_add                              0x00021b77   Thumb Code   220  ble_nus.o(i.rx_char_add)
    i.rx_done_event                          0x00021c52   Section        0  nrf_drv_uart.o(i.rx_done_event)
    rx_done_event                            0x00021c53   Thumb Code    24  nrf_drv_uart.o(i.rx_done_event)
    i.rx_enable                              0x00021c6a   Section        0  nrf_drv_uart.o(i.rx_enable)
    rx_enable                                0x00021c6b   Thumb Code    32  nrf_drv_uart.o(i.rx_enable)
    i.sd_nvic_EnableIRQ                      0x00021c8c   Section        0  softdevice_handler.o(i.sd_nvic_EnableIRQ)
    sd_nvic_EnableIRQ                        0x00021c8d   Thumb Code   106  softdevice_handler.o(i.sd_nvic_EnableIRQ)
    i.sendDataRegisterInit                   0x00021cfc   Section        0  flutterled.o(i.sendDataRegisterInit)
    i.service_data_encode                    0x00021d2c   Section        0  ble_advdata.o(i.service_data_encode)
    service_data_encode                      0x00021d2d   Thumb Code   136  ble_advdata.o(i.service_data_encode)
    i.services_init                          0x00021db4   Section        0  flutterbleinit.o(i.services_init)
    i.setLED2Address                         0x00021dd4   Section        0  flutterled.o(i.setLED2Address)
    i.set_adv_mode_fast                      0x00021e10   Section        0  ble_advertising.o(i.set_adv_mode_fast)
    set_adv_mode_fast                        0x00021e11   Thumb Code    64  ble_advertising.o(i.set_adv_mode_fast)
    i.set_adv_mode_slow                      0x00021e58   Section        0  ble_advertising.o(i.set_adv_mode_slow)
    set_adv_mode_slow                        0x00021e59   Thumb Code    60  ble_advertising.o(i.set_adv_mode_slow)
    i.softdevice_ble_evt_handler_set         0x00021e9c   Section        0  softdevice_handler.o(i.softdevice_ble_evt_handler_set)
    i.softdevice_enable                      0x00021eb0   Section        0  softdevice_handler.o(i.softdevice_enable)
    i.softdevice_enable_get_default_config   0x00021ec4   Section        0  softdevice_handler.o(i.softdevice_enable_get_default_config)
    i.softdevice_fault_handler               0x00021eea   Section        0  softdevice_handler.o(i.softdevice_fault_handler)
    i.softdevice_handler_init                0x00021ef0   Section        0  softdevice_handler.o(i.softdevice_handler_init)
    i.softdevice_handler_is_enabled          0x00021f54   Section        0  softdevice_handler.o(i.softdevice_handler_is_enabled)
    i.spi_event_handler                      0x00021f60   Section        0  flutterled.o(i.spi_event_handler)
    i.spim_xfer                              0x00021f6c   Section        0  nrf_drv_spi.o(i.spim_xfer)
    spim_xfer                                0x00021f6d   Thumb Code   178  nrf_drv_spi.o(i.spim_xfer)
    i.timer_list_handler                     0x00022020   Section        0  app_timer.o(i.timer_list_handler)
    timer_list_handler                       0x00022021   Thumb Code   134  app_timer.o(i.timer_list_handler)
    i.timer_list_insert                      0x000220ac   Section        0  app_timer.o(i.timer_list_insert)
    timer_list_insert                        0x000220ad   Thumb Code    56  app_timer.o(i.timer_list_insert)
    i.timer_stop_op_schedule                 0x000220e8   Section        0  app_timer.o(i.timer_stop_op_schedule)
    timer_stop_op_schedule                   0x000220e9   Thumb Code    68  app_timer.o(i.timer_stop_op_schedule)
    i.timer_timeouts_check                   0x00022130   Section        0  app_timer.o(i.timer_timeouts_check)
    timer_timeouts_check                     0x00022131   Thumb Code   124  app_timer.o(i.timer_timeouts_check)
    i.transfer_data                          0x000221b4   Section        0  flutterled.o(i.transfer_data)
    i.tx_byte                                0x000221e4   Section        0  nrf_drv_uart.o(i.tx_byte)
    tx_byte                                  0x000221e5   Thumb Code    32  nrf_drv_uart.o(i.tx_byte)
    i.tx_char_add                            0x00022204   Section        0  ble_nus.o(i.tx_char_add)
    tx_char_add                              0x00022205   Thumb Code   160  ble_nus.o(i.tx_char_add)
    i.tx_done_event                          0x000222a4   Section        0  nrf_drv_uart.o(i.tx_done_event)
    tx_done_event                            0x000222a5   Thumb Code    28  nrf_drv_uart.o(i.tx_done_event)
    i.uart_event_handle                      0x000222c0   Section        0  fluttercallbacks.o(i.uart_event_handle)
    i.uart_event_handler                     0x00022318   Section        0  app_uart_fifo.o(i.uart_event_handler)
    uart_event_handler                       0x00022319   Thumb Code   152  app_uart_fifo.o(i.uart_event_handler)
    i.uart_irq_handler                       0x000223b8   Section        0  nrf_drv_uart.o(i.uart_irq_handler)
    uart_irq_handler                         0x000223b9   Thumb Code   286  nrf_drv_uart.o(i.uart_irq_handler)
    i.uarte_irq_handler                      0x000224d6   Section        0  nrf_drv_uart.o(i.uarte_irq_handler)
    uarte_irq_handler                        0x000224d7   Thumb Code   240  nrf_drv_uart.o(i.uarte_irq_handler)
    i.uint16_encode                          0x000225c6   Section        0  ble_advdata.o(i.uint16_encode)
    uint16_encode                            0x000225c7   Thumb Code    10  ble_advdata.o(i.uint16_encode)
    i.updateColors                           0x000225d0   Section        0  flutterled.o(i.updateColors)
    i.updateRGBBuffer                        0x00022604   Section        0  flutterblecontrol.o(i.updateRGBBuffer)
    i.update_timeout_handler                 0x0002265c   Section        0  ble_conn_params.o(i.update_timeout_handler)
    update_timeout_handler                   0x0002265d   Thumb Code    88  ble_conn_params.o(i.update_timeout_handler)
    i.user_op_alloc                          0x000226bc   Section        0  app_timer.o(i.user_op_alloc)
    user_op_alloc                            0x000226bd   Thumb Code    42  app_timer.o(i.user_op_alloc)
    i.uuid_list_encode                       0x000226ec   Section        0  ble_advdata.o(i.uuid_list_encode)
    uuid_list_encode                         0x000226ed   Thumb Code    48  ble_advdata.o(i.uuid_list_encode)
    i.uuid_list_sized_encode                 0x0002271c   Section        0  ble_advdata.o(i.uuid_list_sized_encode)
    uuid_list_sized_encode                   0x0002271d   Thumb Code   158  ble_advdata.o(i.uuid_list_sized_encode)
    .constdata                               0x000227bc   Section        4  flutterbleinit.o(.constdata)
    .constdata                               0x000227c0   Section        4  flutteruart.o(.constdata)
    UARTReceiveTimer                         0x000227c0   Data           4  flutteruart.o(.constdata)
    .constdata                               0x000227c4   Section       20  flutterled.o(.constdata)
    .constdata                               0x000227d8   Section       24  flutterblebsp.o(.constdata)
    .constdata                               0x000227f0   Section        4  ble_conn_params.o(.constdata)
    m_conn_params_timer_id                   0x000227f0   Data           4  ble_conn_params.o(.constdata)
    .constdata                               0x000227f4   Section       16  ble_nus.o(.constdata)
    .constdata                               0x00022804   Section        4  nrf_drv_gpiote.o(.constdata)
    .constdata                               0x00022808   Section       32  app_uart_fifo.o(.constdata)
    .data                                    0x20002128   Section        1  main.o(.data)
    .data                                    0x20002129   Section        1  main.o(.data)
    .data                                    0x2000212a   Section        1  main.o(.data)
    .data                                    0x2000212b   Section        1  main.o(.data)
    .data                                    0x2000212c   Section        2  flutterblecallbacks.o(.data)
    m_conn_handle                            0x2000212c   Data           2  flutterblecallbacks.o(.data)
    .data                                    0x2000212e   Section        4  flutterbleinit.o(.data)
    m_adv_uuids                              0x2000212e   Data           4  flutterbleinit.o(.data)
    .data                                    0x20002132   Section        1  fluttercallbacks.o(.data)
    index                                    0x20002132   Data           1  fluttercallbacks.o(.data)
    .data                                    0x20002134   Section       12  flutterled.o(.data)
    toggleState                              0x20002134   Data           1  flutterled.o(.data)
    LEDColors                                0x20002135   Data           3  flutterled.o(.data)
    .data                                    0x20002140   Section       31  ble_advertising.o(.data)
    m_initialized                            0x20002140   Data           1  ble_advertising.o(.data)
    m_advertising_start_pending              0x20002141   Data           1  ble_advertising.o(.data)
    m_adv_evt                                0x20002142   Data           1  ble_advertising.o(.data)
    m_adv_mode_current                       0x20002143   Data           1  ble_advertising.o(.data)
    m_peer_addr_reply_expected               0x20002144   Data           1  ble_advertising.o(.data)
    m_whitelist_temporarily_disabled         0x20002145   Data           1  ble_advertising.o(.data)
    m_whitelist_reply_expected               0x20002146   Data           1  ble_advertising.o(.data)
    m_whitelist_in_use                       0x20002147   Data           1  ble_advertising.o(.data)
    m_current_slave_link_conn_handle         0x20002148   Data           2  ble_advertising.o(.data)
    m_slave_conn_int                         0x2000214a   Data           4  ble_advertising.o(.data)
    m_evt_handler                            0x20002150   Data           4  ble_advertising.o(.data)
    m_error_handler                          0x20002154   Data           4  ble_advertising.o(.data)
    m_peer_address                           0x20002158   Data           7  ble_advertising.o(.data)
    .data                                    0x20002160   Section       20  ble_conn_params.o(.data)
    m_change_param                           0x20002160   Data           1  ble_conn_params.o(.data)
    m_update_count                           0x20002161   Data           1  ble_conn_params.o(.data)
    m_conn_handle                            0x20002162   Data           2  ble_conn_params.o(.data)
    m_preferred_conn_params                  0x20002164   Data           8  ble_conn_params.o(.data)
    m_current_conn_params                    0x2000216c   Data           8  ble_conn_params.o(.data)
    .data                                    0x20002174   Section       32  app_timer.o(.data)
    m_ticks_elapsed_q_read_ind               0x20002174   Data           1  app_timer.o(.data)
    m_ticks_elapsed_q_write_ind              0x20002175   Data           1  app_timer.o(.data)
    m_rtc1_running                           0x20002176   Data           1  app_timer.o(.data)
    m_rtc1_reset                             0x20002177   Data           1  app_timer.o(.data)
    mp_timer_id_head                         0x20002178   Data           4  app_timer.o(.data)
    m_ticks_latest                           0x2000217c   Data           4  app_timer.o(.data)
    m_evt_schedule_func                      0x20002180   Data           4  app_timer.o(.data)
    m_op_queue                               0x20002184   Data           8  app_timer.o(.data)
    m_ticks_elapsed                          0x2000218c   Data           8  app_timer.o(.data)
    .data                                    0x20002194   Section       16  app_uart_fifo.o(.data)
    tx_buffer                                0x20002194   Data           1  app_uart_fifo.o(.data)
    rx_buffer                                0x20002195   Data           1  app_uart_fifo.o(.data)
    m_rx_ovf                                 0x20002196   Data           1  app_uart_fifo.o(.data)
    m_event_handler                          0x20002198   Data           4  app_uart_fifo.o(.data)
    app_uart_inst                            0x2000219c   Data           8  app_uart_fifo.o(.data)
    .data                                    0x200021a4   Section       20  softdevice_handler.o(.data)
    m_softdevice_enabled                     0x200021a4   Data           1  softdevice_handler.o(.data)
    m_suspended                              0x200021a5   Data           1  softdevice_handler.o(.data)
    m_ble_evt_buffer_size                    0x200021a6   Data           2  softdevice_handler.o(.data)
    m_evt_schedule_func                      0x200021a8   Data           4  softdevice_handler.o(.data)
    mp_ble_evt_buffer                        0x200021ac   Data           4  softdevice_handler.o(.data)
    m_ble_evt_handler                        0x200021b0   Data           4  softdevice_handler.o(.data)
    m_sys_evt_handler                        0x200021b4   Data           4  softdevice_handler.o(.data)
    .data                                    0x200021b8   Section        4  system_nrf52.o(.data)
    __tagsym$$used                           0x200021b8   Number         0  system_nrf52.o(.data)
    .bss                                     0x200021bc   Section      120  main.o(.bss)
    APP_TIMER_BUF                            0x200021bc   Data         120  main.o(.bss)
    .bss                                     0x20002234   Section      255  main.o(.bss)
    .bss                                     0x20002334   Section       28  main.o(.bss)
    .bss                                     0x20002350   Section       80  flutterbleinit.o(.bss)
    BLE_EVT_BUFFER                           0x20002350   Data          80  flutterbleinit.o(.bss)
    .bss                                     0x200023a0   Section       20  fluttercallbacks.o(.bss)
    data_array                               0x200023a0   Data          20  fluttercallbacks.o(.bss)
    .bss                                     0x200023b4   Section       20  fluttername.o(.bss)
    deviceName                               0x200023b4   Data          20  fluttername.o(.bss)
    .bss                                     0x200023c8   Section       92  flutterblecontrol.o(.bss)
    tempReceiveBuffer                        0x200023c8   Data          19  flutterblecontrol.o(.bss)
    RGBValues                                0x200023db   Data          73  flutterblecontrol.o(.bss)
    .bss                                     0x20002424   Section       32  flutteruart.o(.bss)
    UARTReceiveTimer_data                    0x20002424   Data          32  flutteruart.o(.bss)
    .bss                                     0x20002444   Section      224  flutterled.o(.bss)
    SPIData                                  0x20002444   Data          12  flutterled.o(.bss)
    RGBInitial                               0x20002450   Data           9  flutterled.o(.bss)
    colorZero                                0x20002459   Data           9  flutterled.o(.bss)
    colorInitial                             0x200024fe   Data           9  flutterled.o(.bss)
    colorZero                                0x20002507   Data           9  flutterled.o(.bss)
    m_rx_buf                                 0x20002510   Data          20  flutterled.o(.bss)
    .bss                                     0x20002524   Section      512  flutterblebsp.o(.bss)
    rx_buf                                   0x20002524   Data         256  flutterblebsp.o(.bss)
    tx_buf                                   0x20002624   Data         256  flutterblebsp.o(.bss)
    .bss                                     0x20002724   Section      179  ble_advertising.o(.bss)
    m_adv_modes_config                       0x20002724   Data          32  ble_advertising.o(.bss)
    m_advdata                                0x20002744   Data          60  ble_advertising.o(.bss)
    m_manuf_specific_data                    0x20002780   Data          12  ble_advertising.o(.bss)
    m_manuf_data_array                       0x2000278c   Data          31  ble_advertising.o(.bss)
    m_service_data                           0x200027ac   Data          12  ble_advertising.o(.bss)
    m_service_data_array                     0x200027b8   Data          31  ble_advertising.o(.bss)
    .bss                                     0x200027d8   Section       32  ble_conn_params.o(.bss)
    m_conn_params_timer_id_data              0x200027d8   Data          32  ble_conn_params.o(.bss)
    .bss                                     0x200027f8   Section       28  ble_conn_params.o(.bss)
    m_conn_params_config                     0x200027f8   Data          28  ble_conn_params.o(.bss)
    .bss                                     0x20002814   Section       20  nrf_drv_clock.o(.bss)
    m_clock_cb                               0x20002814   Data          20  nrf_drv_clock.o(.bss)
    .bss                                     0x20002828   Section       88  nrf_drv_gpiote.o(.bss)
    m_cb                                     0x20002828   Data          88  nrf_drv_gpiote.o(.bss)
    .bss                                     0x20002880   Section       32  nrf_drv_uart.o(.bss)
    m_cb                                     0x20002880   Data          32  nrf_drv_uart.o(.bss)
    .bss                                     0x200028a0   Section       32  nrf_drv_spi.o(.bss)
    m_cb                                     0x200028a0   Data          32  nrf_drv_spi.o(.bss)
    .bss                                     0x200028c0   Section       32  app_uart_fifo.o(.bss)
    m_rx_fifo                                0x200028c0   Data          16  app_uart_fifo.o(.bss)
    m_tx_fifo                                0x200028d0   Data          16  app_uart_fifo.o(.bss)
    .bss                                     0x200028e0   Section       12  app_util_platform.o(.bss)
    .bss                                     0x200028ec   Section      104  fstorage.o(.bss)
    m_queue                                  0x200028ec   Data         104  fstorage.o(.bss)
    STACK                                    0x20002958   Section     8192  arm_startup_nrf52.o(STACK)

    Global Symbols

    Symbol Name                              Value     Ov Type        Size  Object(Section)

    BuildAttributes$$THM_ISAv4$E$P$D$K$B$S$7EM$VFPi3$EXTD16$VFPS$VFMA$PE$A:L22UL41UL21$X:L11$S22US41US21$IEEE1$IW$USESV6$~STKCKD$USESV7$~SHL$OSPACE$EBA8$MICROLIB$REQ8$PRES8$EABIv2 0x00000000   Number         0  anon$$obj.o ABSOLUTE
    __ARM_use_no_argv                        0x00000000   Number         0  main.o ABSOLUTE
    __cpp_initialize__aeabi_                  - Undefined Weak Reference
    __cxa_finalize                            - Undefined Weak Reference
    __decompress                              - Undefined Weak Reference
    _clock_init                               - Undefined Weak Reference
    _microlib_exit                            - Undefined Weak Reference
    fs_data$$Base                             - Undefined Reference
    fs_data$$Limit                            - Undefined Reference
    __Vectors_Size                           0x00000200   Number         0  arm_startup_nrf52.o ABSOLUTE
    __Vectors                                0x0001f000   Data           4  arm_startup_nrf52.o(RESET)
    __Vectors_End                            0x0001f200   Data           0  arm_startup_nrf52.o(RESET)
    __main                                   0x0001f201   Thumb Code     0  entry.o(.ARM.Collect$$$$00000000)
    _main_stk                                0x0001f201   Thumb Code     0  entry2.o(.ARM.Collect$$$$00000001)
    _main_scatterload                        0x0001f205   Thumb Code     0  entry5.o(.ARM.Collect$$$$00000004)
    __main_after_scatterload                 0x0001f209   Thumb Code     0  entry5.o(.ARM.Collect$$$$00000004)
    _main_clock                              0x0001f209   Thumb Code     0  entry7b.o(.ARM.Collect$$$$00000008)
    _main_cpp_init                           0x0001f209   Thumb Code     0  entry8b.o(.ARM.Collect$$$$0000000A)
    _main_init                               0x0001f209   Thumb Code     0  entry9a.o(.ARM.Collect$$$$0000000B)
    __rt_final_cpp                           0x0001f211   Thumb Code     0  entry10a.o(.ARM.Collect$$$$0000000D)
    __rt_final_exit                          0x0001f211   Thumb Code     0  entry11a.o(.ARM.Collect$$$$0000000F)
    Reset_Handler                            0x0001f215   Thumb Code     8  arm_startup_nrf52.o(.text)
    NMI_Handler                              0x0001f21d   Thumb Code     2  arm_startup_nrf52.o(.text)
    HardFault_Handler                        0x0001f21f   Thumb Code     2  arm_startup_nrf52.o(.text)
    MemoryManagement_Handler                 0x0001f221   Thumb Code     2  arm_startup_nrf52.o(.text)
    BusFault_Handler                         0x0001f223   Thumb Code     2  arm_startup_nrf52.o(.text)
    UsageFault_Handler                       0x0001f225   Thumb Code     2  arm_startup_nrf52.o(.text)
    SVC_Handler                              0x0001f227   Thumb Code     2  arm_startup_nrf52.o(.text)
    DebugMon_Handler                         0x0001f229   Thumb Code     2  arm_startup_nrf52.o(.text)
    PendSV_Handler                           0x0001f22b   Thumb Code     2  arm_startup_nrf52.o(.text)
    SysTick_Handler                          0x0001f22d   Thumb Code     2  arm_startup_nrf52.o(.text)
    CCM_AAR_IRQHandler                       0x0001f22f   Thumb Code     0  arm_startup_nrf52.o(.text)
    COMP_LPCOMP_IRQHandler                   0x0001f22f   Thumb Code     0  arm_startup_nrf52.o(.text)
    ECB_IRQHandler                           0x0001f22f   Thumb Code     0  arm_startup_nrf52.o(.text)
    FPU_IRQHandler                           0x0001f22f   Thumb Code     0  arm_startup_nrf52.o(.text)
    I2S_IRQHandler                           0x0001f22f   Thumb Code     0  arm_startup_nrf52.o(.text)
    MWU_IRQHandler                           0x0001f22f   Thumb Code     0  arm_startup_nrf52.o(.text)
    NFCT_IRQHandler                          0x0001f22f   Thumb Code     0  arm_startup_nrf52.o(.text)
    PDM_IRQHandler                           0x0001f22f   Thumb Code     0  arm_startup_nrf52.o(.text)
    PWM0_IRQHandler                          0x0001f22f   Thumb Code     0  arm_startup_nrf52.o(.text)
    PWM1_IRQHandler                          0x0001f22f   Thumb Code     0  arm_startup_nrf52.o(.text)
    PWM2_IRQHandler                          0x0001f22f   Thumb Code     0  arm_startup_nrf52.o(.text)
    QDEC_IRQHandler                          0x0001f22f   Thumb Code     0  arm_startup_nrf52.o(.text)
    RADIO_IRQHandler                         0x0001f22f   Thumb Code     0  arm_startup_nrf52.o(.text)
    RNG_IRQHandler                           0x0001f22f   Thumb Code     0  arm_startup_nrf52.o(.text)
    RTC0_IRQHandler                          0x0001f22f   Thumb Code     0  arm_startup_nrf52.o(.text)
    RTC2_IRQHandler                          0x0001f22f   Thumb Code     0  arm_startup_nrf52.o(.text)
    SAADC_IRQHandler                         0x0001f22f   Thumb Code     0  arm_startup_nrf52.o(.text)
    SPIM1_SPIS1_TWIM1_TWIS1_SPI1_TWI1_IRQHandler 0x0001f22f   Thumb Code     0  arm_startup_nrf52.o(.text)
    SPIM2_SPIS2_SPI2_IRQHandler              0x0001f22f   Thumb Code     0  arm_startup_nrf52.o(.text)
    SWI1_EGU1_IRQHandler                     0x0001f22f   Thumb Code     0  arm_startup_nrf52.o(.text)
    SWI3_EGU3_IRQHandler                     0x0001f22f   Thumb Code     0  arm_startup_nrf52.o(.text)
    SWI4_EGU4_IRQHandler                     0x0001f22f   Thumb Code     0  arm_startup_nrf52.o(.text)
    SWI5_EGU5_IRQHandler                     0x0001f22f   Thumb Code     0  arm_startup_nrf52.o(.text)
    TEMP_IRQHandler                          0x0001f22f   Thumb Code     0  arm_startup_nrf52.o(.text)
    TIMER0_IRQHandler                        0x0001f22f   Thumb Code     0  arm_startup_nrf52.o(.text)
    TIMER1_IRQHandler                        0x0001f22f   Thumb Code     0  arm_startup_nrf52.o(.text)
    TIMER2_IRQHandler                        0x0001f22f   Thumb Code     0  arm_startup_nrf52.o(.text)
    TIMER3_IRQHandler                        0x0001f22f   Thumb Code     0  arm_startup_nrf52.o(.text)
    TIMER4_IRQHandler                        0x0001f22f   Thumb Code     0  arm_startup_nrf52.o(.text)
    WDT_IRQHandler                           0x0001f22f   Thumb Code     0  arm_startup_nrf52.o(.text)
    __aeabi_memcpy                           0x0001f239   Thumb Code    36  memcpya.o(.text)
    __aeabi_memcpy4                          0x0001f239   Thumb Code     0  memcpya.o(.text)
    __aeabi_memcpy8                          0x0001f239   Thumb Code     0  memcpya.o(.text)
    __aeabi_memset                           0x0001f25d   Thumb Code    14  memseta.o(.text)
    __aeabi_memset4                          0x0001f25d   Thumb Code     0  memseta.o(.text)
    __aeabi_memset8                          0x0001f25d   Thumb Code     0  memseta.o(.text)
    __aeabi_memclr                           0x0001f26b   Thumb Code     4  memseta.o(.text)
    __aeabi_memclr4                          0x0001f26b   Thumb Code     0  memseta.o(.text)
    __aeabi_memclr8                          0x0001f26b   Thumb Code     0  memseta.o(.text)
    _memset$wrapper                          0x0001f26f   Thumb Code    18  memseta.o(.text)
    __scatterload                            0x0001f281   Thumb Code    28  init.o(.text)
    __scatterload_rt2                        0x0001f281   Thumb Code     0  init.o(.text)
    BLEControlLoop                           0x0001f2a5   Thumb Code   176  flutterblecontrol.o(i.BLEControlLoop)
    BLEInit                                  0x0001f365   Thumb Code    26  flutterbleinit.o(i.BLEInit)
    GPIOTE_IRQHandler                        0x0001f381   Thumb Code   362  nrf_drv_gpiote.o(i.GPIOTE_IRQHandler)
    LEDSPIInit                               0x0001f4f5   Thumb Code    78  flutterled.o(i.LEDSPIInit)
    POWER_CLOCK_IRQHandler                   0x0001f5e1   Thumb Code    84  nrf_drv_clock.o(i.POWER_CLOCK_IRQHandler)
    RTC1_IRQHandler                          0x0001f639   Thumb Code    32  app_timer.o(i.RTC1_IRQHandler)
    ReceiveTimerInit                         0x0001f65d   Thumb Code    28  flutteruart.o(i.ReceiveTimerInit)
    SPIM0_SPIS0_TWIM0_TWIS0_SPI0_TWI0_IRQHandler 0x0001f681   Thumb Code    62  nrf_drv_spi.o(i.SPIM0_SPIS0_TWIM0_TWIS0_SPI0_TWI0_IRQHandler)
    SWI0_EGU0_IRQHandler                     0x0001f6c9   Thumb Code     4  app_timer.o(i.SWI0_EGU0_IRQHandler)
    SWI2_EGU2_IRQHandler                     0x0001f6cd   Thumb Code    32  softdevice_handler.o(i.SWI2_EGU2_IRQHandler)
    SystemInit                               0x0001f749   Thumb Code   700  system_nrf52.o(i.SystemInit)
    UARTE0_UART0_IRQHandler                  0x0001fa45   Thumb Code    20  nrf_drv_uart.o(i.UARTE0_UART0_IRQHandler)
    UARTInit                                 0x0001fa61   Thumb Code    80  flutterblebsp.o(i.UARTInit)
    UARTReceiveTimerHandler                  0x0001fac1   Thumb Code     8  flutteruart.o(i.UARTReceiveTimerHandler)
    __scatterload_copy                       0x0001facd   Thumb Code    14  handlers.o(i.__scatterload_copy)
    __scatterload_null                       0x0001fadb   Thumb Code     2  handlers.o(i.__scatterload_null)
    __scatterload_zeroinit                   0x0001fadd   Thumb Code    14  handlers.o(i.__scatterload_zeroinit)
    adv_data_encode                          0x0001fb11   Thumb Code   386  ble_advdata.o(i.adv_data_encode)
    advertising_init                         0x0001fced   Thumb Code    94  flutterbleinit.o(i.advertising_init)
    app_error_fault_handler                  0x0001fd55   Thumb Code    26  app_error_weak.o(i.app_error_fault_handler)
    app_error_handler_bare                   0x0001fd79   Thumb Code    22  app_error.o(i.app_error_handler_bare)
    app_fifo_get                             0x0001fd8f   Thumb Code    22  app_fifo.o(i.app_fifo_get)
    app_fifo_init                            0x0001fda5   Thumb Code    32  app_fifo.o(i.app_fifo_init)
    app_fifo_put                             0x0001fdc5   Thumb Code    26  app_fifo.o(i.app_fifo_put)
    app_timer_create                         0x0001fde1   Thumb Code    32  app_timer.o(i.app_timer_create)
    app_timer_init                           0x0001fe05   Thumb Code   102  app_timer.o(i.app_timer_init)
    app_timer_start                          0x0001fe75   Thumb Code   128  app_timer.o(i.app_timer_start)
    app_timer_stop                           0x0001fefd   Thumb Code    26  app_timer.o(i.app_timer_stop)
    app_uart_get                             0x0001ff1d   Thumb Code    42  app_uart_fifo.o(i.app_uart_get)
    app_uart_init                            0x0001ff51   Thumb Code   164  app_uart_fifo.o(i.app_uart_init)
    app_uart_put                             0x00020005   Thumb Code    52  app_uart_fifo.o(i.app_uart_put)
    app_util_critical_region_enter           0x00020041   Thumb Code    64  app_util_platform.o(i.app_util_critical_region_enter)
    app_util_critical_region_exit            0x00020089   Thumb Code    46  app_util_platform.o(i.app_util_critical_region_exit)
    ble_advdata_set                          0x00020175   Thumb Code   104  ble_advdata.o(i.ble_advdata_set)
    ble_advertising_init                     0x000201dd   Thumb Code   278  ble_advertising.o(i.ble_advertising_init)
    ble_advertising_on_ble_evt               0x000202fd   Thumb Code    88  ble_advertising.o(i.ble_advertising_on_ble_evt)
    ble_advertising_start                    0x00020359   Thumb Code   250  ble_advertising.o(i.ble_advertising_start)
    ble_conn_params_init                     0x0002045d   Thumb Code    72  ble_conn_params.o(i.ble_conn_params_init)
    ble_conn_params_on_ble_evt               0x000204b5   Thumb Code   120  ble_conn_params.o(i.ble_conn_params_on_ble_evt)
    ble_nus_init                             0x000205bd   Thumb Code    94  ble_nus.o(i.ble_nus_init)
    ble_nus_on_ble_evt                       0x00020621   Thumb Code    92  ble_nus.o(i.ble_nus_on_ble_evt)
    ble_nus_string_send                      0x0002067d   Thumb Code    78  ble_nus.o(i.ble_nus_string_send)
    ble_srv_is_notification_enabled          0x000206cb   Thumb Code     8  ble_srv_common.o(i.ble_srv_is_notification_enabled)
    ble_stack_init                           0x000206d5   Thumb Code    80  flutterbleinit.o(i.ble_stack_init)
    conn_params_error_handler                0x0002089d   Thumb Code     4  flutterblecallbacks.o(i.conn_params_error_handler)
    conn_params_init                         0x000208a1   Thumb Code    68  flutterbleinit.o(i.conn_params_init)
    fs_queued_op_count_get                   0x00020abd   Thumb Code    16  fstorage.o(i.fs_queued_op_count_get)
    gap_params_init                          0x00020ad1   Thumb Code    84  flutterbleinit.o(i.gap_params_init)
    getDeviceName                            0x00020b25   Thumb Code   102  fluttername.o(i.getDeviceName)
    initLEDS                                 0x00020b91   Thumb Code   116  flutterled.o(i.initLEDS)
    initLEDZero                              0x00020c09   Thumb Code    30  flutterled.o(i.initLEDZero)
    initializeIO                             0x00020c2d   Thumb Code    36  flutterblebsp.o(i.initializeIO)
    intern_softdevice_events_execute         0x00020c51   Thumb Code   114  softdevice_handler.o(i.intern_softdevice_events_execute)
    main                                     0x00020ebd   Thumb Code    64  main.o(i.main)
    nrf_drv_clock_init                       0x000211d5   Thumb Code    64  nrf_drv_clock.o(i.nrf_drv_clock_init)
    nrf_drv_clock_on_sd_enable               0x0002121d   Thumb Code    44  nrf_drv_clock.o(i.nrf_drv_clock_on_sd_enable)
    nrf_drv_clock_on_soc_event               0x0002124d   Thumb Code    10  nrf_drv_clock.o(i.nrf_drv_clock_on_soc_event)
    nrf_drv_common_irq_enable                0x00021257   Thumb Code    56  nrf_drv_common.o(i.nrf_drv_common_irq_enable)
    nrf_drv_spi_init                         0x000212b5   Thumb Code   278  nrf_drv_spi.o(i.nrf_drv_spi_init)
    nrf_drv_spi_transfer                     0x000213d1   Thumb Code    28  nrf_drv_spi.o(i.nrf_drv_spi_transfer)
    nrf_drv_spi_xfer                         0x000213ed   Thumb Code    86  nrf_drv_spi.o(i.nrf_drv_spi_xfer)
    nrf_drv_uart_init                        0x00021449   Thumb Code    98  nrf_drv_uart.o(i.nrf_drv_uart_init)
    nrf_drv_uart_rx                          0x000214b1   Thumb Code   170  nrf_drv_uart.o(i.nrf_drv_uart_rx)
    nrf_drv_uart_rx_enable                   0x00021561   Thumb Code    42  nrf_drv_uart.o(i.nrf_drv_uart_rx_enable)
    nrf_drv_uart_tx                          0x000216e9   Thumb Code   262  nrf_drv_uart.o(i.nrf_drv_uart_tx)
    nrf_drv_uart_tx_in_progress              0x000217f5   Thumb Code    18  nrf_drv_uart.o(i.nrf_drv_uart_tx_in_progress)
    nus_data_handler                         0x00021999   Thumb Code    40  flutterblecallbacks.o(i.nus_data_handler)
    on_adv_evt                               0x000219c9   Thumb Code    26  flutterblecallbacks.o(i.on_adv_evt)
    on_ble_evt                               0x000219e5   Thumb Code   204  flutterblecallbacks.o(i.on_ble_evt)
    on_conn_params_evt                       0x00021ab5   Thumb Code    24  flutterblecallbacks.o(i.on_conn_params_evt)
    readRemainingBytes                       0x00021ad1   Thumb Code    32  flutterblecontrol.o(i.readRemainingBytes)
    refreshRGBLED                            0x00021af9   Thumb Code    16  flutterblecontrol.o(i.refreshRGBLED)
    sendDataRegisterInit                     0x00021cfd   Thumb Code    44  flutterled.o(i.sendDataRegisterInit)
    services_init                            0x00021db5   Thumb Code    24  flutterbleinit.o(i.services_init)
    setLED2Address                           0x00021dd5   Thumb Code    54  flutterled.o(i.setLED2Address)
    softdevice_ble_evt_handler_set           0x00021e9d   Thumb Code    14  softdevice_handler.o(i.softdevice_ble_evt_handler_set)
    softdevice_enable                        0x00021eb1   Thumb Code    14  softdevice_handler.o(i.softdevice_enable)
    softdevice_enable_get_default_config     0x00021ec5   Thumb Code    38  softdevice_handler.o(i.softdevice_enable_get_default_config)
    softdevice_fault_handler                 0x00021eeb   Thumb Code     4  softdevice_handler.o(i.softdevice_fault_handler)
    softdevice_handler_init                  0x00021ef1   Thumb Code    92  softdevice_handler.o(i.softdevice_handler_init)
    softdevice_handler_is_enabled            0x00021f55   Thumb Code     6  softdevice_handler.o(i.softdevice_handler_is_enabled)
    spi_event_handler                        0x00021f61   Thumb Code     8  flutterled.o(i.spi_event_handler)
    transfer_data                            0x000221b5   Thumb Code    36  flutterled.o(i.transfer_data)
    uart_event_handle                        0x000222c1   Thumb Code    72  fluttercallbacks.o(i.uart_event_handle)
    updateColors                             0x000225d1   Thumb Code    52  flutterled.o(i.updateColors)
    updateRGBBuffer                          0x00022605   Thumb Code    88  flutterblecontrol.o(i.updateRGBBuffer)
    SPIDataConertConsArray                   0x000227c4   Data           4  flutterled.o(.constdata)
    Region$$Table$$Base                      0x00022828   Number         0  anon$$obj.o(Region$$Table)
    Region$$Table$$Limit                     0x00022848   Number         0  anon$$obj.o(Region$$Table)
    Image$$RW_IRAM1$$Base                    0x20002128   Number         0  anon$$obj.o ABSOLUTE
    headPointerReceiveBuffer                 0x20002128   Data           1  main.o(.data)
    tailPointerReceiveBuffer                 0x20002129   Data           1  main.o(.data)
    spi_xfer_done                            0x2000212a   Data           1  main.o(.data)
    BLEReceiveDataReset                      0x2000212b   Data           1  main.o(.data)
    spi                                      0x20002138   Data           8  flutterled.o(.data)
    SystemCoreClock                          0x200021b8   Data           4  system_nrf52.o(.data)
    BLEReceiveBuffer                         0x20002234   Data         255  main.o(.bss)
    m_nus                                    0x20002334   Data          28  main.o(.bss)
    SPISendData                              0x20002462   Data         156  flutterled.o(.bss)
    nrf_nvic_state                           0x200028e0   Data          12  app_util_platform.o(.bss)
    __initial_sp                             0x20004958   Data           0  arm_startup_nrf52.o(STACK)



==============================================================================

Memory Map of the image

  Image Entry point : 0x0001f201

  Load Region LR_IROM1 (Base: 0x0001f000, Size: 0x000038dc, Max: 0x00061000, ABSOLUTE)

    Execution Region ER_IROM1 (Base: 0x0001f000, Size: 0x00003848, Max: 0x00061000, ABSOLUTE)

    Base Addr    Size         Type   Attr      Idx    E Section Name        Object

    0x0001f000   0x00000200   Data   RO         2908    RESET               arm_startup_nrf52.o
    0x0001f200   0x00000000   Code   RO         2949  * .ARM.Collect$$$$00000000  mc_w.l(entry.o)
    0x0001f200   0x00000004   Code   RO         2962    .ARM.Collect$$$$00000001  mc_w.l(entry2.o)
    0x0001f204   0x00000004   Code   RO         2965    .ARM.Collect$$$$00000004  mc_w.l(entry5.o)
    0x0001f208   0x00000000   Code   RO         2967    .ARM.Collect$$$$00000008  mc_w.l(entry7b.o)
    0x0001f208   0x00000000   Code   RO         2969    .ARM.Collect$$$$0000000A  mc_w.l(entry8b.o)
    0x0001f208   0x00000008   Code   RO         2970    .ARM.Collect$$$$0000000B  mc_w.l(entry9a.o)
    0x0001f210   0x00000000   Code   RO         2972    .ARM.Collect$$$$0000000D  mc_w.l(entry10a.o)
    0x0001f210   0x00000000   Code   RO         2974    .ARM.Collect$$$$0000000F  mc_w.l(entry11a.o)
    0x0001f210   0x00000004   Code   RO         2963    .ARM.Collect$$$$00002712  mc_w.l(entry2.o)
    0x0001f214   0x00000024   Code   RO         2909    .text               arm_startup_nrf52.o
    0x0001f238   0x00000024   Code   RO         2952    .text               mc_w.l(memcpya.o)
    0x0001f25c   0x00000024   Code   RO         2954    .text               mc_w.l(memseta.o)
    0x0001f280   0x00000024   Code   RO         2976    .text               mc_w.l(init.o)
    0x0001f2a4   0x000000c0   Code   RO          448    i.BLEControlLoop    flutterblecontrol.o
    0x0001f364   0x0000001a   Code   RO          318    i.BLEInit           flutterbleinit.o
    0x0001f37e   0x00000002   PAD
    0x0001f380   0x00000174   Code   RO         1302    i.GPIOTE_IRQHandler  nrf_drv_gpiote.o
    0x0001f4f4   0x0000005c   Code   RO          537    i.LEDSPIInit        flutterled.o
    0x0001f550   0x00000016   Code   RO         2093    i.NVIC_ClearPendingIRQ  app_timer.o
    0x0001f566   0x00000016   Code   RO         2764    i.NVIC_DisableIRQ   softdevice_handler.o
    0x0001f57c   0x00000016   Code   RO         2094    i.NVIC_EnableIRQ    app_timer.o
    0x0001f592   0x00000016   Code   RO         2765    i.NVIC_EnableIRQ    softdevice_handler.o
    0x0001f5a8   0x00000016   Code   RO         2095    i.NVIC_SetPendingIRQ  app_timer.o
    0x0001f5be   0x00000020   Code   RO         2096    i.NVIC_SetPriority  app_timer.o
    0x0001f5de   0x00000002   PAD
    0x0001f5e0   0x00000058   Code   RO         1089    i.POWER_CLOCK_IRQHandler  nrf_drv_clock.o
    0x0001f638   0x00000024   Code   RO         2097    i.RTC1_IRQHandler   app_timer.o
    0x0001f65c   0x00000024   Code   RO          491    i.ReceiveTimerInit  flutteruart.o
    0x0001f680   0x00000048   Code   RO         1777    i.SPIM0_SPIS0_TWIM0_TWIS0_SPI0_TWI0_IRQHandler  nrf_drv_spi.o
    0x0001f6c8   0x00000004   Code   RO         2098    i.SWI0_EGU0_IRQHandler  app_timer.o
    0x0001f6cc   0x00000024   Code   RO         2766    i.SWI2_EGU2_IRQHandler  softdevice_handler.o
    0x0001f6f0   0x00000058   Code   RO          538    i.SetAllLEDs        flutterled.o
    0x0001f748   0x000002fc   Code   RO         2917    i.SystemInit        system_nrf52.o
    0x0001fa44   0x0000001c   Code   RO         1545    i.UARTE0_UART0_IRQHandler  nrf_drv_uart.o
    0x0001fa60   0x00000060   Code   RO          671    i.UARTInit          flutterblebsp.o
    0x0001fac0   0x0000000c   Code   RO          492    i.UARTReceiveTimerHandler  flutteruart.o
    0x0001facc   0x0000000e   Code   RO         2980    i.__scatterload_copy  mc_w.l(handlers.o)
    0x0001fada   0x00000002   Code   RO         2981    i.__scatterload_null  mc_w.l(handlers.o)
    0x0001fadc   0x0000000e   Code   RO         2982    i.__scatterload_zeroinit  mc_w.l(handlers.o)
    0x0001faea   0x00000002   PAD
    0x0001faec   0x00000024   Code   RO         2767    i.__sd_nvic_app_accessible_irq  softdevice_handler.o
    0x0001fb10   0x00000182   Code   RO          745    i.adv_data_encode   ble_advdata.o
    0x0001fc92   0x00000002   PAD
    0x0001fc94   0x00000058   Code   RO          831    i.adv_mode_next_avail_get  ble_advertising.o
    0x0001fcec   0x00000068   Code   RO          319    i.advertising_init  flutterbleinit.o
    0x0001fd54   0x00000024   Code   RO         1989    i.app_error_fault_handler  app_error_weak.o
    0x0001fd78   0x00000016   Code   RO         1947    i.app_error_handler_bare  app_error.o
    0x0001fd8e   0x00000016   Code   RO         2021    i.app_fifo_get      app_fifo.o
    0x0001fda4   0x00000020   Code   RO         2022    i.app_fifo_init     app_fifo.o
    0x0001fdc4   0x0000001a   Code   RO         2024    i.app_fifo_put      app_fifo.o
    0x0001fdde   0x00000002   PAD
    0x0001fde0   0x00000024   Code   RO         2101    i.app_timer_create  app_timer.o
    0x0001fe04   0x00000070   Code   RO         2102    i.app_timer_init    app_timer.o
    0x0001fe74   0x00000088   Code   RO         2103    i.app_timer_start   app_timer.o
    0x0001fefc   0x00000020   Code   RO         2104    i.app_timer_stop    app_timer.o
    0x0001ff1c   0x00000034   Code   RO         2255    i.app_uart_get      app_uart_fifo.o
    0x0001ff50   0x000000b4   Code   RO         2256    i.app_uart_init     app_uart_fifo.o
    0x00020004   0x0000003c   Code   RO         2257    i.app_uart_put      app_uart_fifo.o
    0x00020040   0x00000048   Code   RO         2319    i.app_util_critical_region_enter  app_util_platform.o
    0x00020088   0x00000034   Code   RO         2320    i.app_util_critical_region_exit  app_util_platform.o
    0x000200bc   0x000000b8   Code   RO         1546    i.apply_config      nrf_drv_uart.o
    0x00020174   0x00000068   Code   RO          746    i.ble_advdata_set   ble_advdata.o
    0x000201dc   0x00000120   Code   RO          832    i.ble_advertising_init  ble_advertising.o
    0x000202fc   0x0000005c   Code   RO          833    i.ble_advertising_on_ble_evt  ble_advertising.o
    0x00020358   0x00000104   Code   RO          837    i.ble_advertising_start  ble_advertising.o
    0x0002045c   0x00000058   Code   RO          922    i.ble_conn_params_init  ble_conn_params.o
    0x000204b4   0x00000084   Code   RO          923    i.ble_conn_params_on_ble_evt  ble_conn_params.o
    0x00020538   0x00000060   Code   RO          747    i.ble_device_addr_encode  ble_advdata.o
    0x00020598   0x00000024   Code   RO          320    i.ble_evt_dispatch  flutterbleinit.o
    0x000205bc   0x00000064   Code   RO         1042    i.ble_nus_init      ble_nus.o
    0x00020620   0x0000005c   Code   RO         1043    i.ble_nus_on_ble_evt  ble_nus.o
    0x0002067c   0x0000004e   Code   RO         1044    i.ble_nus_string_send  ble_nus.o
    0x000206ca   0x00000008   Code   RO          985    i.ble_srv_is_notification_enabled  ble_srv_common.o
    0x000206d2   0x00000002   PAD
    0x000206d4   0x0000005c   Code   RO          321    i.ble_stack_init    flutterbleinit.o
    0x00020730   0x00000010   Code   RO         1305    i.channel_port_get  nrf_drv_gpiote.o
    0x00020740   0x00000028   Code   RO         1090    i.clock_clk_started_notify  nrf_drv_clock.o
    0x00020768   0x000000ac   Code   RO         2106    i.compare_reg_update  app_timer.o
    0x00020814   0x00000088   Code   RO          748    i.conn_int_encode   ble_advdata.o
    0x0002089c   0x00000004   Code   RO          240    i.conn_params_error_handler  flutterblecallbacks.o
    0x000208a0   0x0000004c   Code   RO          322    i.conn_params_init  flutterbleinit.o
    0x000208ec   0x0000005c   Code   RO          925    i.conn_params_negotiation  ble_conn_params.o
    0x00020948   0x000000fc   Code   RO          540    i.convertColorSPIData  flutterled.o
    0x00020a44   0x0000000e   Code   RO          427    i.convert_ascii     fluttername.o
    0x00020a52   0x00000002   PAD
    0x00020a54   0x00000040   Code   RO         2107    i.elapsed_ticks_acquire  app_timer.o
    0x00020a94   0x00000014   Code   RO         2027    i.fifo_get          app_fifo.o
    0x00020aa8   0x00000012   Code   RO         2028    i.fifo_put          app_fifo.o
    0x00020aba   0x00000002   PAD
    0x00020abc   0x00000014   Code   RO         2377    i.fs_queued_op_count_get  fstorage.o
    0x00020ad0   0x00000054   Code   RO          323    i.gap_params_init   flutterbleinit.o
    0x00020b24   0x0000006c   Code   RO          428    i.getDeviceName     fluttername.o
    0x00020b90   0x00000078   Code   RO          542    i.initLEDS          flutterled.o
    0x00020c08   0x00000024   Code   RO          543    i.initLEDZero       flutterled.o
    0x00020c2c   0x00000024   Code   RO          672    i.initializeIO      flutterblebsp.o
    0x00020c50   0x00000078   Code   RO         2768    i.intern_softdevice_events_execute  softdevice_handler.o
    0x00020cc8   0x00000078   Code   RO         1547    i.interrupts_enable  nrf_drv_uart.o
    0x00020d40   0x0000001c   Code   RO          926    i.is_conn_params_ok  ble_conn_params.o
    0x00020d5c   0x000000a8   Code   RO         2108    i.list_deletions_handler  app_timer.o
    0x00020e04   0x000000b8   Code   RO         2109    i.list_insertions_handler  app_timer.o
    0x00020ebc   0x00000044   Code   RO            4    i.main              main.o
    0x00020f00   0x00000064   Code   RO          749    i.manuf_specific_data_encode  ble_advdata.o
    0x00020f64   0x0000009c   Code   RO          750    i.name_encode       ble_advdata.o
    0x00021000   0x00000010   Code   RO         1306    i.nrf_bitmask_bit_is_set  nrf_drv_gpiote.o
    0x00021010   0x0000000e   Code   RO         1094    i.nrf_clock_event_check  nrf_drv_clock.o
    0x0002101e   0x00000010   Code   RO         1095    i.nrf_clock_event_clear  nrf_drv_clock.o
    0x0002102e   0x00000002   PAD
    0x00021030   0x0000008c   Code   RO            5    i.nrf_delay_us      main.o
    0x000210bc   0x0000008c   Code   RO          673    i.nrf_delay_us      flutterblebsp.o
    0x00021148   0x0000008c   Code   RO         2110    i.nrf_delay_us      app_timer.o
    0x000211d4   0x00000048   Code   RO         1102    i.nrf_drv_clock_init  nrf_drv_clock.o
    0x0002121c   0x00000030   Code   RO         1109    i.nrf_drv_clock_on_sd_enable  nrf_drv_clock.o
    0x0002124c   0x0000000a   Code   RO         1110    i.nrf_drv_clock_on_soc_event  nrf_drv_clock.o
    0x00021256   0x00000038   Code   RO         1263    i.nrf_drv_common_irq_enable  nrf_drv_common.o
    0x0002128e   0x00000006   Code   RO         1549    i.nrf_drv_get_IRQn  nrf_drv_uart.o
    0x00021294   0x00000010   Code   RO         1550    i.nrf_drv_is_in_RAM  nrf_drv_uart.o
    0x000212a4   0x00000010   Code   RO         1778    i.nrf_drv_is_in_RAM  nrf_drv_spi.o
    0x000212b4   0x0000011c   Code   RO         1780    i.nrf_drv_spi_init  nrf_drv_spi.o
    0x000213d0   0x0000001c   Code   RO         1782    i.nrf_drv_spi_transfer  nrf_drv_spi.o
    0x000213ec   0x0000005c   Code   RO         1784    i.nrf_drv_spi_xfer  nrf_drv_spi.o
    0x00021448   0x00000068   Code   RO         1552    i.nrf_drv_uart_init  nrf_drv_uart.o
    0x000214b0   0x000000b0   Code   RO         1553    i.nrf_drv_uart_rx   nrf_drv_uart.o
    0x00021560   0x00000030   Code   RO         1556    i.nrf_drv_uart_rx_enable  nrf_drv_uart.o
    0x00021590   0x000000a8   Code   RO         1557    i.nrf_drv_uart_rx_for_uart  nrf_drv_uart.o
    0x00021638   0x000000b0   Code   RO         1558    i.nrf_drv_uart_rx_for_uarte  nrf_drv_uart.o
    0x000216e8   0x0000010c   Code   RO         1559    i.nrf_drv_uart_tx   nrf_drv_uart.o
    0x000217f4   0x00000018   Code   RO         1561    i.nrf_drv_uart_tx_in_progress  nrf_drv_uart.o
    0x0002180c   0x00000024   Code   RO          674    i.nrf_gpio_cfg      flutterblebsp.o
    0x00021830   0x00000024   Code   RO         1563    i.nrf_gpio_cfg      nrf_drv_uart.o
    0x00021854   0x00000024   Code   RO         1785    i.nrf_gpio_cfg      nrf_drv_spi.o
    0x00021878   0x00000012   Code   RO          675    i.nrf_gpio_cfg_input  flutterblebsp.o
    0x0002188a   0x00000012   Code   RO         1565    i.nrf_gpio_cfg_input  nrf_drv_uart.o
    0x0002189c   0x00000014   Code   RO          676    i.nrf_gpio_cfg_output  flutterblebsp.o
    0x000218b0   0x00000014   Code   RO         1566    i.nrf_gpio_cfg_output  nrf_drv_uart.o
    0x000218c4   0x00000014   Code   RO         1786    i.nrf_gpio_cfg_output  nrf_drv_spi.o
    0x000218d8   0x00000022   Code   RO         1332    i.nrf_gpio_cfg_sense_set  nrf_drv_gpiote.o
    0x000218fa   0x0000000e   Code   RO         1787    i.nrf_gpio_pin_set  nrf_drv_spi.o
    0x00021908   0x00000028   Code   RO         1333    i.nrf_gpio_ports_read  nrf_drv_gpiote.o
    0x00021930   0x00000014   Code   RO         1334    i.nrf_gpiote_event_clear  nrf_drv_gpiote.o
    0x00021944   0x00000010   Code   RO         1335    i.nrf_gpiote_event_is_set  nrf_drv_gpiote.o
    0x00021954   0x0000000a   Code   RO         1788    i.nrf_spim_event_check  nrf_drv_spi.o
    0x0002195e   0x0000000a   Code   RO         1567    i.nrf_uart_event_check  nrf_drv_uart.o
    0x00021968   0x0000000c   Code   RO         1568    i.nrf_uart_event_clear  nrf_drv_uart.o
    0x00021974   0x0000000c   Code   RO         1569    i.nrf_uart_int_enable_check  nrf_drv_uart.o
    0x00021980   0x0000000a   Code   RO         1570    i.nrf_uarte_event_check  nrf_drv_uart.o
    0x0002198a   0x0000000c   Code   RO         1571    i.nrf_uarte_event_clear  nrf_drv_uart.o
    0x00021996   0x00000002   PAD
    0x00021998   0x00000030   Code   RO          241    i.nus_data_handler  flutterblecallbacks.o
    0x000219c8   0x0000001a   Code   RO          242    i.on_adv_evt        flutterblecallbacks.o
    0x000219e2   0x00000002   PAD
    0x000219e4   0x000000d0   Code   RO          243    i.on_ble_evt        flutterblecallbacks.o
    0x00021ab4   0x0000001c   Code   RO          244    i.on_conn_params_evt  flutterblecallbacks.o
    0x00021ad0   0x00000028   Code   RO          449    i.readRemainingBytes  flutterblecontrol.o
    0x00021af8   0x00000010   Code   RO          450    i.refreshRGBLED     flutterblecontrol.o
    0x00021b08   0x0000003c   Code   RO         2111    i.rtc1_stop         app_timer.o
    0x00021b44   0x00000032   Code   RO         1573    i.rx_byte           nrf_drv_uart.o
    0x00021b76   0x000000dc   Code   RO         1045    i.rx_char_add       ble_nus.o
    0x00021c52   0x00000018   Code   RO         1574    i.rx_done_event     nrf_drv_uart.o
    0x00021c6a   0x00000020   Code   RO         1575    i.rx_enable         nrf_drv_uart.o
    0x00021c8a   0x00000002   PAD
    0x00021c8c   0x00000070   Code   RO         2770    i.sd_nvic_EnableIRQ  softdevice_handler.o
    0x00021cfc   0x00000030   Code   RO          545    i.sendDataRegisterInit  flutterled.o
    0x00021d2c   0x00000088   Code   RO          751    i.service_data_encode  ble_advdata.o
    0x00021db4   0x00000020   Code   RO          324    i.services_init     flutterbleinit.o
    0x00021dd4   0x0000003c   Code   RO          546    i.setLED2Address    flutterled.o
    0x00021e10   0x00000048   Code   RO          839    i.set_adv_mode_fast  ble_advertising.o
    0x00021e58   0x00000044   Code   RO          840    i.set_adv_mode_slow  ble_advertising.o
    0x00021e9c   0x00000014   Code   RO         2771    i.softdevice_ble_evt_handler_set  softdevice_handler.o
    0x00021eb0   0x00000014   Code   RO         2772    i.softdevice_enable  softdevice_handler.o
    0x00021ec4   0x00000026   Code   RO         2773    i.softdevice_enable_get_default_config  softdevice_handler.o
    0x00021eea   0x00000004   Code   RO         2774    i.softdevice_fault_handler  softdevice_handler.o
    0x00021eee   0x00000002   PAD
    0x00021ef0   0x00000064   Code   RO         2775    i.softdevice_handler_init  softdevice_handler.o
    0x00021f54   0x0000000c   Code   RO         2776    i.softdevice_handler_is_enabled  softdevice_handler.o
    0x00021f60   0x0000000c   Code   RO          547    i.spi_event_handler  flutterled.o
    0x00021f6c   0x000000b2   Code   RO         1789    i.spim_xfer         nrf_drv_spi.o
    0x0002201e   0x00000002   PAD
    0x00022020   0x0000008c   Code   RO         2112    i.timer_list_handler  app_timer.o
    0x000220ac   0x0000003c   Code   RO         2113    i.timer_list_insert  app_timer.o
    0x000220e8   0x00000048   Code   RO         2114    i.timer_stop_op_schedule  app_timer.o
    0x00022130   0x00000084   Code   RO         2115    i.timer_timeouts_check  app_timer.o
    0x000221b4   0x00000030   Code   RO          548    i.transfer_data     flutterled.o
    0x000221e4   0x00000020   Code   RO         1576    i.tx_byte           nrf_drv_uart.o
    0x00022204   0x000000a0   Code   RO         1046    i.tx_char_add       ble_nus.o
    0x000222a4   0x0000001c   Code   RO         1577    i.tx_done_event     nrf_drv_uart.o
    0x000222c0   0x00000058   Code   RO          390    i.uart_event_handle  fluttercallbacks.o
    0x00022318   0x000000a0   Code   RO         2258    i.uart_event_handler  app_uart_fifo.o
    0x000223b8   0x0000011e   Code   RO         1578    i.uart_irq_handler  nrf_drv_uart.o
    0x000224d6   0x000000f0   Code   RO         1579    i.uarte_irq_handler  nrf_drv_uart.o
    0x000225c6   0x0000000a   Code   RO          752    i.uint16_encode     ble_advdata.o
    0x000225d0   0x00000034   Code   RO          549    i.updateColors      flutterled.o
    0x00022604   0x00000058   Code   RO          451    i.updateRGBBuffer   flutterblecontrol.o
    0x0002265c   0x00000060   Code   RO          927    i.update_timeout_handler  ble_conn_params.o
    0x000226bc   0x00000030   Code   RO         2116    i.user_op_alloc     app_timer.o
    0x000226ec   0x00000030   Code   RO          753    i.uuid_list_encode  ble_advdata.o
    0x0002271c   0x0000009e   Code   RO          754    i.uuid_list_sized_encode  ble_advdata.o
    0x000227ba   0x00000002   PAD
    0x000227bc   0x00000004   Data   RO          326    .constdata          flutterbleinit.o
    0x000227c0   0x00000004   Data   RO          496    .constdata          flutteruart.o
    0x000227c4   0x00000014   Data   RO          551    .constdata          flutterled.o
    0x000227d8   0x00000018   Data   RO          678    .constdata          flutterblebsp.o
    0x000227f0   0x00000004   Data   RO          930    .constdata          ble_conn_params.o
    0x000227f4   0x00000010   Data   RO         1047    .constdata          ble_nus.o
    0x00022804   0x00000004   Data   RO         1339    .constdata          nrf_drv_gpiote.o
    0x00022808   0x00000020   Data   RO         2260    .constdata          app_uart_fifo.o
    0x00022828   0x00000020   Data   RO         2978    Region$$Table       anon$$obj.o


    Execution Region RW_IRAM1 (Base: 0x20002128, Size: 0x00002830, Max: 0x0000ded8, ABSOLUTE)

    Base Addr    Size         Type   Attr      Idx    E Section Name        Object

    0x20002128   0x00000001   Data   RW            9    .data               main.o
    0x20002129   0x00000001   Data   RW           10    .data               main.o
    0x2000212a   0x00000001   Data   RW           11    .data               main.o
    0x2000212b   0x00000001   Data   RW           12    .data               main.o
    0x2000212c   0x00000002   Data   RW          245    .data               flutterblecallbacks.o
    0x2000212e   0x00000004   Data   RW          327    .data               flutterbleinit.o
    0x20002132   0x00000001   Data   RW          392    .data               fluttercallbacks.o
    0x20002133   0x00000001   PAD
    0x20002134   0x0000000c   Data   RW          552    .data               flutterled.o
    0x20002140   0x0000001f   Data   RW          842    .data               ble_advertising.o
    0x2000215f   0x00000001   PAD
    0x20002160   0x00000014   Data   RW          931    .data               ble_conn_params.o
    0x20002174   0x00000020   Data   RW         2117    .data               app_timer.o
    0x20002194   0x00000010   Data   RW         2261    .data               app_uart_fifo.o
    0x200021a4   0x00000014   Data   RW         2782    .data               softdevice_handler.o
    0x200021b8   0x00000004   Data   RW         2918    .data               system_nrf52.o
    0x200021bc   0x00000078   Zero   RW            6    .bss                main.o
    0x20002234   0x000000ff   Zero   RW            7    .bss                main.o
    0x20002333   0x00000001   PAD
    0x20002334   0x0000001c   Zero   RW            8    .bss                main.o
    0x20002350   0x00000050   Zero   RW          325    .bss                flutterbleinit.o
    0x200023a0   0x00000014   Zero   RW          391    .bss                fluttercallbacks.o
    0x200023b4   0x00000014   Zero   RW          429    .bss                fluttername.o
    0x200023c8   0x0000005c   Zero   RW          452    .bss                flutterblecontrol.o
    0x20002424   0x00000020   Zero   RW          495    .bss                flutteruart.o
    0x20002444   0x000000e0   Zero   RW          550    .bss                flutterled.o
    0x20002524   0x00000200   Zero   RW          677    .bss                flutterblebsp.o
    0x20002724   0x000000b3   Zero   RW          841    .bss                ble_advertising.o
    0x200027d7   0x00000001   PAD
    0x200027d8   0x00000020   Zero   RW          928    .bss                ble_conn_params.o
    0x200027f8   0x0000001c   Zero   RW          929    .bss                ble_conn_params.o
    0x20002814   0x00000014   Zero   RW         1112    .bss                nrf_drv_clock.o
    0x20002828   0x00000058   Zero   RW         1338    .bss                nrf_drv_gpiote.o
    0x20002880   0x00000020   Zero   RW         1580    .bss                nrf_drv_uart.o
    0x200028a0   0x00000020   Zero   RW         1790    .bss                nrf_drv_spi.o
    0x200028c0   0x00000020   Zero   RW         2259    .bss                app_uart_fifo.o
    0x200028e0   0x0000000c   Zero   RW         2323    .bss                app_util_platform.o
    0x200028ec   0x00000068   Zero   RW         2386    .bss                fstorage.o
    0x20002954   0x00000004   PAD
    0x20002958   0x00002000   Zero   RW         2906    STACK               arm_startup_nrf52.o


==============================================================================

Image component sizes


      Code (inc. data)   RO Data    RW Data    ZI Data      Debug   Object Name

        22          0          0          0          0       2145   app_error.o
        36         10          0          0          0      27305   app_error_weak.o
       118          0          0          0          0       4614   app_fifo.o
      1694        114          0         32          0      63271   app_timer.o
       452         42         32         16         32      10378   app_uart_fifo.o
       124         14          0          0         12       9214   app_util_platform.o
        36          8        512          0       8192        904   arm_startup_nrf52.o
      1330          0          0          0          0      30068   ble_advdata.o
       868         54          0         31        179       9284   ble_advertising.o
       436         54          4         20         60       5452   ble_conn_params.o
       650          6         16          0          0       5502   ble_nus.o
         8          0          0          0          0       1306   ble_srv_common.o
       346         24         24          0        512       8150   flutterblebsp.o
       314         16          0          2          0       9127   flutterblecallbacks.o
       336         24          0          0         92       3825   flutterblecontrol.o
       450         42          4          4         80       6957   flutterbleinit.o
        88         16          0          1         20        752   fluttercallbacks.o
       808         78         20         12        224      12800   flutterled.o
       122          6          0          0         20       1680   fluttername.o
        48         12          4          0         32       1875   flutteruart.o
        20          4          0          0        104       3572   fstorage.o
       208         12          0          4        403     111700   main.o
       288         22          0          0         20      12016   nrf_drv_clock.o
        56          0          0          0          0      27507   nrf_drv_common.o
       514         30          4          0         88      20028   nrf_drv_gpiote.o
       750         22          0          0         32      19568   nrf_drv_spi.o
      2140         66          0          0         32      40349   nrf_drv_uart.o
       542         46          0         20          0      42219   softdevice_handler.o
       764         64          0          4          0       2879   system_nrf52.o

    ----------------------------------------------------------------------
     13596        786        652        148      10140     494447   Object Totals
         0          0         32          0          0          0   (incl. Generated)
        28          0          0          2          6          0   (incl. Padding)

    ----------------------------------------------------------------------

      Code (inc. data)   RO Data    RW Data    ZI Data      Debug   Library Member Name

         0          0          0          0          0          0   entry.o
         0          0          0          0          0          0   entry10a.o
         0          0          0          0          0          0   entry11a.o
         8          4          0          0          0          0   entry2.o
         4          0          0          0          0          0   entry5.o
         0          0          0          0          0          0   entry7b.o
         0          0          0          0          0          0   entry8b.o
         8          4          0          0          0          0   entry9a.o
        30          0          0          0          0          0   handlers.o
        36          8          0          0          0         68   init.o
        36          0          0          0          0         68   memcpya.o
        36          0          0          0          0        108   memseta.o

    ----------------------------------------------------------------------
       160         16          0          0          0        244   Library Totals
         2          0          0          0          0          0   (incl. Padding)

    ----------------------------------------------------------------------

      Code (inc. data)   RO Data    RW Data    ZI Data      Debug   Library Name

       158         16          0          0          0        244   mc_w.l

    ----------------------------------------------------------------------
       160         16          0          0          0        244   Library Totals

    ----------------------------------------------------------------------

==============================================================================


      Code (inc. data)   RO Data    RW Data    ZI Data      Debug   

     13756        802        652        148      10140     478743   Grand Totals
     13756        802        652        148      10140     478743   ELF Image Totals
     13756        802        652        148          0          0   ROM Totals

==============================================================================

    Total RO  Size (Code + RO Data)                14408 (  14.07kB)
    Total RW  Size (RW Data + ZI Data)             10288 (  10.05kB)
    Total ROM Size (Code + RO Data + RW Data)      14556 (  14.21kB)

==============================================================================

